make.log                                                                                            0100644 0001750 0001750 00001137002 13750451261 010727  0                                                                                                    ustar 00                                                                0000000 0000000                                                                                                                                                                        make link
make[1]: ディレクトリ '/home/basd4g/dotfiles' に入ります
bash bin/link.sh
symlink already exist. /home/basd4g/dotfiles/.xprofile  -> /home/basd4g/.xprofile
symlink already exist. /home/basd4g/dotfiles/.test  -> /home/basd4g/.test
symlink already exist. /home/basd4g/dotfiles/.zprofile  -> /home/basd4g/.zprofile
symlink already exist. /home/basd4g/dotfiles/.Xmodmap  -> /home/basd4g/.Xmodmap
symlink already exist. /home/basd4g/dotfiles/.gitconfig  -> /home/basd4g/.gitconfig
mkdir -p /home/basd4g/.dein
symlink already exist. /home/basd4g/dotfiles/.dein/dein.toml  -> /home/basd4g/.dein/dein.toml
mkdir -p /home/basd4g/.dein
symlink already exist. /home/basd4g/dotfiles/.dein/init.vim  -> /home/basd4g/.dein/init.vim
mkdir -p /home/basd4g/.dein
symlink already exist. /home/basd4g/dotfiles/.dein/dein_lazy.toml  -> /home/basd4g/.dein/dein_lazy.toml
symlink already exist. /home/basd4g/dotfiles/.gdbinit  -> /home/basd4g/.gdbinit
symlink already exist. /home/basd4g/dotfiles/.vimrc  -> /home/basd4g/.vimrc
symlink already exist. /home/basd4g/dotfiles/.hyper.js  -> /home/basd4g/.hyper.js
symlink already exist. /home/basd4g/dotfiles/.tmux.conf  -> /home/basd4g/.tmux.conf
mkdir -p /home/basd4g/.config/yarn/global
symlink already exist. /home/basd4g/dotfiles/.config/yarn/global/yarn.lock  -> /home/basd4g/.config/yarn/global/yarn.lock
mkdir -p /home/basd4g/.config/yarn/global
symlink already exist. /home/basd4g/dotfiles/.config/yarn/global/package.json  -> /home/basd4g/.config/yarn/global/package.json
mkdir -p /home/basd4g/.config/karabiner/assets/complex_modifications
symlink already exist. /home/basd4g/dotfiles/.config/karabiner/assets/complex_modifications/basd4g-karabiner.json  -> /home/basd4g/.config/karabiner/assets/complex_modifications/basd4g-karabiner.json
symlink already exist. /home/basd4g/dotfiles/.zshrc  -> /home/basd4g/.zshrc
symlink already exist. /home/basd4g/dotfiles/.tmux-ide.sh  -> /home/basd4g/.tmux-ide.sh
symlink already exist. /home/basd4g/dotfiles/.zshenv  -> /home/basd4g/.zshenv
make[1]: ディレクトリ '/home/basd4g/dotfiles' から出ます
make packages-mini
make[1]: ディレクトリ '/home/basd4g/dotfiles' に入ります
bash bin/ubuntu-packages.sh minimum
Install packages
Install packages for CUI
パッケージリストを読み込んでいます...
依存関係ツリーを作成しています...
状態情報を読み取っています...
E: パッケージ curl が見つかりません
bin/ubuntu-packages.sh: 行 4: curl: コマンドが見つかりません
取得:1 http://ftp.jaist.ac.jp/pub/Linux/ubuntu focal InRelease [265 kB]
取得:2 http://ftp.jaist.ac.jp/pub/Linux/ubuntu focal-updates InRelease [111 kB]
取得:3 http://security.ubuntu.com/ubuntu focal-security InRelease [107 kB]
取得:4 http://ftp.jaist.ac.jp/pub/Linux/ubuntu focal-backports InRelease [98.3 kB]
取得:5 http://ftp.jaist.ac.jp/pub/Linux/ubuntu focal/universe amd64 Packages [11.3 MB]
取得:6 http://security.ubuntu.com/ubuntu focal-security/main amd64 Packages [441 kB]
取得:7 http://security.ubuntu.com/ubuntu focal-security/restricted amd64 Packages [85.3 kB]
取得:8 http://security.ubuntu.com/ubuntu focal-security/multiverse amd64 Packages [1,170 B]
取得:9 http://security.ubuntu.com/ubuntu focal-security/universe amd64 Packages [639 kB]
取得:10 http://ftp.jaist.ac.jp/pub/Linux/ubuntu focal/restricted amd64 Packages [33.4 kB]
取得:11 http://ftp.jaist.ac.jp/pub/Linux/ubuntu focal/multiverse amd64 Packages [177 kB]
取得:12 http://ftp.jaist.ac.jp/pub/Linux/ubuntu focal/main amd64 Packages [1,275 kB]
取得:13 http://ftp.jaist.ac.jp/pub/Linux/ubuntu focal-updates/main amd64 Packages [809 kB]
取得:14 http://ftp.jaist.ac.jp/pub/Linux/ubuntu focal-updates/restricted amd64 Packages [107 kB]
取得:15 http://ftp.jaist.ac.jp/pub/Linux/ubuntu focal-updates/universe amd64 Packages [857 kB]
取得:16 http://ftp.jaist.ac.jp/pub/Linux/ubuntu focal-updates/multiverse amd64 Packages [22.2 kB]
取得:17 http://ftp.jaist.ac.jp/pub/Linux/ubuntu focal-backports/universe amd64 Packages [4,277 B]
16.4 MB を 16秒 で取得しました (1,036 kB/s)
パッケージリストを読み込んでいます...
パッケージリストを読み込んでいます...
依存関係ツリーを作成しています...
状態情報を読み取っています...
アップグレードパッケージを検出しています...
以下のパッケージはアップグレードされます:
  libsystemd0 libudev1
アップグレード: 2 個、新規インストール: 0 個、 削除: 0 個、保留: 0 個。
352 kB のアーカイブを取得する必要があります。
この操作後に追加で 12.3 kB のディスク容量が消費されます。
取得:1 http://ftp.jaist.ac.jp/pub/Linux/ubuntu focal-updates/main amd64 libsystemd0 amd64 245.4-4ubuntu3.3 [272 kB]
取得:2 http://ftp.jaist.ac.jp/pub/Linux/ubuntu focal-updates/main amd64 libudev1 amd64 245.4-4ubuntu3.3 [79.8 kB]
debconf: unable to initialize frontend: Dialog
debconf: (No usable dialog-like program is installed, so the dialog based frontend cannot be used. at /usr/share/perl5/Debconf/FrontEnd/Dialog.pm line 76, <> line 2.)
debconf: falling back to frontend: Readline
352 kB を 1秒 で取得しました (657 kB/s)
(データベースを読み込んでいます ... (データベースを読み込んでいます ... 5%(データベースを読み込んでいます ... 10%(データベースを読み込んでいます ... 15%(データベースを読み込んでいます ... 20%(データベースを読み込んでいます ... 25%(データベースを読み込んでいます ... 30%(データベースを読み込んでいます ... 35%(データベースを読み込んでいます ... 40%(データベースを読み込んでいます ... 45%(データベースを読み込んでいます ... 50%(データベースを読み込んでいます ... 55%(データベースを読み込んでいます ... 60%(データベースを読み込んでいます ... 65%(データベースを読み込んでいます ... 70%(データベースを読み込んでいます ... 75%(データベースを読み込んでいます ... 80%(データベースを読み込んでいます ... 85%(データベースを読み込んでいます ... 90%(データベースを読み込んでいます ... 95%(データベースを読み込んでいます ... 100%(データベースを読み込んでいます ... 現在 17808 個のファイルとディレクトリがインストールされています。)
.../libsystemd0_245.4-4ubuntu3.3_amd64.deb を展開する準備をしています ...
libsystemd0:amd64 (245.4-4ubuntu3.3) で (245.4-4ubuntu3.2 に) 上書き展開しています ...
libsystemd0:amd64 (245.4-4ubuntu3.3) を設定しています ...
(データベースを読み込んでいます ... (データベースを読み込んでいます ... 5%(データベースを読み込んでいます ... 10%(データベースを読み込んでいます ... 15%(データベースを読み込んでいます ... 20%(データベースを読み込んでいます ... 25%(データベースを読み込んでいます ... 30%(データベースを読み込んでいます ... 35%(データベースを読み込んでいます ... 40%(データベースを読み込んでいます ... 45%(データベースを読み込んでいます ... 50%(データベースを読み込んでいます ... 55%(データベースを読み込んでいます ... 60%(データベースを読み込んでいます ... 65%(データベースを読み込んでいます ... 70%(データベースを読み込んでいます ... 75%(データベースを読み込んでいます ... 80%(データベースを読み込んでいます ... 85%(データベースを読み込んでいます ... 90%(データベースを読み込んでいます ... 95%(データベースを読み込んでいます ... 100%(データベースを読み込んでいます ... 現在 17808 個のファイルとディレクトリがインストールされています。)
.../libudev1_245.4-4ubuntu3.3_amd64.deb を展開する準備をしています ...
libudev1:amd64 (245.4-4ubuntu3.3) で (245.4-4ubuntu3.2 に) 上書き展開しています ...
libudev1:amd64 (245.4-4ubuntu3.3) を設定しています ...
libc-bin (2.31-0ubuntu9.1) のトリガを処理しています ...
パッケージリストを読み込んでいます...
依存関係ツリーを作成しています...
状態情報を読み取っています...
以下の追加パッケージがインストールされます:
  libc-ares2 libicu66 libnode64 libuv1 nodejs-doc
提案パッケージ:
  npm
以下のパッケージが新たにインストールされます:
  libc-ares2 libicu66 libnode64 libuv1 nodejs nodejs-doc
アップグレード: 0 個、新規インストール: 6 個、 削除: 0 個、保留: 0 個。
15.4 MB のアーカイブを取得する必要があります。
この操作後に追加で 64.5 MB のディスク容量が消費されます。
取得:1 http://ftp.jaist.ac.jp/pub/Linux/ubuntu focal/main amd64 libicu66 amd64 66.1-2ubuntu2 [8,520 kB]
取得:2 http://ftp.jaist.ac.jp/pub/Linux/ubuntu focal-updates/main amd64 libuv1 amd64 1.34.2-1ubuntu1.1 [80.4 kB]
取得:3 http://ftp.jaist.ac.jp/pub/Linux/ubuntu focal/main amd64 libc-ares2 amd64 1.15.0-1build1 [37.8 kB]
取得:4 http://ftp.jaist.ac.jp/pub/Linux/ubuntu focal/universe amd64 libnode64 amd64 10.19.0~dfsg-3ubuntu1 [5,765 kB]
取得:5 http://ftp.jaist.ac.jp/pub/Linux/ubuntu focal/universe amd64 nodejs-doc all 10.19.0~dfsg-3ubuntu1 [942 kB]
取得:6 http://ftp.jaist.ac.jp/pub/Linux/ubuntu focal/universe amd64 nodejs amd64 10.19.0~dfsg-3ubuntu1 [61.1 kB]
debconf: unable to initialize frontend: Dialog
debconf: (No usable dialog-like program is installed, so the dialog based frontend cannot be used. at /usr/share/perl5/Debconf/FrontEnd/Dialog.pm line 76, <> line 6.)
debconf: falling back to frontend: Readline
15.4 MB を 25秒 で取得しました (627 kB/s)
以前に未選択のパッケージ libicu66:amd64 を選択しています。
(データベースを読み込んでいます ... (データベースを読み込んでいます ... 5%(データベースを読み込んでいます ... 10%(データベースを読み込んでいます ... 15%(データベースを読み込んでいます ... 20%(データベースを読み込んでいます ... 25%(データベースを読み込んでいます ... 30%(データベースを読み込んでいます ... 35%(データベースを読み込んでいます ... 40%(データベースを読み込んでいます ... 45%(データベースを読み込んでいます ... 50%(データベースを読み込んでいます ... 55%(データベースを読み込んでいます ... 60%(データベースを読み込んでいます ... 65%(データベースを読み込んでいます ... 70%(データベースを読み込んでいます ... 75%(データベースを読み込んでいます ... 80%(データベースを読み込んでいます ... 85%(データベースを読み込んでいます ... 90%(データベースを読み込んでいます ... 95%(データベースを読み込んでいます ... 100%(データベースを読み込んでいます ... 現在 17808 個のファイルとディレクトリがインストールされています。)
.../0-libicu66_66.1-2ubuntu2_amd64.deb を展開する準備をしています ...
libicu66:amd64 (66.1-2ubuntu2) を展開しています...
以前に未選択のパッケージ libuv1:amd64 を選択しています。
.../1-libuv1_1.34.2-1ubuntu1.1_amd64.deb を展開する準備をしています ...
libuv1:amd64 (1.34.2-1ubuntu1.1) を展開しています...
以前に未選択のパッケージ libc-ares2:amd64 を選択しています。
.../2-libc-ares2_1.15.0-1build1_amd64.deb を展開する準備をしています ...
libc-ares2:amd64 (1.15.0-1build1) を展開しています...
以前に未選択のパッケージ libnode64:amd64 を選択しています。
.../3-libnode64_10.19.0~dfsg-3ubuntu1_amd64.deb を展開する準備をしています ...
libnode64:amd64 (10.19.0~dfsg-3ubuntu1) を展開しています...
以前に未選択のパッケージ nodejs-doc を選択しています。
.../4-nodejs-doc_10.19.0~dfsg-3ubuntu1_all.deb を展開する準備をしています ...
nodejs-doc (10.19.0~dfsg-3ubuntu1) を展開しています...
以前に未選択のパッケージ nodejs を選択しています。
.../5-nodejs_10.19.0~dfsg-3ubuntu1_amd64.deb を展開する準備をしています ...
nodejs (10.19.0~dfsg-3ubuntu1) を展開しています...
libicu66:amd64 (66.1-2ubuntu2) を設定しています ...
libc-ares2:amd64 (1.15.0-1build1) を設定しています ...
libuv1:amd64 (1.34.2-1ubuntu1.1) を設定しています ...
libnode64:amd64 (10.19.0~dfsg-3ubuntu1) を設定しています ...
nodejs-doc (10.19.0~dfsg-3ubuntu1) を設定しています ...
nodejs (10.19.0~dfsg-3ubuntu1) を設定しています ...
update-alternatives: /usr/bin/js (js) を提供するために自動モードで /usr/bin/nodejs を使います
update-alternatives: 警告: 関連する (リンクグループ js の) ファイル /usr/share/man/man1/nodejs.1.gz が存在しないので、/usr/share/man/man1/js.1.gz の作成をスキップします
libc-bin (2.31-0ubuntu9.1) のトリガを処理しています ...
bin/ubuntu-packages.sh: 行 11: add-apt-repository: コマンドが見つかりません
パッケージリストを読み込んでいます...
依存関係ツリーを作成しています...
状態情報を読み取っています...
git はすでに最新バージョン (1:2.25.1-1ubuntu3) です。
アップグレード: 0 個、新規インストール: 0 個、 削除: 0 個、保留: 0 個。
bin/ubuntu-packages.sh: 行 16: curl: コマンドが見つかりません
E: gnupg, gnupg2 and gnupg1 do not seem to be installed, but one of them is required for this operation
grep: /etc/apt/sources.list.d/yarn.list: そのようなファイルやディレクトリはありません
ヒット:1 http://ftp.jaist.ac.jp/pub/Linux/ubuntu focal InRelease
ヒット:2 http://ftp.jaist.ac.jp/pub/Linux/ubuntu focal-updates InRelease
ヒット:3 http://ftp.jaist.ac.jp/pub/Linux/ubuntu focal-backports InRelease
取得:4 https://dl.yarnpkg.com/debian stable InRelease [17.1 kB]
ヒット:5 http://security.ubuntu.com/ubuntu focal-security InRelease
エラー:4 https://dl.yarnpkg.com/debian stable InRelease
  公開鍵を利用できないため、以下の署名は検証できませんでした: NO_PUBKEY 23E7166788B63E1E
パッケージリストを読み込んでいます...
W: GPG エラー: https://dl.yarnpkg.com/debian stable InRelease: 公開鍵を利用できないため、以下の署名は検証できませんでした: NO_PUBKEY 23E7166788B63E1E
E: リポジトリ https://dl.yarnpkg.com/debian stable InRelease は署名されていません。
パッケージリストを読み込んでいます...
依存関係ツリーを作成しています...
状態情報を読み取っています...
以下の追加パッケージがインストールされます:
  file libmagic-mgc libmagic1 libmpdec2 libpython3-stdlib libpython3.8-minimal
  libpython3.8-stdlib libreadline8 libyaml-0-2 mime-support python3
  python3-cliapp python3-markdown python3-minimal python3-packaging
  python3-pkg-resources python3-pygments python3-pyparsing python3-six
  python3-ttystatus python3-yaml python3.8 python3.8-minimal readline-common
  xz-utils
提案パッケージ:
  python3-doc python3-tk python3-venv python3-xdg python-markdown-doc
  python3-setuptools python-pygments-doc ttf-bitstream-vera
  python-pyparsing-doc python3.8-venv python3.8-doc binutils binfmt-support
  readline-doc
以下のパッケージが新たにインストールされます:
  cmdtest file libmagic-mgc libmagic1 libmpdec2 libpython3-stdlib
  libpython3.8-minimal libpython3.8-stdlib libreadline8 libyaml-0-2
  mime-support python3 python3-cliapp python3-markdown python3-minimal
  python3-packaging python3-pkg-resources python3-pygments python3-pyparsing
  python3-six python3-ttystatus python3-yaml python3.8 python3.8-minimal
  readline-common xz-utils
アップグレード: 0 個、新規インストール: 26 個、 削除: 0 個、保留: 0 個。
6,566 kB のアーカイブを取得する必要があります。
この操作後に追加で 32.6 MB のディスク容量が消費されます。
取得:1 http://ftp.jaist.ac.jp/pub/Linux/ubuntu focal-updates/main amd64 libpython3.8-minimal amd64 3.8.5-1~20.04 [714 kB]
取得:2 http://ftp.jaist.ac.jp/pub/Linux/ubuntu focal-updates/main amd64 python3.8-minimal amd64 3.8.5-1~20.04 [1,898 kB]
取得:3 http://ftp.jaist.ac.jp/pub/Linux/ubuntu focal/main amd64 python3-minimal amd64 3.8.2-0ubuntu2 [23.6 kB]
取得:4 http://ftp.jaist.ac.jp/pub/Linux/ubuntu focal/main amd64 mime-support all 3.64ubuntu1 [30.6 kB]
取得:5 http://ftp.jaist.ac.jp/pub/Linux/ubuntu focal/main amd64 libmpdec2 amd64 2.4.2-3 [81.1 kB]
取得:6 http://ftp.jaist.ac.jp/pub/Linux/ubuntu focal/main amd64 readline-common all 8.0-4 [53.5 kB]
取得:7 http://ftp.jaist.ac.jp/pub/Linux/ubuntu focal/main amd64 libreadline8 amd64 8.0-4 [131 kB]
取得:8 http://ftp.jaist.ac.jp/pub/Linux/ubuntu focal-updates/main amd64 libpython3.8-stdlib amd64 3.8.5-1~20.04 [1,671 kB]
取得:9 http://ftp.jaist.ac.jp/pub/Linux/ubuntu focal-updates/main amd64 python3.8 amd64 3.8.5-1~20.04 [373 kB]
取得:10 http://ftp.jaist.ac.jp/pub/Linux/ubuntu focal/main amd64 libpython3-stdlib amd64 3.8.2-0ubuntu2 [7,068 B]
取得:11 http://ftp.jaist.ac.jp/pub/Linux/ubuntu focal/main amd64 python3 amd64 3.8.2-0ubuntu2 [47.6 kB]
取得:12 http://ftp.jaist.ac.jp/pub/Linux/ubuntu focal/main amd64 libmagic-mgc amd64 1:5.38-4 [218 kB]
取得:13 http://ftp.jaist.ac.jp/pub/Linux/ubuntu focal/main amd64 libmagic1 amd64 1:5.38-4 [75.9 kB]
取得:14 http://ftp.jaist.ac.jp/pub/Linux/ubuntu focal/main amd64 file amd64 1:5.38-4 [23.3 kB]
取得:15 http://ftp.jaist.ac.jp/pub/Linux/ubuntu focal/main amd64 libyaml-0-2 amd64 0.2.2-1 [48.9 kB]
取得:16 http://ftp.jaist.ac.jp/pub/Linux/ubuntu focal/main amd64 python3-pkg-resources all 45.2.0-1 [130 kB]
取得:17 http://ftp.jaist.ac.jp/pub/Linux/ubuntu focal/main amd64 python3-six all 1.14.0-2 [12.1 kB]
取得:18 http://ftp.jaist.ac.jp/pub/Linux/ubuntu focal/main amd64 python3-yaml amd64 5.3.1-1 [135 kB]
取得:19 http://ftp.jaist.ac.jp/pub/Linux/ubuntu focal-updates/main amd64 xz-utils amd64 5.2.4-1ubuntu1 [82.5 kB]
取得:20 http://ftp.jaist.ac.jp/pub/Linux/ubuntu focal/universe amd64 python3-cliapp all 1.20180812.1-3build1 [44.5 kB]
取得:21 http://ftp.jaist.ac.jp/pub/Linux/ubuntu focal/main amd64 python3-pyparsing all 2.4.6-1 [61.3 kB]
取得:22 http://ftp.jaist.ac.jp/pub/Linux/ubuntu focal/main amd64 python3-packaging all 20.3-1 [26.8 kB]
取得:23 http://ftp.jaist.ac.jp/pub/Linux/ubuntu focal/main amd64 python3-markdown all 3.1.1-3 [59.3 kB]
取得:24 http://ftp.jaist.ac.jp/pub/Linux/ubuntu focal/universe amd64 python3-ttystatus all 0.38-4 [14.7 kB]
取得:25 http://ftp.jaist.ac.jp/pub/Linux/ubuntu focal/universe amd64 cmdtest all 0.32.14.gcdfe14e-1 [21.8 kB]
取得:26 http://ftp.jaist.ac.jp/pub/Linux/ubuntu focal/main amd64 python3-pygments all 2.3.1+dfsg-1ubuntu2 [579 kB]
debconf: unable to initialize frontend: Dialog
debconf: (No usable dialog-like program is installed, so the dialog based frontend cannot be used. at /usr/share/perl5/Debconf/FrontEnd/Dialog.pm line 76, <> line 26.)
debconf: falling back to frontend: Readline
6,566 kB を 8秒 で取得しました (874 kB/s)
以前に未選択のパッケージ libpython3.8-minimal:amd64 を選択しています。
(データベースを読み込んでいます ... (データベースを読み込んでいます ... 5%(データベースを読み込んでいます ... 10%(データベースを読み込んでいます ... 15%(データベースを読み込んでいます ... 20%(データベースを読み込んでいます ... 25%(データベースを読み込んでいます ... 30%(データベースを読み込んでいます ... 35%(データベースを読み込んでいます ... 40%(データベースを読み込んでいます ... 45%(データベースを読み込んでいます ... 50%(データベースを読み込んでいます ... 55%(データベースを読み込んでいます ... 60%(データベースを読み込んでいます ... 65%(データベースを読み込んでいます ... 70%(データベースを読み込んでいます ... 75%(データベースを読み込んでいます ... 80%(データベースを読み込んでいます ... 85%(データベースを読み込んでいます ... 90%(データベースを読み込んでいます ... 95%(データベースを読み込んでいます ... 100%(データベースを読み込んでいます ... 現在 17961 個のファイルとディレクトリがインストールされています。)
.../libpython3.8-minimal_3.8.5-1~20.04_amd64.deb を展開する準備をしています ...
libpython3.8-minimal:amd64 (3.8.5-1~20.04) を展開しています...
以前に未選択のパッケージ python3.8-minimal を選択しています。
.../python3.8-minimal_3.8.5-1~20.04_amd64.deb を展開する準備をしています ...
python3.8-minimal (3.8.5-1~20.04) を展開しています...
libpython3.8-minimal:amd64 (3.8.5-1~20.04) を設定しています ...
python3.8-minimal (3.8.5-1~20.04) を設定しています ...
以前に未選択のパッケージ python3-minimal を選択しています。
(データベースを読み込んでいます ... (データベースを読み込んでいます ... 5%(データベースを読み込んでいます ... 10%(データベースを読み込んでいます ... 15%(データベースを読み込んでいます ... 20%(データベースを読み込んでいます ... 25%(データベースを読み込んでいます ... 30%(データベースを読み込んでいます ... 35%(データベースを読み込んでいます ... 40%(データベースを読み込んでいます ... 45%(データベースを読み込んでいます ... 50%(データベースを読み込んでいます ... 55%(データベースを読み込んでいます ... 60%(データベースを読み込んでいます ... 65%(データベースを読み込んでいます ... 70%(データベースを読み込んでいます ... 75%(データベースを読み込んでいます ... 80%(データベースを読み込んでいます ... 85%(データベースを読み込んでいます ... 90%(データベースを読み込んでいます ... 95%(データベースを読み込んでいます ... 100%(データベースを読み込んでいます ... 現在 18244 個のファイルとディレクトリがインストールされています。)
.../0-python3-minimal_3.8.2-0ubuntu2_amd64.deb を展開する準備をしています ...
python3-minimal (3.8.2-0ubuntu2) を展開しています...
以前に未選択のパッケージ mime-support を選択しています。
.../1-mime-support_3.64ubuntu1_all.deb を展開する準備をしています ...
mime-support (3.64ubuntu1) を展開しています...
以前に未選択のパッケージ libmpdec2:amd64 を選択しています。
.../2-libmpdec2_2.4.2-3_amd64.deb を展開する準備をしています ...
libmpdec2:amd64 (2.4.2-3) を展開しています...
以前に未選択のパッケージ readline-common を選択しています。
.../3-readline-common_8.0-4_all.deb を展開する準備をしています ...
readline-common (8.0-4) を展開しています...
以前に未選択のパッケージ libreadline8:amd64 を選択しています。
.../4-libreadline8_8.0-4_amd64.deb を展開する準備をしています ...
libreadline8:amd64 (8.0-4) を展開しています...
以前に未選択のパッケージ libpython3.8-stdlib:amd64 を選択しています。
.../5-libpython3.8-stdlib_3.8.5-1~20.04_amd64.deb を展開する準備をしています ...
libpython3.8-stdlib:amd64 (3.8.5-1~20.04) を展開しています...
以前に未選択のパッケージ python3.8 を選択しています。
.../6-python3.8_3.8.5-1~20.04_amd64.deb を展開する準備をしています ...
python3.8 (3.8.5-1~20.04) を展開しています...
以前に未選択のパッケージ libpython3-stdlib:amd64 を選択しています。
.../7-libpython3-stdlib_3.8.2-0ubuntu2_amd64.deb を展開する準備をしています ...
libpython3-stdlib:amd64 (3.8.2-0ubuntu2) を展開しています...
python3-minimal (3.8.2-0ubuntu2) を設定しています ...
以前に未選択のパッケージ python3 を選択しています。
(データベースを読み込んでいます ... (データベースを読み込んでいます ... 5%(データベースを読み込んでいます ... 10%(データベースを読み込んでいます ... 15%(データベースを読み込んでいます ... 20%(データベースを読み込んでいます ... 25%(データベースを読み込んでいます ... 30%(データベースを読み込んでいます ... 35%(データベースを読み込んでいます ... 40%(データベースを読み込んでいます ... 45%(データベースを読み込んでいます ... 50%(データベースを読み込んでいます ... 55%(データベースを読み込んでいます ... 60%(データベースを読み込んでいます ... 65%(データベースを読み込んでいます ... 70%(データベースを読み込んでいます ... 75%(データベースを読み込んでいます ... 80%(データベースを読み込んでいます ... 85%(データベースを読み込んでいます ... 90%(データベースを読み込んでいます ... 95%(データベースを読み込んでいます ... 100%(データベースを読み込んでいます ... 現在 18668 個のファイルとディレクトリがインストールされています。)
.../00-python3_3.8.2-0ubuntu2_amd64.deb を展開する準備をしています ...
python3 (3.8.2-0ubuntu2) を展開しています...
以前に未選択のパッケージ libmagic-mgc を選択しています。
.../01-libmagic-mgc_1%3a5.38-4_amd64.deb を展開する準備をしています ...
libmagic-mgc (1:5.38-4) を展開しています...
以前に未選択のパッケージ libmagic1:amd64 を選択しています。
.../02-libmagic1_1%3a5.38-4_amd64.deb を展開する準備をしています ...
libmagic1:amd64 (1:5.38-4) を展開しています...
以前に未選択のパッケージ file を選択しています。
.../03-file_1%3a5.38-4_amd64.deb を展開する準備をしています ...
file (1:5.38-4) を展開しています...
以前に未選択のパッケージ libyaml-0-2:amd64 を選択しています。
.../04-libyaml-0-2_0.2.2-1_amd64.deb を展開する準備をしています ...
libyaml-0-2:amd64 (0.2.2-1) を展開しています...
以前に未選択のパッケージ python3-pkg-resources を選択しています。
.../05-python3-pkg-resources_45.2.0-1_all.deb を展開する準備をしています ...
python3-pkg-resources (45.2.0-1) を展開しています...
以前に未選択のパッケージ python3-six を選択しています。
.../06-python3-six_1.14.0-2_all.deb を展開する準備をしています ...
python3-six (1.14.0-2) を展開しています...
以前に未選択のパッケージ python3-yaml を選択しています。
.../07-python3-yaml_5.3.1-1_amd64.deb を展開する準備をしています ...
python3-yaml (5.3.1-1) を展開しています...
以前に未選択のパッケージ xz-utils を選択しています。
.../08-xz-utils_5.2.4-1ubuntu1_amd64.deb を展開する準備をしています ...
xz-utils (5.2.4-1ubuntu1) を展開しています...
以前に未選択のパッケージ python3-cliapp を選択しています。
.../09-python3-cliapp_1.20180812.1-3build1_all.deb を展開する準備をしています ...
python3-cliapp (1.20180812.1-3build1) を展開しています...
以前に未選択のパッケージ python3-pyparsing を選択しています。
.../10-python3-pyparsing_2.4.6-1_all.deb を展開する準備をしています ...
python3-pyparsing (2.4.6-1) を展開しています...
以前に未選択のパッケージ python3-packaging を選択しています。
.../11-python3-packaging_20.3-1_all.deb を展開する準備をしています ...
python3-packaging (20.3-1) を展開しています...
以前に未選択のパッケージ python3-markdown を選択しています。
.../12-python3-markdown_3.1.1-3_all.deb を展開する準備をしています ...
python3-markdown (3.1.1-3) を展開しています...
以前に未選択のパッケージ python3-ttystatus を選択しています。
.../13-python3-ttystatus_0.38-4_all.deb を展開する準備をしています ...
python3-ttystatus (0.38-4) を展開しています...
以前に未選択のパッケージ cmdtest を選択しています。
.../14-cmdtest_0.32.14.gcdfe14e-1_all.deb を展開する準備をしています ...
cmdtest (0.32.14.gcdfe14e-1) を展開しています...
以前に未選択のパッケージ python3-pygments を選択しています。
.../15-python3-pygments_2.3.1+dfsg-1ubuntu2_all.deb を展開する準備をしています ...
python3-pygments (2.3.1+dfsg-1ubuntu2) を展開しています...
mime-support (3.64ubuntu1) を設定しています ...
libmagic-mgc (1:5.38-4) を設定しています ...
libyaml-0-2:amd64 (0.2.2-1) を設定しています ...
libmagic1:amd64 (1:5.38-4) を設定しています ...
file (1:5.38-4) を設定しています ...
xz-utils (5.2.4-1ubuntu1) を設定しています ...
update-alternatives: /usr/bin/lzma (lzma) を提供するために自動モードで /usr/bin/xz を使います
update-alternatives: 警告: 関連する (リンクグループ lzma の) ファイル /usr/share/man/man1/xz.1.gz が存在しないので、/usr/share/man/man1/lzma.1.gz の作成をスキップします
update-alternatives: 警告: 関連する (リンクグループ lzma の) ファイル /usr/share/man/man1/unxz.1.gz が存在しないので、/usr/share/man/man1/unlzma.1.gz の作成をスキップします
update-alternatives: 警告: 関連する (リンクグループ lzma の) ファイル /usr/share/man/man1/xzcat.1.gz が存在しないので、/usr/share/man/man1/lzcat.1.gz の作成をスキップします
update-alternatives: 警告: 関連する (リンクグループ lzma の) ファイル /usr/share/man/man1/xzmore.1.gz が存在しないので、/usr/share/man/man1/lzmore.1.gz の作成をスキップします
update-alternatives: 警告: 関連する (リンクグループ lzma の) ファイル /usr/share/man/man1/xzless.1.gz が存在しないので、/usr/share/man/man1/lzless.1.gz の作成をスキップします
update-alternatives: 警告: 関連する (リンクグループ lzma の) ファイル /usr/share/man/man1/xzdiff.1.gz が存在しないので、/usr/share/man/man1/lzdiff.1.gz の作成をスキップします
update-alternatives: 警告: 関連する (リンクグループ lzma の) ファイル /usr/share/man/man1/xzcmp.1.gz が存在しないので、/usr/share/man/man1/lzcmp.1.gz の作成をスキップします
update-alternatives: 警告: 関連する (リンクグループ lzma の) ファイル /usr/share/man/man1/xzgrep.1.gz が存在しないので、/usr/share/man/man1/lzgrep.1.gz の作成をスキップします
update-alternatives: 警告: 関連する (リンクグループ lzma の) ファイル /usr/share/man/man1/xzegrep.1.gz が存在しないので、/usr/share/man/man1/lzegrep.1.gz の作成をスキップします
update-alternatives: 警告: 関連する (リンクグループ lzma の) ファイル /usr/share/man/man1/xzfgrep.1.gz が存在しないので、/usr/share/man/man1/lzfgrep.1.gz の作成をスキップします
libmpdec2:amd64 (2.4.2-3) を設定しています ...
readline-common (8.0-4) を設定しています ...
libreadline8:amd64 (8.0-4) を設定しています ...
libpython3.8-stdlib:amd64 (3.8.5-1~20.04) を設定しています ...
python3.8 (3.8.5-1~20.04) を設定しています ...
libpython3-stdlib:amd64 (3.8.2-0ubuntu2) を設定しています ...
python3 (3.8.2-0ubuntu2) を設定しています ...
running python rtupdate hooks for python3.8...
running python post-rtupdate hooks for python3.8...
python3-six (1.14.0-2) を設定しています ...
python3-pygments (2.3.1+dfsg-1ubuntu2) を設定しています ...
python3-pyparsing (2.4.6-1) を設定しています ...
python3-pkg-resources (45.2.0-1) を設定しています ...
python3-ttystatus (0.38-4) を設定しています ...
python3-yaml (5.3.1-1) を設定しています ...
python3-cliapp (1.20180812.1-3build1) を設定しています ...
python3-packaging (20.3-1) を設定しています ...
python3-markdown (3.1.1-3) を設定しています ...
cmdtest (0.32.14.gcdfe14e-1) を設定しています ...
libc-bin (2.31-0ubuntu9.1) のトリガを処理しています ...
bin/ubuntu-packages.sh: 行 28: curl: コマンドが見つかりません
bin/ubuntu-packages.sh: 行 30: /usr/local/share/zsh/site-functions/_deno: そのようなファイルやディレクトリはありません
パッケージリストを読み込んでいます...
依存関係ツリーを作成しています...
状態情報を読み取っています...
以下の追加パッケージがインストールされます:
  alsa-topology-conf alsa-ucm-conf libasound2 libasound2-data libcanberra0
  libgpm2 libltdl7 libogg0 libpython3.8 libtdb1 libvorbis0a libvorbisfile3
  sound-theme-freedesktop vim-common vim-runtime xxd
提案パッケージ:
  libasound2-plugins alsa-utils libcanberra-gtk0 libcanberra-pulse gpm ctags
  vim-doc vim-scripts
以下のパッケージが新たにインストールされます:
  alsa-topology-conf alsa-ucm-conf libasound2 libasound2-data libcanberra0
  libgpm2 libltdl7 libogg0 libpython3.8 libtdb1 libvorbis0a libvorbisfile3
  sound-theme-freedesktop vim vim-common vim-runtime xxd
アップグレード: 0 個、新規インストール: 17 個、 削除: 0 個、保留: 0 個。
9,905 kB のアーカイブを取得する必要があります。
この操作後に追加で 44.3 MB のディスク容量が消費されます。
取得:1 http://ftp.jaist.ac.jp/pub/Linux/ubuntu focal/main amd64 xxd amd64 2:8.1.2269-1ubuntu5 [50.1 kB]
取得:2 http://ftp.jaist.ac.jp/pub/Linux/ubuntu focal/main amd64 vim-common all 2:8.1.2269-1ubuntu5 [85.1 kB]
取得:3 http://ftp.jaist.ac.jp/pub/Linux/ubuntu focal/main amd64 alsa-topology-conf all 1.2.2-1 [7,364 B]
取得:4 http://ftp.jaist.ac.jp/pub/Linux/ubuntu focal-updates/main amd64 alsa-ucm-conf all 1.2.2-1ubuntu0.4 [25.4 kB]
取得:5 http://ftp.jaist.ac.jp/pub/Linux/ubuntu focal-updates/main amd64 libasound2-data all 1.2.2-2.1ubuntu2.1 [20.1 kB]
取得:6 http://ftp.jaist.ac.jp/pub/Linux/ubuntu focal-updates/main amd64 libasound2 amd64 1.2.2-2.1ubuntu2.1 [335 kB]
取得:7 http://ftp.jaist.ac.jp/pub/Linux/ubuntu focal/main amd64 libltdl7 amd64 2.4.6-14 [38.5 kB]
取得:8 http://ftp.jaist.ac.jp/pub/Linux/ubuntu focal/main amd64 libtdb1 amd64 1.4.2-3build1 [44.1 kB]
取得:9 http://ftp.jaist.ac.jp/pub/Linux/ubuntu focal/main amd64 libogg0 amd64 1.3.4-0ubuntu1 [24.0 kB]
取得:10 http://ftp.jaist.ac.jp/pub/Linux/ubuntu focal/main amd64 libvorbis0a amd64 1.3.6-2ubuntu1 [87.0 kB]
取得:11 http://ftp.jaist.ac.jp/pub/Linux/ubuntu focal/main amd64 libvorbisfile3 amd64 1.3.6-2ubuntu1 [16.1 kB]
取得:12 http://ftp.jaist.ac.jp/pub/Linux/ubuntu focal/main amd64 sound-theme-freedesktop all 0.8-2ubuntu1 [384 kB]
取得:13 http://ftp.jaist.ac.jp/pub/Linux/ubuntu focal/main amd64 libcanberra0 amd64 0.30-7ubuntu1 [38.1 kB]
取得:14 http://ftp.jaist.ac.jp/pub/Linux/ubuntu focal/main amd64 libgpm2 amd64 1.20.7-5 [15.1 kB]
取得:15 http://ftp.jaist.ac.jp/pub/Linux/ubuntu focal-updates/main amd64 libpython3.8 amd64 3.8.5-1~20.04 [1,624 kB]
取得:16 http://ftp.jaist.ac.jp/pub/Linux/ubuntu focal/main amd64 vim-runtime all 2:8.1.2269-1ubuntu5 [5,873 kB]
取得:17 http://ftp.jaist.ac.jp/pub/Linux/ubuntu focal/main amd64 vim amd64 2:8.1.2269-1ubuntu5 [1,238 kB]
debconf: unable to initialize frontend: Dialog
debconf: (No usable dialog-like program is installed, so the dialog based frontend cannot be used. at /usr/share/perl5/Debconf/FrontEnd/Dialog.pm line 76, <> line 17.)
debconf: falling back to frontend: Readline
9,905 kB を 14秒 で取得しました (732 kB/s)
以前に未選択のパッケージ xxd を選択しています。
(データベースを読み込んでいます ... (データベースを読み込んでいます ... 5%(データベースを読み込んでいます ... 10%(データベースを読み込んでいます ... 15%(データベースを読み込んでいます ... 20%(データベースを読み込んでいます ... 25%(データベースを読み込んでいます ... 30%(データベースを読み込んでいます ... 35%(データベースを読み込んでいます ... 40%(データベースを読み込んでいます ... 45%(データベースを読み込んでいます ... 50%(データベースを読み込んでいます ... 55%(データベースを読み込んでいます ... 60%(データベースを読み込んでいます ... 65%(データベースを読み込んでいます ... 70%(データベースを読み込んでいます ... 75%(データベースを読み込んでいます ... 80%(データベースを読み込んでいます ... 85%(データベースを読み込んでいます ... 90%(データベースを読み込んでいます ... 95%(データベースを読み込んでいます ... 100%(データベースを読み込んでいます ... 現在 19227 個のファイルとディレクトリがインストールされています。)
.../00-xxd_2%3a8.1.2269-1ubuntu5_amd64.deb を展開する準備をしています ...
xxd (2:8.1.2269-1ubuntu5) を展開しています...
以前に未選択のパッケージ vim-common を選択しています。
.../01-vim-common_2%3a8.1.2269-1ubuntu5_all.deb を展開する準備をしています ...
vim-common (2:8.1.2269-1ubuntu5) を展開しています...
以前に未選択のパッケージ alsa-topology-conf を選択しています。
.../02-alsa-topology-conf_1.2.2-1_all.deb を展開する準備をしています ...
alsa-topology-conf (1.2.2-1) を展開しています...
以前に未選択のパッケージ alsa-ucm-conf を選択しています。
.../03-alsa-ucm-conf_1.2.2-1ubuntu0.4_all.deb を展開する準備をしています ...
alsa-ucm-conf (1.2.2-1ubuntu0.4) を展開しています...
以前に未選択のパッケージ libasound2-data を選択しています。
.../04-libasound2-data_1.2.2-2.1ubuntu2.1_all.deb を展開する準備をしています ...
libasound2-data (1.2.2-2.1ubuntu2.1) を展開しています...
以前に未選択のパッケージ libasound2:amd64 を選択しています。
.../05-libasound2_1.2.2-2.1ubuntu2.1_amd64.deb を展開する準備をしています ...
libasound2:amd64 (1.2.2-2.1ubuntu2.1) を展開しています...
以前に未選択のパッケージ libltdl7:amd64 を選択しています。
.../06-libltdl7_2.4.6-14_amd64.deb を展開する準備をしています ...
libltdl7:amd64 (2.4.6-14) を展開しています...
以前に未選択のパッケージ libtdb1:amd64 を選択しています。
.../07-libtdb1_1.4.2-3build1_amd64.deb を展開する準備をしています ...
libtdb1:amd64 (1.4.2-3build1) を展開しています...
以前に未選択のパッケージ libogg0:amd64 を選択しています。
.../08-libogg0_1.3.4-0ubuntu1_amd64.deb を展開する準備をしています ...
libogg0:amd64 (1.3.4-0ubuntu1) を展開しています...
以前に未選択のパッケージ libvorbis0a:amd64 を選択しています。
.../09-libvorbis0a_1.3.6-2ubuntu1_amd64.deb を展開する準備をしています ...
libvorbis0a:amd64 (1.3.6-2ubuntu1) を展開しています...
以前に未選択のパッケージ libvorbisfile3:amd64 を選択しています。
.../10-libvorbisfile3_1.3.6-2ubuntu1_amd64.deb を展開する準備をしています ...
libvorbisfile3:amd64 (1.3.6-2ubuntu1) を展開しています...
以前に未選択のパッケージ sound-theme-freedesktop を選択しています。
.../11-sound-theme-freedesktop_0.8-2ubuntu1_all.deb を展開する準備をしています ...
sound-theme-freedesktop (0.8-2ubuntu1) を展開しています...
以前に未選択のパッケージ libcanberra0:amd64 を選択しています。
.../12-libcanberra0_0.30-7ubuntu1_amd64.deb を展開する準備をしています ...
libcanberra0:amd64 (0.30-7ubuntu1) を展開しています...
以前に未選択のパッケージ libgpm2:amd64 を選択しています。
.../13-libgpm2_1.20.7-5_amd64.deb を展開する準備をしています ...
libgpm2:amd64 (1.20.7-5) を展開しています...
以前に未選択のパッケージ libpython3.8:amd64 を選択しています。
.../14-libpython3.8_3.8.5-1~20.04_amd64.deb を展開する準備をしています ...
libpython3.8:amd64 (3.8.5-1~20.04) を展開しています...
以前に未選択のパッケージ vim-runtime を選択しています。
.../15-vim-runtime_2%3a8.1.2269-1ubuntu5_all.deb を展開する準備をしています ...
'vim-runtime による /usr/share/vim/vim81/doc/help.txt から /usr/share/vim/vim81/doc/help.txt.vim-tiny への退避 (divert)' を追加しています
'vim-runtime による /usr/share/vim/vim81/doc/tags から /usr/share/vim/vim81/doc/tags.vim-tiny への退避 (divert)' を追加しています
vim-runtime (2:8.1.2269-1ubuntu5) を展開しています...
以前に未選択のパッケージ vim を選択しています。
.../16-vim_2%3a8.1.2269-1ubuntu5_amd64.deb を展開する準備をしています ...
vim (2:8.1.2269-1ubuntu5) を展開しています...
libgpm2:amd64 (1.20.7-5) を設定しています ...
libogg0:amd64 (1.3.4-0ubuntu1) を設定しています ...
alsa-ucm-conf (1.2.2-1ubuntu0.4) を設定しています ...
libtdb1:amd64 (1.4.2-3build1) を設定しています ...
xxd (2:8.1.2269-1ubuntu5) を設定しています ...
libasound2-data (1.2.2-2.1ubuntu2.1) を設定しています ...
vim-common (2:8.1.2269-1ubuntu5) を設定しています ...
libpython3.8:amd64 (3.8.5-1~20.04) を設定しています ...
libvorbis0a:amd64 (1.3.6-2ubuntu1) を設定しています ...
libltdl7:amd64 (2.4.6-14) を設定しています ...
alsa-topology-conf (1.2.2-1) を設定しています ...
sound-theme-freedesktop (0.8-2ubuntu1) を設定しています ...
libasound2:amd64 (1.2.2-2.1ubuntu2.1) を設定しています ...
vim-runtime (2:8.1.2269-1ubuntu5) を設定しています ...
libvorbisfile3:amd64 (1.3.6-2ubuntu1) を設定しています ...
libcanberra0:amd64 (0.30-7ubuntu1) を設定しています ...
vim (2:8.1.2269-1ubuntu5) を設定しています ...
update-alternatives: /usr/bin/vim (vim) を提供するために自動モードで /usr/bin/vim.basic を使います
update-alternatives: /usr/bin/vimdiff (vimdiff) を提供するために自動モードで /usr/bin/vim.basic を使います
update-alternatives: /usr/bin/rvim (rvim) を提供するために自動モードで /usr/bin/vim.basic を使います
update-alternatives: /usr/bin/rview (rview) を提供するために自動モードで /usr/bin/vim.basic を使います
update-alternatives: /usr/bin/vi (vi) を提供するために自動モードで /usr/bin/vim.basic を使います
update-alternatives: 警告: 関連する (リンクグループ vi の) ファイル /usr/share/man/da/man1/vim.1.gz が存在しないので、/usr/share/man/da/man1/vi.1.gz の作成をスキップします
update-alternatives: 警告: 関連する (リンクグループ vi の) ファイル /usr/share/man/de/man1/vim.1.gz が存在しないので、/usr/share/man/de/man1/vi.1.gz の作成をスキップします
update-alternatives: 警告: 関連する (リンクグループ vi の) ファイル /usr/share/man/fr/man1/vim.1.gz が存在しないので、/usr/share/man/fr/man1/vi.1.gz の作成をスキップします
update-alternatives: 警告: 関連する (リンクグループ vi の) ファイル /usr/share/man/it/man1/vim.1.gz が存在しないので、/usr/share/man/it/man1/vi.1.gz の作成をスキップします
update-alternatives: 警告: 関連する (リンクグループ vi の) ファイル /usr/share/man/ja/man1/vim.1.gz が存在しないので、/usr/share/man/ja/man1/vi.1.gz の作成をスキップします
update-alternatives: 警告: 関連する (リンクグループ vi の) ファイル /usr/share/man/pl/man1/vim.1.gz が存在しないので、/usr/share/man/pl/man1/vi.1.gz の作成をスキップします
update-alternatives: 警告: 関連する (リンクグループ vi の) ファイル /usr/share/man/ru/man1/vim.1.gz が存在しないので、/usr/share/man/ru/man1/vi.1.gz の作成をスキップします
update-alternatives: 警告: 関連する (リンクグループ vi の) ファイル /usr/share/man/man1/vim.1.gz が存在しないので、/usr/share/man/man1/vi.1.gz の作成をスキップします
update-alternatives: /usr/bin/view (view) を提供するために自動モードで /usr/bin/vim.basic を使います
update-alternatives: 警告: 関連する (リンクグループ view の) ファイル /usr/share/man/da/man1/vim.1.gz が存在しないので、/usr/share/man/da/man1/view.1.gz の作成をスキップします
update-alternatives: 警告: 関連する (リンクグループ view の) ファイル /usr/share/man/de/man1/vim.1.gz が存在しないので、/usr/share/man/de/man1/view.1.gz の作成をスキップします
update-alternatives: 警告: 関連する (リンクグループ view の) ファイル /usr/share/man/fr/man1/vim.1.gz が存在しないので、/usr/share/man/fr/man1/view.1.gz の作成をスキップします
update-alternatives: 警告: 関連する (リンクグループ view の) ファイル /usr/share/man/it/man1/vim.1.gz が存在しないので、/usr/share/man/it/man1/view.1.gz の作成をスキップします
update-alternatives: 警告: 関連する (リンクグループ view の) ファイル /usr/share/man/ja/man1/vim.1.gz が存在しないので、/usr/share/man/ja/man1/view.1.gz の作成をスキップします
update-alternatives: 警告: 関連する (リンクグループ view の) ファイル /usr/share/man/pl/man1/vim.1.gz が存在しないので、/usr/share/man/pl/man1/view.1.gz の作成をスキップします
update-alternatives: 警告: 関連する (リンクグループ view の) ファイル /usr/share/man/ru/man1/vim.1.gz が存在しないので、/usr/share/man/ru/man1/view.1.gz の作成をスキップします
update-alternatives: 警告: 関連する (リンクグループ view の) ファイル /usr/share/man/man1/vim.1.gz が存在しないので、/usr/share/man/man1/view.1.gz の作成をスキップします
update-alternatives: /usr/bin/ex (ex) を提供するために自動モードで /usr/bin/vim.basic を使います
update-alternatives: 警告: 関連する (リンクグループ ex の) ファイル /usr/share/man/da/man1/vim.1.gz が存在しないので、/usr/share/man/da/man1/ex.1.gz の作成をスキップします
update-alternatives: 警告: 関連する (リンクグループ ex の) ファイル /usr/share/man/de/man1/vim.1.gz が存在しないので、/usr/share/man/de/man1/ex.1.gz の作成をスキップします
update-alternatives: 警告: 関連する (リンクグループ ex の) ファイル /usr/share/man/fr/man1/vim.1.gz が存在しないので、/usr/share/man/fr/man1/ex.1.gz の作成をスキップします
update-alternatives: 警告: 関連する (リンクグループ ex の) ファイル /usr/share/man/it/man1/vim.1.gz が存在しないので、/usr/share/man/it/man1/ex.1.gz の作成をスキップします
update-alternatives: 警告: 関連する (リンクグループ ex の) ファイル /usr/share/man/ja/man1/vim.1.gz が存在しないので、/usr/share/man/ja/man1/ex.1.gz の作成をスキップします
update-alternatives: 警告: 関連する (リンクグループ ex の) ファイル /usr/share/man/pl/man1/vim.1.gz が存在しないので、/usr/share/man/pl/man1/ex.1.gz の作成をスキップします
update-alternatives: 警告: 関連する (リンクグループ ex の) ファイル /usr/share/man/ru/man1/vim.1.gz が存在しないので、/usr/share/man/ru/man1/ex.1.gz の作成をスキップします
update-alternatives: 警告: 関連する (リンクグループ ex の) ファイル /usr/share/man/man1/vim.1.gz が存在しないので、/usr/share/man/man1/ex.1.gz の作成をスキップします
update-alternatives: /usr/bin/editor (editor) を提供するために自動モードで /usr/bin/vim.basic を使います
update-alternatives: 警告: 関連する (リンクグループ editor の) ファイル /usr/share/man/da/man1/vim.1.gz が存在しないので、/usr/share/man/da/man1/editor.1.gz の作成をスキップします
update-alternatives: 警告: 関連する (リンクグループ editor の) ファイル /usr/share/man/de/man1/vim.1.gz が存在しないので、/usr/share/man/de/man1/editor.1.gz の作成をスキップします
update-alternatives: 警告: 関連する (リンクグループ editor の) ファイル /usr/share/man/fr/man1/vim.1.gz が存在しないので、/usr/share/man/fr/man1/editor.1.gz の作成をスキップします
update-alternatives: 警告: 関連する (リンクグループ editor の) ファイル /usr/share/man/it/man1/vim.1.gz が存在しないので、/usr/share/man/it/man1/editor.1.gz の作成をスキップします
update-alternatives: 警告: 関連する (リンクグループ editor の) ファイル /usr/share/man/ja/man1/vim.1.gz が存在しないので、/usr/share/man/ja/man1/editor.1.gz の作成をスキップします
update-alternatives: 警告: 関連する (リンクグループ editor の) ファイル /usr/share/man/pl/man1/vim.1.gz が存在しないので、/usr/share/man/pl/man1/editor.1.gz の作成をスキップします
update-alternatives: 警告: 関連する (リンクグループ editor の) ファイル /usr/share/man/ru/man1/vim.1.gz が存在しないので、/usr/share/man/ru/man1/editor.1.gz の作成をスキップします
update-alternatives: 警告: 関連する (リンクグループ editor の) ファイル /usr/share/man/man1/vim.1.gz が存在しないので、/usr/share/man/man1/editor.1.gz の作成をスキップします
libc-bin (2.31-0ubuntu9.1) のトリガを処理しています ...
mime-support (3.64ubuntu1) のトリガを処理しています ...
パッケージリストを読み込んでいます...
依存関係ツリーを作成しています...
状態情報を読み取っています...
以下の追加パッケージがインストールされます:
  libcap2 zsh-common
提案パッケージ:
  zsh-doc
以下のパッケージが新たにインストールされます:
  libcap2 zsh zsh-common
アップグレード: 0 個、新規インストール: 3 個、 削除: 0 個、保留: 0 個。
4,466 kB のアーカイブを取得する必要があります。
この操作後に追加で 18.0 MB のディスク容量が消費されます。
取得:1 http://ftp.jaist.ac.jp/pub/Linux/ubuntu focal/main amd64 libcap2 amd64 1:2.32-1 [15.9 kB]
取得:2 http://ftp.jaist.ac.jp/pub/Linux/ubuntu focal/main amd64 zsh-common all 5.8-3ubuntu1 [3,744 kB]
取得:3 http://ftp.jaist.ac.jp/pub/Linux/ubuntu focal/main amd64 zsh amd64 5.8-3ubuntu1 [707 kB]
debconf: unable to initialize frontend: Dialog
debconf: (No usable dialog-like program is installed, so the dialog based frontend cannot be used. at /usr/share/perl5/Debconf/FrontEnd/Dialog.pm line 76, <> line 3.)
debconf: falling back to frontend: Readline
4,466 kB を 2秒 で取得しました (2,014 kB/s)
以前に未選択のパッケージ libcap2:amd64 を選択しています。
(データベースを読み込んでいます ... (データベースを読み込んでいます ... 5%(データベースを読み込んでいます ... 10%(データベースを読み込んでいます ... 15%(データベースを読み込んでいます ... 20%(データベースを読み込んでいます ... 25%(データベースを読み込んでいます ... 30%(データベースを読み込んでいます ... 35%(データベースを読み込んでいます ... 40%(データベースを読み込んでいます ... 45%(データベースを読み込んでいます ... 50%(データベースを読み込んでいます ... 55%(データベースを読み込んでいます ... 60%(データベースを読み込んでいます ... 65%(データベースを読み込んでいます ... 70%(データベースを読み込んでいます ... 75%(データベースを読み込んでいます ... 80%(データベースを読み込んでいます ... 85%(データベースを読み込んでいます ... 90%(データベースを読み込んでいます ... 95%(データベースを読み込んでいます ... 100%(データベースを読み込んでいます ... 現在 21579 個のファイルとディレクトリがインストールされています。)
.../libcap2_1%3a2.32-1_amd64.deb を展開する準備をしています ...
libcap2:amd64 (1:2.32-1) を展開しています...
以前に未選択のパッケージ zsh-common を選択しています。
.../zsh-common_5.8-3ubuntu1_all.deb を展開する準備をしています ...
zsh-common (5.8-3ubuntu1) を展開しています...
以前に未選択のパッケージ zsh を選択しています。
.../zsh_5.8-3ubuntu1_amd64.deb を展開する準備をしています ...
zsh (5.8-3ubuntu1) を展開しています...
zsh-common (5.8-3ubuntu1) を設定しています ...
libcap2:amd64 (1:2.32-1) を設定しています ...
zsh (5.8-3ubuntu1) を設定しています ...
libc-bin (2.31-0ubuntu9.1) のトリガを処理しています ...
パッケージリストを読み込んでいます...
依存関係ツリーを作成しています...
状態情報を読み取っています...
以下の追加パッケージがインストールされます:
  libevent-2.1-7 libutempter0
以下のパッケージが新たにインストールされます:
  libevent-2.1-7 libutempter0 tmux
アップグレード: 0 個、新規インストール: 3 個、 削除: 0 個、保留: 0 個。
438 kB のアーカイブを取得する必要があります。
この操作後に追加で 1,222 kB のディスク容量が消費されます。
取得:1 http://ftp.jaist.ac.jp/pub/Linux/ubuntu focal/main amd64 libevent-2.1-7 amd64 2.1.11-stable-1 [138 kB]
取得:2 http://ftp.jaist.ac.jp/pub/Linux/ubuntu focal/main amd64 libutempter0 amd64 1.1.6-4 [8,256 B]
取得:3 http://ftp.jaist.ac.jp/pub/Linux/ubuntu focal-updates/main amd64 tmux amd64 3.0a-2ubuntu0.1 [292 kB]
debconf: unable to initialize frontend: Dialog
debconf: (No usable dialog-like program is installed, so the dialog based frontend cannot be used. at /usr/share/perl5/Debconf/FrontEnd/Dialog.pm line 76, <> line 3.)
debconf: falling back to frontend: Readline
438 kB を 0秒 で取得しました (1,494 kB/s)
以前に未選択のパッケージ libevent-2.1-7:amd64 を選択しています。
(データベースを読み込んでいます ... (データベースを読み込んでいます ... 5%(データベースを読み込んでいます ... 10%(データベースを読み込んでいます ... 15%(データベースを読み込んでいます ... 20%(データベースを読み込んでいます ... 25%(データベースを読み込んでいます ... 30%(データベースを読み込んでいます ... 35%(データベースを読み込んでいます ... 40%(データベースを読み込んでいます ... 45%(データベースを読み込んでいます ... 50%(データベースを読み込んでいます ... 55%(データベースを読み込んでいます ... 60%(データベースを読み込んでいます ... 65%(データベースを読み込んでいます ... 70%(データベースを読み込んでいます ... 75%(データベースを読み込んでいます ... 80%(データベースを読み込んでいます ... 85%(データベースを読み込んでいます ... 90%(データベースを読み込んでいます ... 95%(データベースを読み込んでいます ... 100%(データベースを読み込んでいます ... 現在 23055 個のファイルとディレクトリがインストールされています。)
.../libevent-2.1-7_2.1.11-stable-1_amd64.deb を展開する準備をしています ...
libevent-2.1-7:amd64 (2.1.11-stable-1) を展開しています...
以前に未選択のパッケージ libutempter0:amd64 を選択しています。
.../libutempter0_1.1.6-4_amd64.deb を展開する準備をしています ...
libutempter0:amd64 (1.1.6-4) を展開しています...
以前に未選択のパッケージ tmux を選択しています。
.../tmux_3.0a-2ubuntu0.1_amd64.deb を展開する準備をしています ...
tmux (3.0a-2ubuntu0.1) を展開しています...
libevent-2.1-7:amd64 (2.1.11-stable-1) を設定しています ...
libutempter0:amd64 (1.1.6-4) を設定しています ...
tmux (3.0a-2ubuntu0.1) を設定しています ...
libc-bin (2.31-0ubuntu9.1) のトリガを処理しています ...
パッケージリストを読み込んでいます...
依存関係ツリーを作成しています...
状態情報を読み取っています...
以下のパッケージが新たにインストールされます:
  colordiff
アップグレード: 0 個、新規インストール: 1 個、 削除: 0 個、保留: 0 個。
13.2 kB のアーカイブを取得する必要があります。
この操作後に追加で 54.3 kB のディスク容量が消費されます。
取得:1 http://ftp.jaist.ac.jp/pub/Linux/ubuntu focal/universe amd64 colordiff all 1.0.18-1 [13.2 kB]
debconf: unable to initialize frontend: Dialog
debconf: (No usable dialog-like program is installed, so the dialog based frontend cannot be used. at /usr/share/perl5/Debconf/FrontEnd/Dialog.pm line 76, <> line 1.)
debconf: falling back to frontend: Readline
13.2 kB を 0秒 で取得しました (58.9 kB/s)
以前に未選択のパッケージ colordiff を選択しています。
(データベースを読み込んでいます ... (データベースを読み込んでいます ... 5%(データベースを読み込んでいます ... 10%(データベースを読み込んでいます ... 15%(データベースを読み込んでいます ... 20%(データベースを読み込んでいます ... 25%(データベースを読み込んでいます ... 30%(データベースを読み込んでいます ... 35%(データベースを読み込んでいます ... 40%(データベースを読み込んでいます ... 45%(データベースを読み込んでいます ... 50%(データベースを読み込んでいます ... 55%(データベースを読み込んでいます ... 60%(データベースを読み込んでいます ... 65%(データベースを読み込んでいます ... 70%(データベースを読み込んでいます ... 75%(データベースを読み込んでいます ... 80%(データベースを読み込んでいます ... 85%(データベースを読み込んでいます ... 90%(データベースを読み込んでいます ... 95%(データベースを読み込んでいます ... 100%(データベースを読み込んでいます ... 現在 23076 個のファイルとディレクトリがインストールされています。)
.../colordiff_1.0.18-1_all.deb を展開する準備をしています ...
colordiff (1.0.18-1) を展開しています...
colordiff (1.0.18-1) を設定しています ...
パッケージリストを読み込んでいます...
依存関係ツリーを作成しています...
状態情報を読み取っています...
以下の追加パッケージがインストールされます:
  adwaita-icon-theme at-spi2-core binutils binutils-common
  binutils-x86-64-linux-gnu bsdmainutils build-essential cpp cpp-9 curl dbus
  dbus-user-session dconf-gsettings-backend dconf-service diffstat dirmngr
  distro-info-data dmsetup dpkg-dev fakeroot fontconfig fontconfig-config
  fonts-dejavu-core g++ g++-9 gcc gcc-9 gcc-9-base gdebi-core gettext
  gettext-base gir1.2-atk-1.0 gir1.2-freedesktop gir1.2-gdkpixbuf-2.0
  gir1.2-glib-2.0 gir1.2-gtk-3.0 gir1.2-pango-1.0 gir1.2-vte-2.91
  glib-networking glib-networking-common glib-networking-services
  gnome-icon-theme gnupg gnupg-l10n gnupg-utils gpg gpg-agent gpg-wks-client
  gpg-wks-server gpgconf gpgsm groff-base gsettings-desktop-schemas
  gtk-update-icon-cache hicolor-icon-theme humanity-icon-theme intltool-debian
  iso-codes libalgorithm-diff-perl libalgorithm-diff-xs-perl
  libalgorithm-merge-perl libapparmor1 libapt-pkg-perl libarchive-zip-perl
  libargon2-1 libasan5 libassuan0 libasync-mergepoint-perl libatk-bridge2.0-0
  libatk1.0-0 libatk1.0-data libatomic1 libatspi2.0-0 libauthen-sasl-perl
  libavahi-client3 libavahi-common-data libavahi-common3
  libb-hooks-endofscope-perl libb-hooks-op-check-perl libbinutils libc-dev-bin
  libc6-dev libcairo-gobject2 libcairo-perl libcairo2 libcapture-tiny-perl
  libcc1-0 libclass-method-modifiers-perl libclass-xsaccessor-perl
  libclone-perl libcolord2 libcpanel-json-xs-perl libcroco3 libcrypt-dev
  libcryptsetup12 libctf-nobfd0 libctf0 libcups2 libcurl4 libdata-dump-perl
  libdatrie1 libdbus-1-3 libdconf1 libdevel-callchecker-perl
  libdevel-size-perl libdevmapper1.02.1 libdigest-bubblebabble-perl
  libdigest-hmac-perl libdpkg-perl libdynaloader-functions-perl
  libemail-valid-perl libencode-locale-perl libepoxy0 libexporter-tiny-perl
  libextutils-depends-perl libextutils-pkgconfig-perl libfakeroot
  libfile-basedir-perl libfile-fcntllock-perl libfile-find-rule-perl
  libfile-listing-perl libfont-afm-perl libfont-ttf-perl libfontconfig1
  libfreetype6 libfribidi0 libfuture-perl libgail-common libgail18
  libgcc-9-dev libgdk-pixbuf2.0-0 libgdk-pixbuf2.0-bin libgdk-pixbuf2.0-common
  libgirepository-1.0-1 libglib-perl libglib2.0-0 libglib2.0-data libgomp1
  libgraphite2-3 libgtk-3-0 libgtk-3-bin libgtk-3-common libgtk2-perl
  libgtk2.0-0 libgtk2.0-bin libgtk2.0-common libharfbuzz0b libhtml-form-perl
  libhtml-format-perl libhtml-parser-perl libhtml-tagset-perl
  libhtml-tree-perl libhttp-cookies-perl libhttp-daemon-perl libhttp-date-perl
  libhttp-message-perl libhttp-negotiate-perl libidn11 libimport-into-perl
  libio-async-loop-epoll-perl libio-async-perl libio-html-perl libio-pty-perl
  libio-socket-ssl-perl libio-string-perl libip4tc2 libipc-run-perl
  libipc-system-simple-perl libisl22 libitm1 libjbig0 libjpeg-turbo8 libjpeg8
  libjson-c4 libjson-glib-1.0-0 libjson-glib-1.0-common libjson-maybexs-perl
  libkmod2 libksba8 liblcms2-2 liblinux-epoll-perl liblist-compare-perl
  liblist-moreutils-perl liblocale-gettext-perl liblsan0
  liblwp-mediatypes-perl liblwp-protocol-https-perl libmailtools-perl
  libmodule-implementation-perl libmodule-runtime-perl libmoo-perl
  libmoox-aliases-perl libmpc3 libmpfr6 libnamespace-clean-perl
  libnet-dns-perl libnet-dns-sec-perl libnet-domain-tld-perl libnet-http-perl
  libnet-ip-perl libnet-libidn-perl libnet-smtp-ssl-perl libnet-ssleay-perl
  libnpth0 libnss-systemd libnumber-compare-perl libpackage-stash-perl
  libpackage-stash-xs-perl libpam-systemd libpango-1.0-0 libpango-perl
  libpangocairo-1.0-0 libpangoft2-1.0-0 libpangoxft-1.0-0
  libparams-classify-perl libpath-tiny-perl libperl4-corelibs-perl
  libperlio-gzip-perl libpipeline1 libpixman-1-0 libpng16-16
  libpolkit-agent-1-0 libpolkit-gobject-1-0 libproxy1v5 libquadmath0
  libreadonly-perl libref-util-perl libref-util-xs-perl librest-0.7-0
  librole-tiny-perl librsvg2-2 librsvg2-common libsereal-decoder-perl
  libsereal-encoder-perl libsereal-perl libsoup-gnome2.4-1 libsoup2.4-1
  libstdc++-9-dev libstrictures-perl libstruct-dumb-perl
  libsub-exporter-progressive-perl libsub-identify-perl libsub-name-perl
  libsub-quote-perl libtest-fatal-perl libtest-refcount-perl libtext-glob-perl
  libtext-levenshtein-perl libthai-data libthai0 libtiff5 libtimedate-perl
  libtry-tiny-perl libtsan0 libtype-tiny-perl libtype-tiny-xs-perl libubsan1
  libuchardet0 libunicode-utf8-perl liburi-perl libvariable-magic-perl
  libvte-2.91-0 libvte-2.91-common libwayland-client0 libwayland-cursor0
  libwayland-egl1 libwebp6 libwww-perl libwww-robotrules-perl libxcb-render0
  libxcb-shm0 libxcomposite1 libxcursor1 libxdamage1 libxfixes3 libxft2 libxi6
  libxinerama1 libxkbcommon0 libxml-libxml-perl libxml-namespacesupport-perl
  libxml-parser-perl libxml-sax-base-perl libxml-sax-expat-perl
  libxml-sax-perl libxml-writer-perl libxml2 libxrandr2 libxrender1 libxtst6
  libyaml-libyaml-perl lintian linux-libc-dev lsb-release man-db manpages
  manpages-dev networkd-dispatcher patchutils perl-openssl-defaults
  pinentry-curses pkg-config policykit-1 python-apt-common python3-apt
  python3-chardet python3-dbus python3-debian python3-gi shared-mime-info
  systemd systemd-sysv systemd-timesyncd t1utils ubuntu-mono ucf x11-common
  xdg-user-dirs xkb-data
提案パッケージ:
  binutils-doc wamerican | wordlist whois vacation cpp-doc gcc-9-locales
  pinentry-gnome3 tor debian-keyring g++-multilib g++-9-multilib gcc-9-doc
  gcc-multilib autoconf automake libtool flex bison gdb gcc-doc gcc-9-multilib
  gettext-doc autopoint libasprintf-dev libgettextpo-dev parcimonie xloadimage
  scdaemon groff isoquery libgssapi-perl glibc-doc libfont-freetype-perl
  colord cups-common bzr gvfs libgtk2-perl-doc liblcms2-utils
  libcrypt-ssleay-perl libscalar-number-perl librsvg2-bin libstdc++-9-doc
  libbareword-filehandles-perl libindirect-perl libmultidimensional-perl
  libdevel-lexalias-perl libdevel-stacktrace-perl libauthen-ntlm-perl
  libxml-sax-expatxs-perl binutils-multiarch libtext-template-perl apparmor
  www-browser iw | wireless-tools pinentry-doc python3-apt-dbg python-apt-doc
  python-dbus-doc python3-dbus-dbg systemd-container
以下のパッケージが新たにインストールされます:
  adwaita-icon-theme at-spi2-core binutils binutils-common
  binutils-x86-64-linux-gnu bsdmainutils build-essential cpp cpp-9 curl dbus
  dbus-user-session dconf-gsettings-backend dconf-service diffstat dirmngr
  distro-info-data dmsetup dpkg-dev fakeroot fontconfig fontconfig-config
  fonts-dejavu-core g++ g++-9 gcc gcc-9 gcc-9-base gdebi gdebi-core gettext
  gettext-base gir1.2-atk-1.0 gir1.2-freedesktop gir1.2-gdkpixbuf-2.0
  gir1.2-glib-2.0 gir1.2-gtk-3.0 gir1.2-pango-1.0 gir1.2-vte-2.91
  glib-networking glib-networking-common glib-networking-services
  gnome-icon-theme gnupg gnupg-l10n gnupg-utils gpg gpg-agent gpg-wks-client
  gpg-wks-server gpgconf gpgsm groff-base gsettings-desktop-schemas
  gtk-update-icon-cache hicolor-icon-theme humanity-icon-theme intltool-debian
  iso-codes libalgorithm-diff-perl libalgorithm-diff-xs-perl
  libalgorithm-merge-perl libapparmor1 libapt-pkg-perl libarchive-zip-perl
  libargon2-1 libasan5 libassuan0 libasync-mergepoint-perl libatk-bridge2.0-0
  libatk1.0-0 libatk1.0-data libatomic1 libatspi2.0-0 libauthen-sasl-perl
  libavahi-client3 libavahi-common-data libavahi-common3
  libb-hooks-endofscope-perl libb-hooks-op-check-perl libbinutils libc-dev-bin
  libc6-dev libcairo-gobject2 libcairo-perl libcairo2 libcapture-tiny-perl
  libcc1-0 libclass-method-modifiers-perl libclass-xsaccessor-perl
  libclone-perl libcolord2 libcpanel-json-xs-perl libcroco3 libcrypt-dev
  libcryptsetup12 libctf-nobfd0 libctf0 libcups2 libcurl4 libdata-dump-perl
  libdatrie1 libdbus-1-3 libdconf1 libdevel-callchecker-perl
  libdevel-size-perl libdevmapper1.02.1 libdigest-bubblebabble-perl
  libdigest-hmac-perl libdpkg-perl libdynaloader-functions-perl
  libemail-valid-perl libencode-locale-perl libepoxy0 libexporter-tiny-perl
  libextutils-depends-perl libextutils-pkgconfig-perl libfakeroot
  libfile-basedir-perl libfile-fcntllock-perl libfile-find-rule-perl
  libfile-listing-perl libfont-afm-perl libfont-ttf-perl libfontconfig1
  libfreetype6 libfribidi0 libfuture-perl libgail-common libgail18
  libgcc-9-dev libgdk-pixbuf2.0-0 libgdk-pixbuf2.0-bin libgdk-pixbuf2.0-common
  libgirepository-1.0-1 libglib-perl libglib2.0-0 libglib2.0-data libgomp1
  libgraphite2-3 libgtk-3-0 libgtk-3-bin libgtk-3-common libgtk2-perl
  libgtk2.0-0 libgtk2.0-bin libgtk2.0-common libharfbuzz0b libhtml-form-perl
  libhtml-format-perl libhtml-parser-perl libhtml-tagset-perl
  libhtml-tree-perl libhttp-cookies-perl libhttp-daemon-perl libhttp-date-perl
  libhttp-message-perl libhttp-negotiate-perl libidn11 libimport-into-perl
  libio-async-loop-epoll-perl libio-async-perl libio-html-perl libio-pty-perl
  libio-socket-ssl-perl libio-string-perl libip4tc2 libipc-run-perl
  libipc-system-simple-perl libisl22 libitm1 libjbig0 libjpeg-turbo8 libjpeg8
  libjson-c4 libjson-glib-1.0-0 libjson-glib-1.0-common libjson-maybexs-perl
  libkmod2 libksba8 liblcms2-2 liblinux-epoll-perl liblist-compare-perl
  liblist-moreutils-perl liblocale-gettext-perl liblsan0
  liblwp-mediatypes-perl liblwp-protocol-https-perl libmailtools-perl
  libmodule-implementation-perl libmodule-runtime-perl libmoo-perl
  libmoox-aliases-perl libmpc3 libmpfr6 libnamespace-clean-perl
  libnet-dns-perl libnet-dns-sec-perl libnet-domain-tld-perl libnet-http-perl
  libnet-ip-perl libnet-libidn-perl libnet-smtp-ssl-perl libnet-ssleay-perl
  libnpth0 libnss-systemd libnumber-compare-perl libpackage-stash-perl
  libpackage-stash-xs-perl libpam-systemd libpango-1.0-0 libpango-perl
  libpangocairo-1.0-0 libpangoft2-1.0-0 libpangoxft-1.0-0
  libparams-classify-perl libpath-tiny-perl libperl4-corelibs-perl
  libperlio-gzip-perl libpipeline1 libpixman-1-0 libpng16-16
  libpolkit-agent-1-0 libpolkit-gobject-1-0 libproxy1v5 libquadmath0
  libreadonly-perl libref-util-perl libref-util-xs-perl librest-0.7-0
  librole-tiny-perl librsvg2-2 librsvg2-common libsereal-decoder-perl
  libsereal-encoder-perl libsereal-perl libsoup-gnome2.4-1 libsoup2.4-1
  libstdc++-9-dev libstrictures-perl libstruct-dumb-perl
  libsub-exporter-progressive-perl libsub-identify-perl libsub-name-perl
  libsub-quote-perl libtest-fatal-perl libtest-refcount-perl libtext-glob-perl
  libtext-levenshtein-perl libthai-data libthai0 libtiff5 libtimedate-perl
  libtry-tiny-perl libtsan0 libtype-tiny-perl libtype-tiny-xs-perl libubsan1
  libuchardet0 libunicode-utf8-perl liburi-perl libvariable-magic-perl
  libvte-2.91-0 libvte-2.91-common libwayland-client0 libwayland-cursor0
  libwayland-egl1 libwebp6 libwww-perl libwww-robotrules-perl libxcb-render0
  libxcb-shm0 libxcomposite1 libxcursor1 libxdamage1 libxfixes3 libxft2 libxi6
  libxinerama1 libxkbcommon0 libxml-libxml-perl libxml-namespacesupport-perl
  libxml-parser-perl libxml-sax-base-perl libxml-sax-expat-perl
  libxml-sax-perl libxml-writer-perl libxml2 libxrandr2 libxrender1 libxtst6
  libyaml-libyaml-perl lintian linux-libc-dev lsb-release man-db manpages
  manpages-dev networkd-dispatcher patchutils perl-openssl-defaults
  pinentry-curses pkg-config policykit-1 python-apt-common python3-apt
  python3-chardet python3-dbus python3-debian python3-gi shared-mime-info
  systemd systemd-sysv systemd-timesyncd t1utils ubuntu-mono ucf x11-common
  xdg-user-dirs xkb-data
アップグレード: 0 個、新規インストール: 320 個、 削除: 0 個、保留: 0 個。
95.2 MB のアーカイブを取得する必要があります。
この操作後に追加で 386 MB のディスク容量が消費されます。
取得:1 http://ftp.jaist.ac.jp/pub/Linux/ubuntu focal/main amd64 liblocale-gettext-perl amd64 1.07-4 [17.1 kB]
取得:2 http://ftp.jaist.ac.jp/pub/Linux/ubuntu focal-updates/main amd64 libapparmor1 amd64 2.13.3-7ubuntu5.1 [34.1 kB]
取得:3 http://ftp.jaist.ac.jp/pub/Linux/ubuntu focal/main amd64 libargon2-1 amd64 0~20171227-0.2 [19.2 kB]
取得:4 http://ftp.jaist.ac.jp/pub/Linux/ubuntu focal/main amd64 libdevmapper1.02.1 amd64 2:1.02.167-1ubuntu1 [127 kB]
取得:5 http://ftp.jaist.ac.jp/pub/Linux/ubuntu focal-updates/main amd64 libjson-c4 amd64 0.13.1+dfsg-7ubuntu0.3 [29.3 kB]
取得:6 http://ftp.jaist.ac.jp/pub/Linux/ubuntu focal-updates/main amd64 libcryptsetup12 amd64 2:2.2.2-3ubuntu2.3 [183 kB]
取得:7 http://ftp.jaist.ac.jp/pub/Linux/ubuntu focal/main amd64 libip4tc2 amd64 1.8.4-3ubuntu2 [18.8 kB]
取得:8 http://ftp.jaist.ac.jp/pub/Linux/ubuntu focal/main amd64 libkmod2 amd64 27-1ubuntu2 [44.3 kB]
取得:9 http://ftp.jaist.ac.jp/pub/Linux/ubuntu focal-updates/main amd64 systemd-timesyncd amd64 245.4-4ubuntu3.3 [28.1 kB]
取得:10 http://ftp.jaist.ac.jp/pub/Linux/ubuntu focal-updates/main amd64 systemd amd64 245.4-4ubuntu3.3 [3,804 kB]
取得:11 http://ftp.jaist.ac.jp/pub/Linux/ubuntu focal-updates/main amd64 systemd-sysv amd64 245.4-4ubuntu3.3 [10.3 kB]
取得:12 http://ftp.jaist.ac.jp/pub/Linux/ubuntu focal/main amd64 bsdmainutils amd64 11.1.2ubuntu3 [181 kB]
取得:13 http://ftp.jaist.ac.jp/pub/Linux/ubuntu focal/main amd64 libuchardet0 amd64 0.0.6-3build1 [65.2 kB]
取得:14 http://ftp.jaist.ac.jp/pub/Linux/ubuntu focal/main amd64 groff-base amd64 1.22.4-4build1 [847 kB]
取得:15 http://ftp.jaist.ac.jp/pub/Linux/ubuntu focal/main amd64 libpipeline1 amd64 1.5.2-2build1 [27.7 kB]
取得:16 http://ftp.jaist.ac.jp/pub/Linux/ubuntu focal/main amd64 man-db amd64 2.9.1-1 [1,112 kB]
取得:17 http://ftp.jaist.ac.jp/pub/Linux/ubuntu focal-updates/main amd64 libdbus-1-3 amd64 1.12.16-2ubuntu2.1 [179 kB]
取得:18 http://ftp.jaist.ac.jp/pub/Linux/ubuntu focal-updates/main amd64 dbus amd64 1.12.16-2ubuntu2.1 [151 kB]
取得:19 http://ftp.jaist.ac.jp/pub/Linux/ubuntu focal-updates/main amd64 distro-info-data all 0.43ubuntu1.4 [4,624 B]
取得:20 http://ftp.jaist.ac.jp/pub/Linux/ubuntu focal/main amd64 dmsetup amd64 2:1.02.167-1ubuntu1 [75.6 kB]
取得:21 http://ftp.jaist.ac.jp/pub/Linux/ubuntu focal-updates/main amd64 libglib2.0-0 amd64 2.64.3-1~ubuntu20.04.1 [1,284 kB]
取得:22 http://ftp.jaist.ac.jp/pub/Linux/ubuntu focal-updates/main amd64 libgirepository-1.0-1 amd64 1.64.1-1~ubuntu20.04.1 [85.7 kB]
取得:23 http://ftp.jaist.ac.jp/pub/Linux/ubuntu focal-updates/main amd64 gir1.2-glib-2.0 amd64 1.64.1-1~ubuntu20.04.1 [134 kB]
取得:24 http://ftp.jaist.ac.jp/pub/Linux/ubuntu focal/main amd64 libfribidi0 amd64 1.0.8-2 [23.8 kB]
取得:25 http://ftp.jaist.ac.jp/pub/Linux/ubuntu focal-updates/main amd64 libglib2.0-data all 2.64.3-1~ubuntu20.04.1 [5,752 B]
取得:26 http://ftp.jaist.ac.jp/pub/Linux/ubuntu focal-updates/main amd64 libnss-systemd amd64 245.4-4ubuntu3.3 [95.9 kB]
取得:27 http://ftp.jaist.ac.jp/pub/Linux/ubuntu focal-updates/main amd64 libpam-systemd amd64 245.4-4ubuntu3.3 [186 kB]
取得:28 http://ftp.jaist.ac.jp/pub/Linux/ubuntu focal/main amd64 libxml2 amd64 2.9.10+dfsg-5 [640 kB]
取得:29 http://ftp.jaist.ac.jp/pub/Linux/ubuntu focal/main amd64 lsb-release all 11.1.0ubuntu2 [10.6 kB]
取得:30 http://ftp.jaist.ac.jp/pub/Linux/ubuntu focal/main amd64 python3-dbus amd64 1.2.16-1build1 [94.0 kB]
取得:31 http://ftp.jaist.ac.jp/pub/Linux/ubuntu focal/main amd64 python3-gi amd64 3.36.0-1 [165 kB]
取得:32 http://ftp.jaist.ac.jp/pub/Linux/ubuntu focal/main amd64 networkd-dispatcher all 2.0.1-1 [14.4 kB]
取得:33 http://ftp.jaist.ac.jp/pub/Linux/ubuntu focal/main amd64 shared-mime-info amd64 1.15-1 [430 kB]
取得:34 http://ftp.jaist.ac.jp/pub/Linux/ubuntu focal/main amd64 ucf all 3.0038+nmu1 [51.6 kB]
取得:35 http://ftp.jaist.ac.jp/pub/Linux/ubuntu focal/main amd64 xdg-user-dirs amd64 0.17-2ubuntu1 [48.3 kB]
取得:36 http://ftp.jaist.ac.jp/pub/Linux/ubuntu focal/main amd64 xkb-data all 2.29-2 [349 kB]
取得:37 http://ftp.jaist.ac.jp/pub/Linux/ubuntu focal/main amd64 gettext-base amd64 0.19.8.1-10build1 [50.2 kB]
取得:38 http://ftp.jaist.ac.jp/pub/Linux/ubuntu focal/main amd64 iso-codes all 4.4-1 [2,695 kB]
取得:39 http://ftp.jaist.ac.jp/pub/Linux/ubuntu focal/main amd64 libpng16-16 amd64 1.6.37-2 [179 kB]
取得:40 http://ftp.jaist.ac.jp/pub/Linux/ubuntu focal/main amd64 libpolkit-gobject-1-0 amd64 0.105-26ubuntu1 [39.2 kB]
取得:41 http://ftp.jaist.ac.jp/pub/Linux/ubuntu focal/main amd64 manpages all 5.05-1 [1,314 kB]
取得:42 http://ftp.jaist.ac.jp/pub/Linux/ubuntu focal-updates/main amd64 python-apt-common all 2.0.0ubuntu0.20.04.1 [17.4 kB]
取得:43 http://ftp.jaist.ac.jp/pub/Linux/ubuntu focal-updates/main amd64 python3-apt amd64 2.0.0ubuntu0.20.04.1 [154 kB]
取得:44 http://ftp.jaist.ac.jp/pub/Linux/ubuntu focal/main amd64 hicolor-icon-theme all 0.17-2 [9,976 B]
取得:45 http://ftp.jaist.ac.jp/pub/Linux/ubuntu focal-updates/main amd64 libjpeg-turbo8 amd64 2.0.3-0ubuntu1.20.04.1 [117 kB]
取得:46 http://ftp.jaist.ac.jp/pub/Linux/ubuntu focal/main amd64 libjpeg8 amd64 8c-2ubuntu8 [2,194 B]
取得:47 http://ftp.jaist.ac.jp/pub/Linux/ubuntu focal/main amd64 libjbig0 amd64 2.1-3.1build1 [26.7 kB]
取得:48 http://ftp.jaist.ac.jp/pub/Linux/ubuntu focal/main amd64 libwebp6 amd64 0.6.1-2 [185 kB]
取得:49 http://ftp.jaist.ac.jp/pub/Linux/ubuntu focal/main amd64 libtiff5 amd64 4.1.0+git191117-2build1 [161 kB]
取得:50 http://ftp.jaist.ac.jp/pub/Linux/ubuntu focal/main amd64 libgdk-pixbuf2.0-common all 2.40.0+dfsg-3 [4,896 B]
取得:51 http://ftp.jaist.ac.jp/pub/Linux/ubuntu focal/main amd64 libgdk-pixbuf2.0-0 amd64 2.40.0+dfsg-3 [169 kB]
取得:52 http://ftp.jaist.ac.jp/pub/Linux/ubuntu focal-updates/main amd64 gtk-update-icon-cache amd64 3.24.20-0ubuntu1 [28.9 kB]
取得:53 http://ftp.jaist.ac.jp/pub/Linux/ubuntu focal-updates/main amd64 libfreetype6 amd64 2.10.1-2ubuntu0.1 [341 kB]
取得:54 http://ftp.jaist.ac.jp/pub/Linux/ubuntu focal/main amd64 fonts-dejavu-core all 2.37-1 [1,041 kB]
取得:55 http://ftp.jaist.ac.jp/pub/Linux/ubuntu focal/main amd64 fontconfig-config all 2.13.1-2ubuntu3 [28.8 kB]
取得:56 http://ftp.jaist.ac.jp/pub/Linux/ubuntu focal/main amd64 libfontconfig1 amd64 2.13.1-2ubuntu3 [114 kB]
取得:57 http://ftp.jaist.ac.jp/pub/Linux/ubuntu focal/main amd64 libpixman-1-0 amd64 0.38.4-0ubuntu1 [227 kB]
取得:58 http://ftp.jaist.ac.jp/pub/Linux/ubuntu focal/main amd64 libxcb-render0 amd64 1.14-2 [14.8 kB]
取得:59 http://ftp.jaist.ac.jp/pub/Linux/ubuntu focal/main amd64 libxcb-shm0 amd64 1.14-2 [5,584 B]
取得:60 http://ftp.jaist.ac.jp/pub/Linux/ubuntu focal/main amd64 libxrender1 amd64 1:0.9.10-1 [18.7 kB]
取得:61 http://ftp.jaist.ac.jp/pub/Linux/ubuntu focal/main amd64 libcairo2 amd64 1.16.0-4ubuntu1 [583 kB]
取得:62 http://ftp.jaist.ac.jp/pub/Linux/ubuntu focal/main amd64 libcairo-gobject2 amd64 1.16.0-4ubuntu1 [17.2 kB]
取得:63 http://ftp.jaist.ac.jp/pub/Linux/ubuntu focal/main amd64 fontconfig amd64 2.13.1-2ubuntu3 [171 kB]
取得:64 http://ftp.jaist.ac.jp/pub/Linux/ubuntu focal/main amd64 libgraphite2-3 amd64 1.3.13-11build1 [73.5 kB]
取得:65 http://ftp.jaist.ac.jp/pub/Linux/ubuntu focal/main amd64 libharfbuzz0b amd64 2.6.4-1ubuntu4 [391 kB]
取得:66 http://ftp.jaist.ac.jp/pub/Linux/ubuntu focal/main amd64 libthai-data all 0.1.28-3 [134 kB]
取得:67 http://ftp.jaist.ac.jp/pub/Linux/ubuntu focal/main amd64 libdatrie1 amd64 0.2.12-3 [18.7 kB]
取得:68 http://ftp.jaist.ac.jp/pub/Linux/ubuntu focal/main amd64 libthai0 amd64 0.1.28-3 [18.1 kB]
取得:69 http://ftp.jaist.ac.jp/pub/Linux/ubuntu focal/main amd64 libpango-1.0-0 amd64 1.44.7-2ubuntu4 [162 kB]
取得:70 http://ftp.jaist.ac.jp/pub/Linux/ubuntu focal/main amd64 libpangoft2-1.0-0 amd64 1.44.7-2ubuntu4 [34.9 kB]
取得:71 http://ftp.jaist.ac.jp/pub/Linux/ubuntu focal/main amd64 libpangocairo-1.0-0 amd64 1.44.7-2ubuntu4 [24.8 kB]
取得:72 http://ftp.jaist.ac.jp/pub/Linux/ubuntu focal-updates/main amd64 librsvg2-2 amd64 2.48.7-1ubuntu0.20.04.1 [2,244 kB]
取得:73 http://ftp.jaist.ac.jp/pub/Linux/ubuntu focal-updates/main amd64 librsvg2-common amd64 2.48.7-1ubuntu0.20.04.1 [9,224 B]
取得:74 http://ftp.jaist.ac.jp/pub/Linux/ubuntu focal/main amd64 humanity-icon-theme all 0.6.15 [1,250 kB]
取得:75 http://ftp.jaist.ac.jp/pub/Linux/ubuntu focal/main amd64 ubuntu-mono all 19.04-0ubuntu3 [147 kB]
取得:76 http://ftp.jaist.ac.jp/pub/Linux/ubuntu focal-updates/main amd64 adwaita-icon-theme all 3.36.1-2ubuntu0.20.04.2 [3,441 kB]
取得:77 http://ftp.jaist.ac.jp/pub/Linux/ubuntu focal/main amd64 libatspi2.0-0 amd64 2.36.0-2 [64.2 kB]
取得:78 http://ftp.jaist.ac.jp/pub/Linux/ubuntu focal/main amd64 x11-common all 1:7.7+19ubuntu14 [22.3 kB]
取得:79 http://ftp.jaist.ac.jp/pub/Linux/ubuntu focal/main amd64 libxtst6 amd64 2:1.2.3-1 [12.8 kB]
取得:80 http://ftp.jaist.ac.jp/pub/Linux/ubuntu focal/main amd64 at-spi2-core amd64 2.36.0-2 [48.7 kB]
取得:81 http://ftp.jaist.ac.jp/pub/Linux/ubuntu focal/main amd64 binutils-common amd64 2.34-6ubuntu1 [207 kB]
取得:82 http://ftp.jaist.ac.jp/pub/Linux/ubuntu focal/main amd64 libbinutils amd64 2.34-6ubuntu1 [474 kB]
取得:83 http://ftp.jaist.ac.jp/pub/Linux/ubuntu focal/main amd64 libctf-nobfd0 amd64 2.34-6ubuntu1 [47.0 kB]
取得:84 http://ftp.jaist.ac.jp/pub/Linux/ubuntu focal/main amd64 libctf0 amd64 2.34-6ubuntu1 [46.6 kB]
取得:85 http://ftp.jaist.ac.jp/pub/Linux/ubuntu focal/main amd64 binutils-x86-64-linux-gnu amd64 2.34-6ubuntu1 [1,614 kB]
取得:86 http://ftp.jaist.ac.jp/pub/Linux/ubuntu focal/main amd64 binutils amd64 2.34-6ubuntu1 [3,376 B]
取得:87 http://ftp.jaist.ac.jp/pub/Linux/ubuntu focal-updates/main amd64 libc-dev-bin amd64 2.31-0ubuntu9.1 [71.7 kB]
取得:88 http://ftp.jaist.ac.jp/pub/Linux/ubuntu focal-updates/main amd64 linux-libc-dev amd64 5.4.0-52.57 [1,138 kB]
取得:89 http://ftp.jaist.ac.jp/pub/Linux/ubuntu focal/main amd64 libcrypt-dev amd64 1:4.4.10-10ubuntu4 [104 kB]
取得:90 http://ftp.jaist.ac.jp/pub/Linux/ubuntu focal-updates/main amd64 libc6-dev amd64 2.31-0ubuntu9.1 [2,519 kB]
取得:91 http://ftp.jaist.ac.jp/pub/Linux/ubuntu focal-updates/main amd64 gcc-9-base amd64 9.3.0-17ubuntu1~20.04 [19.1 kB]
取得:92 http://ftp.jaist.ac.jp/pub/Linux/ubuntu focal/main amd64 libisl22 amd64 0.22.1-1 [592 kB]
取得:93 http://ftp.jaist.ac.jp/pub/Linux/ubuntu focal/main amd64 libmpfr6 amd64 4.0.2-1 [240 kB]
取得:94 http://ftp.jaist.ac.jp/pub/Linux/ubuntu focal/main amd64 libmpc3 amd64 1.1.0-1 [40.8 kB]
取得:95 http://ftp.jaist.ac.jp/pub/Linux/ubuntu focal-updates/main amd64 cpp-9 amd64 9.3.0-17ubuntu1~20.04 [7,494 kB]
取得:96 http://ftp.jaist.ac.jp/pub/Linux/ubuntu focal/main amd64 cpp amd64 4:9.3.0-1ubuntu2 [27.6 kB]
取得:97 http://ftp.jaist.ac.jp/pub/Linux/ubuntu focal-updates/main amd64 libcc1-0 amd64 10.2.0-5ubuntu1~20.04 [41.1 kB]
取得:98 http://ftp.jaist.ac.jp/pub/Linux/ubuntu focal-updates/main amd64 libgomp1 amd64 10.2.0-5ubuntu1~20.04 [102 kB]
取得:99 http://ftp.jaist.ac.jp/pub/Linux/ubuntu focal-updates/main amd64 libitm1 amd64 10.2.0-5ubuntu1~20.04 [26.4 kB]
取得:100 http://ftp.jaist.ac.jp/pub/Linux/ubuntu focal-updates/main amd64 libatomic1 amd64 10.2.0-5ubuntu1~20.04 [9,300 B]
取得:101 http://ftp.jaist.ac.jp/pub/Linux/ubuntu focal-updates/main amd64 libasan5 amd64 9.3.0-17ubuntu1~20.04 [394 kB]
取得:102 http://ftp.jaist.ac.jp/pub/Linux/ubuntu focal-updates/main amd64 liblsan0 amd64 10.2.0-5ubuntu1~20.04 [144 kB]
取得:103 http://ftp.jaist.ac.jp/pub/Linux/ubuntu focal-updates/main amd64 libtsan0 amd64 10.2.0-5ubuntu1~20.04 [320 kB]
取得:104 http://ftp.jaist.ac.jp/pub/Linux/ubuntu focal-updates/main amd64 libubsan1 amd64 10.2.0-5ubuntu1~20.04 [136 kB]
取得:105 http://ftp.jaist.ac.jp/pub/Linux/ubuntu focal-updates/main amd64 libquadmath0 amd64 10.2.0-5ubuntu1~20.04 [146 kB]
取得:106 http://ftp.jaist.ac.jp/pub/Linux/ubuntu focal-updates/main amd64 libgcc-9-dev amd64 9.3.0-17ubuntu1~20.04 [2,360 kB]
取得:107 http://ftp.jaist.ac.jp/pub/Linux/ubuntu focal-updates/main amd64 gcc-9 amd64 9.3.0-17ubuntu1~20.04 [8,241 kB]
取得:108 http://ftp.jaist.ac.jp/pub/Linux/ubuntu focal/main amd64 gcc amd64 4:9.3.0-1ubuntu2 [5,208 B]
取得:109 http://ftp.jaist.ac.jp/pub/Linux/ubuntu focal-updates/main amd64 libstdc++-9-dev amd64 9.3.0-17ubuntu1~20.04 [1,714 kB]
取得:110 http://ftp.jaist.ac.jp/pub/Linux/ubuntu focal-updates/main amd64 g++-9 amd64 9.3.0-17ubuntu1~20.04 [8,405 kB]
取得:111 http://ftp.jaist.ac.jp/pub/Linux/ubuntu focal/main amd64 g++ amd64 4:9.3.0-1ubuntu2 [1,604 B]
取得:112 http://ftp.jaist.ac.jp/pub/Linux/ubuntu focal/main amd64 libdpkg-perl all 1.19.7ubuntu3 [230 kB]
取得:113 http://ftp.jaist.ac.jp/pub/Linux/ubuntu focal/main amd64 dpkg-dev all 1.19.7ubuntu3 [679 kB]
取得:114 http://ftp.jaist.ac.jp/pub/Linux/ubuntu focal-updates/main amd64 build-essential amd64 12.8ubuntu1.1 [4,664 B]
取得:115 http://ftp.jaist.ac.jp/pub/Linux/ubuntu focal-updates/main amd64 libcurl4 amd64 7.68.0-1ubuntu2.2 [233 kB]
取得:116 http://ftp.jaist.ac.jp/pub/Linux/ubuntu focal-updates/main amd64 curl amd64 7.68.0-1ubuntu2.2 [161 kB]
取得:117 http://ftp.jaist.ac.jp/pub/Linux/ubuntu focal-updates/main amd64 dbus-user-session amd64 1.12.16-2ubuntu2.1 [9,428 B]
取得:118 http://ftp.jaist.ac.jp/pub/Linux/ubuntu focal/main amd64 libdconf1 amd64 0.36.0-1 [37.4 kB]
取得:119 http://ftp.jaist.ac.jp/pub/Linux/ubuntu focal/main amd64 dconf-service amd64 0.36.0-1 [29.8 kB]
取得:120 http://ftp.jaist.ac.jp/pub/Linux/ubuntu focal/main amd64 dconf-gsettings-backend amd64 0.36.0-1 [22.5 kB]
取得:121 http://ftp.jaist.ac.jp/pub/Linux/ubuntu focal/main amd64 diffstat amd64 1.63-1 [27.2 kB]
取得:122 http://ftp.jaist.ac.jp/pub/Linux/ubuntu focal/main amd64 libassuan0 amd64 2.5.3-7ubuntu2 [35.7 kB]
取得:123 http://ftp.jaist.ac.jp/pub/Linux/ubuntu focal/main amd64 gpgconf amd64 2.2.19-3ubuntu2 [124 kB]
取得:124 http://ftp.jaist.ac.jp/pub/Linux/ubuntu focal/main amd64 libksba8 amd64 1.3.5-2 [92.6 kB]
取得:125 http://ftp.jaist.ac.jp/pub/Linux/ubuntu focal/main amd64 libnpth0 amd64 1.6-1 [7,736 B]
取得:126 http://ftp.jaist.ac.jp/pub/Linux/ubuntu focal/main amd64 dirmngr amd64 2.2.19-3ubuntu2 [329 kB]
取得:127 http://ftp.jaist.ac.jp/pub/Linux/ubuntu focal/main amd64 libfakeroot amd64 1.24-1 [25.7 kB]
取得:128 http://ftp.jaist.ac.jp/pub/Linux/ubuntu focal/main amd64 fakeroot amd64 1.24-1 [62.6 kB]
取得:129 http://ftp.jaist.ac.jp/pub/Linux/ubuntu focal/main amd64 python3-chardet all 3.0.4-4build1 [80.4 kB]
取得:130 http://ftp.jaist.ac.jp/pub/Linux/ubuntu focal/main amd64 python3-debian all 0.1.36ubuntu1 [65.0 kB]
取得:131 http://ftp.jaist.ac.jp/pub/Linux/ubuntu focal/universe amd64 gdebi-core all 0.9.5.7+nmu3 [116 kB]
取得:132 http://ftp.jaist.ac.jp/pub/Linux/ubuntu focal/main amd64 libatk1.0-data all 2.35.1-1ubuntu2 [2,964 B]
取得:133 http://ftp.jaist.ac.jp/pub/Linux/ubuntu focal/main amd64 libatk1.0-0 amd64 2.35.1-1ubuntu2 [45.5 kB]
取得:134 http://ftp.jaist.ac.jp/pub/Linux/ubuntu focal/main amd64 gir1.2-atk-1.0 amd64 2.35.1-1ubuntu2 [18.2 kB]
取得:135 http://ftp.jaist.ac.jp/pub/Linux/ubuntu focal-updates/main amd64 gir1.2-freedesktop amd64 1.64.1-1~ubuntu20.04.1 [19.2 kB]
取得:136 http://ftp.jaist.ac.jp/pub/Linux/ubuntu focal/main amd64 gir1.2-gdkpixbuf-2.0 amd64 2.40.0+dfsg-3 [8,256 B]
取得:137 http://ftp.jaist.ac.jp/pub/Linux/ubuntu focal/main amd64 libxft2 amd64 2.3.3-0ubuntu1 [39.2 kB]
取得:138 http://ftp.jaist.ac.jp/pub/Linux/ubuntu focal/main amd64 libpangoxft-1.0-0 amd64 1.44.7-2ubuntu4 [18.0 kB]
取得:139 http://ftp.jaist.ac.jp/pub/Linux/ubuntu focal/main amd64 gir1.2-pango-1.0 amd64 1.44.7-2ubuntu4 [26.6 kB]
取得:140 http://ftp.jaist.ac.jp/pub/Linux/ubuntu focal-updates/main amd64 libatk-bridge2.0-0 amd64 2.34.2-0ubuntu2~20.04.1 [58.2 kB]
取得:141 http://ftp.jaist.ac.jp/pub/Linux/ubuntu focal/main amd64 liblcms2-2 amd64 2.9-4 [140 kB]
取得:142 http://ftp.jaist.ac.jp/pub/Linux/ubuntu focal/main amd64 libcolord2 amd64 1.4.4-2 [133 kB]
取得:143 http://ftp.jaist.ac.jp/pub/Linux/ubuntu focal/main amd64 libavahi-common-data amd64 0.7-4ubuntu7 [21.4 kB]
取得:144 http://ftp.jaist.ac.jp/pub/Linux/ubuntu focal/main amd64 libavahi-common3 amd64 0.7-4ubuntu7 [21.7 kB]
取得:145 http://ftp.jaist.ac.jp/pub/Linux/ubuntu focal/main amd64 libavahi-client3 amd64 0.7-4ubuntu7 [25.5 kB]
取得:146 http://ftp.jaist.ac.jp/pub/Linux/ubuntu focal-updates/main amd64 libcups2 amd64 2.3.1-9ubuntu1.1 [233 kB]
取得:147 http://ftp.jaist.ac.jp/pub/Linux/ubuntu focal/main amd64 libepoxy0 amd64 1.5.4-1 [191 kB]
取得:148 http://ftp.jaist.ac.jp/pub/Linux/ubuntu focal/main amd64 libjson-glib-1.0-common all 1.4.4-2ubuntu2 [3,468 B]
取得:149 http://ftp.jaist.ac.jp/pub/Linux/ubuntu focal/main amd64 libjson-glib-1.0-0 amd64 1.4.4-2ubuntu2 [59.4 kB]
取得:150 http://ftp.jaist.ac.jp/pub/Linux/ubuntu focal-updates/main amd64 libproxy1v5 amd64 0.4.15-10ubuntu1.1 [48.8 kB]
取得:151 http://ftp.jaist.ac.jp/pub/Linux/ubuntu focal-updates/main amd64 glib-networking-common all 2.64.2-1ubuntu0.1 [5,040 B]
取得:152 http://ftp.jaist.ac.jp/pub/Linux/ubuntu focal-updates/main amd64 glib-networking-services amd64 2.64.2-1ubuntu0.1 [10.6 kB]
取得:153 http://ftp.jaist.ac.jp/pub/Linux/ubuntu focal/main amd64 gsettings-desktop-schemas all 3.36.0-1ubuntu1 [29.0 kB]
取得:154 http://ftp.jaist.ac.jp/pub/Linux/ubuntu focal-updates/main amd64 glib-networking amd64 2.64.2-1ubuntu0.1 [58.2 kB]
取得:155 http://ftp.jaist.ac.jp/pub/Linux/ubuntu focal/main amd64 libsoup2.4-1 amd64 2.70.0-1 [262 kB]
取得:156 http://ftp.jaist.ac.jp/pub/Linux/ubuntu focal/main amd64 libsoup-gnome2.4-1 amd64 2.70.0-1 [6,136 B]
取得:157 http://ftp.jaist.ac.jp/pub/Linux/ubuntu focal/main amd64 librest-0.7-0 amd64 0.8.1-1 [32.2 kB]
取得:158 http://ftp.jaist.ac.jp/pub/Linux/ubuntu focal/main amd64 libwayland-client0 amd64 1.18.0-1 [23.9 kB]
取得:159 http://ftp.jaist.ac.jp/pub/Linux/ubuntu focal/main amd64 libwayland-cursor0 amd64 1.18.0-1 [10.3 kB]
取得:160 http://ftp.jaist.ac.jp/pub/Linux/ubuntu focal/main amd64 libwayland-egl1 amd64 1.18.0-1 [5,692 B]
取得:161 http://ftp.jaist.ac.jp/pub/Linux/ubuntu focal/main amd64 libxcomposite1 amd64 1:0.4.5-1 [6,976 B]
取得:162 http://ftp.jaist.ac.jp/pub/Linux/ubuntu focal/main amd64 libxfixes3 amd64 1:5.0.3-2 [10.9 kB]
取得:163 http://ftp.jaist.ac.jp/pub/Linux/ubuntu focal/main amd64 libxcursor1 amd64 1:1.2.0-2 [20.1 kB]
取得:164 http://ftp.jaist.ac.jp/pub/Linux/ubuntu focal/main amd64 libxdamage1 amd64 1:1.1.5-2 [6,996 B]
取得:165 http://ftp.jaist.ac.jp/pub/Linux/ubuntu focal/main amd64 libxi6 amd64 2:1.7.10-0ubuntu1 [29.9 kB]
取得:166 http://ftp.jaist.ac.jp/pub/Linux/ubuntu focal/main amd64 libxinerama1 amd64 2:1.1.4-2 [6,904 B]
取得:167 http://ftp.jaist.ac.jp/pub/Linux/ubuntu focal/main amd64 libxkbcommon0 amd64 0.10.0-1 [98.4 kB]
取得:168 http://ftp.jaist.ac.jp/pub/Linux/ubuntu focal/main amd64 libxrandr2 amd64 2:1.5.2-0ubuntu1 [18.5 kB]
取得:169 http://ftp.jaist.ac.jp/pub/Linux/ubuntu focal-updates/main amd64 libgtk-3-common all 3.24.20-0ubuntu1 [235 kB]
取得:170 http://ftp.jaist.ac.jp/pub/Linux/ubuntu focal-updates/main amd64 libgtk-3-0 amd64 3.24.20-0ubuntu1 [2,620 kB]
取得:171 http://ftp.jaist.ac.jp/pub/Linux/ubuntu focal-updates/main amd64 gir1.2-gtk-3.0 amd64 3.24.20-0ubuntu1 [196 kB]
取得:172 http://ftp.jaist.ac.jp/pub/Linux/ubuntu focal-updates/main amd64 libvte-2.91-common amd64 0.60.3-0ubuntu1~20.04 [7,500 B]
取得:173 http://ftp.jaist.ac.jp/pub/Linux/ubuntu focal-updates/main amd64 libvte-2.91-0 amd64 0.60.3-0ubuntu1~20.04 [195 kB]
取得:174 http://ftp.jaist.ac.jp/pub/Linux/ubuntu focal-updates/main amd64 gir1.2-vte-2.91 amd64 0.60.3-0ubuntu1~20.04 [9,496 B]
取得:175 http://ftp.jaist.ac.jp/pub/Linux/ubuntu focal/main amd64 libpolkit-agent-1-0 amd64 0.105-26ubuntu1 [15.3 kB]
取得:176 http://ftp.jaist.ac.jp/pub/Linux/ubuntu focal/main amd64 policykit-1 amd64 0.105-26ubuntu1 [84.0 kB]
取得:177 http://ftp.jaist.ac.jp/pub/Linux/ubuntu focal/universe amd64 gnome-icon-theme all 3.12.0-3 [9,620 kB]
取得:178 http://ftp.jaist.ac.jp/pub/Linux/ubuntu focal/universe amd64 gdebi all 0.9.5.7+nmu3 [23.8 kB]
取得:179 http://ftp.jaist.ac.jp/pub/Linux/ubuntu focal/main amd64 libcroco3 amd64 0.6.13-1 [82.5 kB]
取得:180 http://ftp.jaist.ac.jp/pub/Linux/ubuntu focal/main amd64 gettext amd64 0.19.8.1-10build1 [895 kB]
取得:181 http://ftp.jaist.ac.jp/pub/Linux/ubuntu focal/main amd64 gnupg-l10n all 2.2.19-3ubuntu2 [51.7 kB]
取得:182 http://ftp.jaist.ac.jp/pub/Linux/ubuntu focal/main amd64 gnupg-utils amd64 2.2.19-3ubuntu2 [481 kB]
取得:183 http://ftp.jaist.ac.jp/pub/Linux/ubuntu focal/main amd64 gpg amd64 2.2.19-3ubuntu2 [482 kB]
取得:184 http://ftp.jaist.ac.jp/pub/Linux/ubuntu focal/main amd64 pinentry-curses amd64 1.1.0-3build1 [36.3 kB]
取得:185 http://ftp.jaist.ac.jp/pub/Linux/ubuntu focal/main amd64 gpg-agent amd64 2.2.19-3ubuntu2 [232 kB]
取得:186 http://ftp.jaist.ac.jp/pub/Linux/ubuntu focal/main amd64 gpg-wks-client amd64 2.2.19-3ubuntu2 [97.7 kB]
取得:187 http://ftp.jaist.ac.jp/pub/Linux/ubuntu focal/main amd64 gpg-wks-server amd64 2.2.19-3ubuntu2 [90.3 kB]
取得:188 http://ftp.jaist.ac.jp/pub/Linux/ubuntu focal/main amd64 gpgsm amd64 2.2.19-3ubuntu2 [217 kB]
取得:189 http://ftp.jaist.ac.jp/pub/Linux/ubuntu focal/main amd64 gnupg all 2.2.19-3ubuntu2 [259 kB]
取得:190 http://ftp.jaist.ac.jp/pub/Linux/ubuntu focal/main amd64 intltool-debian all 0.35.0+20060710.5 [24.9 kB]
取得:191 http://ftp.jaist.ac.jp/pub/Linux/ubuntu focal/main amd64 libalgorithm-diff-perl all 1.19.03-2 [46.6 kB]
取得:192 http://ftp.jaist.ac.jp/pub/Linux/ubuntu focal/main amd64 libalgorithm-diff-xs-perl amd64 0.04-6 [11.3 kB]
取得:193 http://ftp.jaist.ac.jp/pub/Linux/ubuntu focal/main amd64 libalgorithm-merge-perl all 0.08-3 [12.0 kB]
取得:194 http://ftp.jaist.ac.jp/pub/Linux/ubuntu focal/main amd64 libapt-pkg-perl amd64 0.1.36build3 [68.5 kB]
取得:195 http://ftp.jaist.ac.jp/pub/Linux/ubuntu focal/main amd64 libarchive-zip-perl all 1.67-2 [90.5 kB]
取得:196 http://ftp.jaist.ac.jp/pub/Linux/ubuntu focal/main amd64 libasync-mergepoint-perl all 0.04-2 [10.2 kB]
取得:197 http://ftp.jaist.ac.jp/pub/Linux/ubuntu focal/main amd64 libb-hooks-op-check-perl amd64 0.22-1build2 [10.2 kB]
取得:198 http://ftp.jaist.ac.jp/pub/Linux/ubuntu focal/main amd64 libdynaloader-functions-perl all 0.003-1 [11.9 kB]
取得:199 http://ftp.jaist.ac.jp/pub/Linux/ubuntu focal/main amd64 libdevel-callchecker-perl amd64 0.008-1ubuntu1 [14.5 kB]
取得:200 http://ftp.jaist.ac.jp/pub/Linux/ubuntu focal/main amd64 libparams-classify-perl amd64 0.015-1build2 [21.1 kB]
取得:201 http://ftp.jaist.ac.jp/pub/Linux/ubuntu focal/main amd64 libmodule-runtime-perl all 0.016-1 [16.2 kB]
取得:202 http://ftp.jaist.ac.jp/pub/Linux/ubuntu focal/main amd64 libtry-tiny-perl all 0.30-1 [20.5 kB]
取得:203 http://ftp.jaist.ac.jp/pub/Linux/ubuntu focal/main amd64 libmodule-implementation-perl all 0.09-1 [12.2 kB]
取得:204 http://ftp.jaist.ac.jp/pub/Linux/ubuntu focal/main amd64 libsub-exporter-progressive-perl all 0.001013-1 [6,784 B]
取得:205 http://ftp.jaist.ac.jp/pub/Linux/ubuntu focal/main amd64 libvariable-magic-perl amd64 0.62-1build2 [34.4 kB]
取得:206 http://ftp.jaist.ac.jp/pub/Linux/ubuntu focal/main amd64 libb-hooks-endofscope-perl all 0.24-1 [16.8 kB]
取得:207 http://ftp.jaist.ac.jp/pub/Linux/ubuntu focal/main amd64 libextutils-depends-perl all 0.8000-1 [15.0 kB]
取得:208 http://ftp.jaist.ac.jp/pub/Linux/ubuntu focal/main amd64 pkg-config amd64 0.29.1-0ubuntu4 [45.5 kB]
取得:209 http://ftp.jaist.ac.jp/pub/Linux/ubuntu focal/main amd64 libextutils-pkgconfig-perl all 1.16-1 [9,260 B]
取得:210 http://ftp.jaist.ac.jp/pub/Linux/ubuntu focal/main amd64 libcairo-perl amd64 1.107-1 [87.9 kB]
取得:211 http://ftp.jaist.ac.jp/pub/Linux/ubuntu focal/main amd64 libcapture-tiny-perl all 0.48-1 [20.4 kB]
取得:212 http://ftp.jaist.ac.jp/pub/Linux/ubuntu focal/main amd64 libclass-method-modifiers-perl all 2.13-1 [16.2 kB]
取得:213 http://ftp.jaist.ac.jp/pub/Linux/ubuntu focal/main amd64 libclass-xsaccessor-perl amd64 1.19-3build3 [33.6 kB]
取得:214 http://ftp.jaist.ac.jp/pub/Linux/ubuntu focal/main amd64 libclone-perl amd64 0.43-2 [11.0 kB]
取得:215 http://ftp.jaist.ac.jp/pub/Linux/ubuntu focal/main amd64 libcpanel-json-xs-perl amd64 4.19-1build1 [109 kB]
取得:216 http://ftp.jaist.ac.jp/pub/Linux/ubuntu focal/main amd64 libdata-dump-perl all 1.23-1 [27.0 kB]
取得:217 http://ftp.jaist.ac.jp/pub/Linux/ubuntu focal/main amd64 libdigest-bubblebabble-perl all 0.02-2 [7,908 B]
取得:218 http://ftp.jaist.ac.jp/pub/Linux/ubuntu focal/main amd64 libdigest-hmac-perl all 1.03+dfsg-2 [10.3 kB]
取得:219 http://ftp.jaist.ac.jp/pub/Linux/ubuntu focal/main amd64 perl-openssl-defaults amd64 4 [7,192 B]
取得:220 http://ftp.jaist.ac.jp/pub/Linux/ubuntu focal/main amd64 libnet-ssleay-perl amd64 1.88-2ubuntu1 [291 kB]
取得:221 http://ftp.jaist.ac.jp/pub/Linux/ubuntu focal/main amd64 libio-socket-ssl-perl all 2.067-1 [176 kB]
取得:222 http://ftp.jaist.ac.jp/pub/Linux/ubuntu focal/main amd64 libnet-smtp-ssl-perl all 1.04-1 [5,948 B]
取得:223 http://ftp.jaist.ac.jp/pub/Linux/ubuntu focal/main amd64 libtimedate-perl all 2.3200-1 [34.0 kB]
取得:224 http://ftp.jaist.ac.jp/pub/Linux/ubuntu focal/main amd64 libmailtools-perl all 2.21-1 [80.7 kB]
取得:225 http://ftp.jaist.ac.jp/pub/Linux/ubuntu focal/main amd64 libnet-ip-perl all 1.26-2 [27.4 kB]
取得:226 http://ftp.jaist.ac.jp/pub/Linux/ubuntu focal/main amd64 libnet-dns-perl all 1.22-1 [336 kB]
取得:227 http://ftp.jaist.ac.jp/pub/Linux/ubuntu focal/main amd64 libnet-domain-tld-perl all 1.75-1 [29.1 kB]
取得:228 http://ftp.jaist.ac.jp/pub/Linux/ubuntu focal/main amd64 libemail-valid-perl all 1.202-1 [16.3 kB]
取得:229 http://ftp.jaist.ac.jp/pub/Linux/ubuntu focal/main amd64 libencode-locale-perl all 1.05-1 [12.3 kB]
取得:230 http://ftp.jaist.ac.jp/pub/Linux/ubuntu focal/main amd64 libexporter-tiny-perl all 1.002001-1 [35.5 kB]
取得:231 http://ftp.jaist.ac.jp/pub/Linux/ubuntu focal/main amd64 libipc-system-simple-perl all 1.26-1 [22.8 kB]
取得:232 http://ftp.jaist.ac.jp/pub/Linux/ubuntu focal/main amd64 libfile-basedir-perl all 0.08-1 [16.9 kB]
取得:233 http://ftp.jaist.ac.jp/pub/Linux/ubuntu focal/main amd64 libfile-fcntllock-perl amd64 0.22-3build4 [33.1 kB]
取得:234 http://ftp.jaist.ac.jp/pub/Linux/ubuntu focal/main amd64 libnumber-compare-perl all 0.03-1 [7,318 B]
取得:235 http://ftp.jaist.ac.jp/pub/Linux/ubuntu focal/main amd64 libtext-glob-perl all 0.10-1 [7,554 B]
取得:236 http://ftp.jaist.ac.jp/pub/Linux/ubuntu focal/main amd64 libfile-find-rule-perl all 0.34-1 [28.3 kB]
取得:237 http://ftp.jaist.ac.jp/pub/Linux/ubuntu focal/main amd64 libhttp-date-perl all 6.05-1 [9,920 B]
取得:238 http://ftp.jaist.ac.jp/pub/Linux/ubuntu focal/main amd64 libfile-listing-perl all 6.04-1 [9,774 B]
取得:239 http://ftp.jaist.ac.jp/pub/Linux/ubuntu focal/main amd64 libfont-afm-perl all 1.20-2 [13.2 kB]
取得:240 http://ftp.jaist.ac.jp/pub/Linux/ubuntu focal/main amd64 libio-string-perl all 1.08-3 [11.1 kB]
取得:241 http://ftp.jaist.ac.jp/pub/Linux/ubuntu focal/main amd64 libfont-ttf-perl all 1.06-1 [313 kB]
取得:242 http://ftp.jaist.ac.jp/pub/Linux/ubuntu focal/main amd64 libfuture-perl all 0.43-1 [77.8 kB]
取得:243 http://ftp.jaist.ac.jp/pub/Linux/ubuntu focal/main amd64 libgtk2.0-common all 2.24.32-4ubuntu4 [126 kB]
取得:244 http://ftp.jaist.ac.jp/pub/Linux/ubuntu focal/main amd64 libgtk2.0-0 amd64 2.24.32-4ubuntu4 [1,791 kB]
取得:245 http://ftp.jaist.ac.jp/pub/Linux/ubuntu focal/main amd64 libgail18 amd64 2.24.32-4ubuntu4 [14.7 kB]
取得:246 http://ftp.jaist.ac.jp/pub/Linux/ubuntu focal/main amd64 libgail-common amd64 2.24.32-4ubuntu4 [116 kB]
取得:247 http://ftp.jaist.ac.jp/pub/Linux/ubuntu focal/main amd64 libgdk-pixbuf2.0-bin amd64 2.40.0+dfsg-3 [14.1 kB]
取得:248 http://ftp.jaist.ac.jp/pub/Linux/ubuntu focal/main amd64 libglib-perl amd64 3:1.329.2-1 [331 kB]
取得:249 http://ftp.jaist.ac.jp/pub/Linux/ubuntu focal-updates/main amd64 libgtk-3-bin amd64 3.24.20-0ubuntu1 [61.9 kB]
取得:250 http://ftp.jaist.ac.jp/pub/Linux/ubuntu focal/universe amd64 libpango-perl amd64 1.227-3build1 [158 kB]
取得:251 http://ftp.jaist.ac.jp/pub/Linux/ubuntu focal/universe amd64 libgtk2-perl amd64 2:1.24993-1ubuntu2 [545 kB]
取得:252 http://ftp.jaist.ac.jp/pub/Linux/ubuntu focal/main amd64 libgtk2.0-bin amd64 2.24.32-4ubuntu4 [7,728 B]
取得:253 http://ftp.jaist.ac.jp/pub/Linux/ubuntu focal/main amd64 libhtml-tagset-perl all 3.20-4 [12.5 kB]
取得:254 http://ftp.jaist.ac.jp/pub/Linux/ubuntu focal/main amd64 liburi-perl all 1.76-2 [77.5 kB]
取得:255 http://ftp.jaist.ac.jp/pub/Linux/ubuntu focal/main amd64 libhtml-parser-perl amd64 3.72-5 [86.3 kB]
取得:256 http://ftp.jaist.ac.jp/pub/Linux/ubuntu focal/main amd64 libio-html-perl all 1.001-1 [14.9 kB]
取得:257 http://ftp.jaist.ac.jp/pub/Linux/ubuntu focal/main amd64 liblwp-mediatypes-perl all 6.04-1 [19.5 kB]
取得:258 http://ftp.jaist.ac.jp/pub/Linux/ubuntu focal/main amd64 libhttp-message-perl all 6.22-1 [76.1 kB]
取得:259 http://ftp.jaist.ac.jp/pub/Linux/ubuntu focal/main amd64 libhtml-form-perl all 6.07-1 [22.2 kB]
取得:260 http://ftp.jaist.ac.jp/pub/Linux/ubuntu focal/main amd64 libhtml-tree-perl all 5.07-2 [200 kB]
取得:261 http://ftp.jaist.ac.jp/pub/Linux/ubuntu focal/main amd64 libhtml-format-perl all 2.12-1 [41.3 kB]
取得:262 http://ftp.jaist.ac.jp/pub/Linux/ubuntu focal/main amd64 libhttp-cookies-perl all 6.08-1 [18.3 kB]
取得:263 http://ftp.jaist.ac.jp/pub/Linux/ubuntu focal/main amd64 libhttp-daemon-perl all 6.06-1 [21.4 kB]
取得:264 http://ftp.jaist.ac.jp/pub/Linux/ubuntu focal/main amd64 libhttp-negotiate-perl all 6.01-1 [12.5 kB]
取得:265 http://ftp.jaist.ac.jp/pub/Linux/ubuntu focal/main amd64 libidn11 amd64 1.33-2.2ubuntu2 [46.2 kB]
取得:266 http://ftp.jaist.ac.jp/pub/Linux/ubuntu focal/main amd64 libimport-into-perl all 1.002005-1 [11.0 kB]
取得:267 http://ftp.jaist.ac.jp/pub/Linux/ubuntu focal/main amd64 libstruct-dumb-perl all 0.09-1 [10.5 kB]
取得:268 http://ftp.jaist.ac.jp/pub/Linux/ubuntu focal/main amd64 libio-async-perl all 0.75-1 [254 kB]
取得:269 http://ftp.jaist.ac.jp/pub/Linux/ubuntu focal/main amd64 liblinux-epoll-perl amd64 0.017-1 [16.0 kB]
取得:270 http://ftp.jaist.ac.jp/pub/Linux/ubuntu focal/main amd64 libio-async-loop-epoll-perl all 0.20-1 [10.4 kB]
取得:271 http://ftp.jaist.ac.jp/pub/Linux/ubuntu focal/main amd64 libio-pty-perl amd64 1:1.12-1 [32.4 kB]
取得:272 http://ftp.jaist.ac.jp/pub/Linux/ubuntu focal/main amd64 libipc-run-perl all 20180523.0-2 [89.7 kB]
取得:273 http://ftp.jaist.ac.jp/pub/Linux/ubuntu focal/main amd64 libjson-maybexs-perl all 1.004000-1 [11.0 kB]
取得:274 http://ftp.jaist.ac.jp/pub/Linux/ubuntu focal/main amd64 liblist-compare-perl all 0.53-1 [65.6 kB]
取得:275 http://ftp.jaist.ac.jp/pub/Linux/ubuntu focal/main amd64 liblist-moreutils-perl amd64 0.416-1build5 [55.5 kB]
取得:276 http://ftp.jaist.ac.jp/pub/Linux/ubuntu focal/main amd64 libnet-http-perl all 6.19-1 [22.8 kB]
取得:277 http://ftp.jaist.ac.jp/pub/Linux/ubuntu focal/main amd64 libwww-robotrules-perl all 6.02-1 [12.6 kB]
取得:278 http://ftp.jaist.ac.jp/pub/Linux/ubuntu focal/main amd64 libwww-perl all 6.43-1 [140 kB]
取得:279 http://ftp.jaist.ac.jp/pub/Linux/ubuntu focal/main amd64 liblwp-protocol-https-perl all 6.07-2ubuntu2 [8,560 B]
取得:280 http://ftp.jaist.ac.jp/pub/Linux/ubuntu focal/main amd64 librole-tiny-perl all 2.001004-1 [16.5 kB]
取得:281 http://ftp.jaist.ac.jp/pub/Linux/ubuntu focal/main amd64 libstrictures-perl all 2.000006-1 [16.3 kB]
取得:282 http://ftp.jaist.ac.jp/pub/Linux/ubuntu focal/main amd64 libsub-quote-perl all 2.006006-1 [19.5 kB]
取得:283 http://ftp.jaist.ac.jp/pub/Linux/ubuntu focal/main amd64 libmoo-perl all 2.003006-1 [46.3 kB]
取得:284 http://ftp.jaist.ac.jp/pub/Linux/ubuntu focal/main amd64 libmoox-aliases-perl all 0.001006-1 [7,176 B]
取得:285 http://ftp.jaist.ac.jp/pub/Linux/ubuntu focal/main amd64 libpackage-stash-perl all 0.38-1 [19.1 kB]
取得:286 http://ftp.jaist.ac.jp/pub/Linux/ubuntu focal/main amd64 libsub-identify-perl amd64 0.14-1build2 [10.7 kB]
取得:287 http://ftp.jaist.ac.jp/pub/Linux/ubuntu focal/main amd64 libsub-name-perl amd64 0.26-1 [11.5 kB]
取得:288 http://ftp.jaist.ac.jp/pub/Linux/ubuntu focal/main amd64 libnamespace-clean-perl all 0.27-1 [13.6 kB]
取得:289 http://ftp.jaist.ac.jp/pub/Linux/ubuntu focal/main amd64 libnet-dns-sec-perl amd64 1.15-1 [44.6 kB]
取得:290 http://ftp.jaist.ac.jp/pub/Linux/ubuntu focal/main amd64 libnet-libidn-perl amd64 0.12.ds-3build2 [17.3 kB]
取得:291 http://ftp.jaist.ac.jp/pub/Linux/ubuntu focal/main amd64 libpackage-stash-xs-perl amd64 0.29-1build1 [18.4 kB]
取得:292 http://ftp.jaist.ac.jp/pub/Linux/ubuntu focal/main amd64 libpath-tiny-perl all 0.108-1 [42.6 kB]
取得:293 http://ftp.jaist.ac.jp/pub/Linux/ubuntu focal/main amd64 libperl4-corelibs-perl all 0.004-2 [37.4 kB]
取得:294 http://ftp.jaist.ac.jp/pub/Linux/ubuntu focal/main amd64 libperlio-gzip-perl amd64 0.19-1build5 [14.6 kB]
取得:295 http://ftp.jaist.ac.jp/pub/Linux/ubuntu focal/main amd64 libreadonly-perl all 2.050-2 [19.9 kB]
取得:296 http://ftp.jaist.ac.jp/pub/Linux/ubuntu focal/main amd64 libref-util-perl all 0.204-1 [15.0 kB]
取得:297 http://ftp.jaist.ac.jp/pub/Linux/ubuntu focal/main amd64 libref-util-xs-perl amd64 0.117-1build2 [12.0 kB]
取得:298 http://ftp.jaist.ac.jp/pub/Linux/ubuntu focal/main amd64 libsereal-decoder-perl amd64 4.011+ds-1build1 [102 kB]
取得:299 http://ftp.jaist.ac.jp/pub/Linux/ubuntu focal/main amd64 libsereal-encoder-perl amd64 4.011+ds-1build1 [104 kB]
取得:300 http://ftp.jaist.ac.jp/pub/Linux/ubuntu focal/main amd64 libsereal-perl all 4.011-1 [8,604 B]
取得:301 http://ftp.jaist.ac.jp/pub/Linux/ubuntu focal/main amd64 libtest-fatal-perl all 0.014-1 [11.1 kB]
取得:302 http://ftp.jaist.ac.jp/pub/Linux/ubuntu focal/main amd64 libtest-refcount-perl all 0.10-1 [11.4 kB]
取得:303 http://ftp.jaist.ac.jp/pub/Linux/ubuntu focal/main amd64 libtext-levenshtein-perl all 0.13-1 [9,612 B]
取得:304 http://ftp.jaist.ac.jp/pub/Linux/ubuntu focal/main amd64 libtype-tiny-perl all 1.008001-2 [304 kB]
取得:305 http://ftp.jaist.ac.jp/pub/Linux/ubuntu focal/main amd64 libtype-tiny-xs-perl amd64 0.016-1 [22.9 kB]
取得:306 http://ftp.jaist.ac.jp/pub/Linux/ubuntu focal/main amd64 libunicode-utf8-perl amd64 0.62-1build1 [18.1 kB]
取得:307 http://ftp.jaist.ac.jp/pub/Linux/ubuntu focal/main amd64 libxml-namespacesupport-perl all 1.12-1 [13.2 kB]
取得:308 http://ftp.jaist.ac.jp/pub/Linux/ubuntu focal/main amd64 libxml-sax-base-perl all 1.09-1 [18.8 kB]
取得:309 http://ftp.jaist.ac.jp/pub/Linux/ubuntu focal/main amd64 libxml-sax-perl all 1.02+dfsg-1 [56.2 kB]
取得:310 http://ftp.jaist.ac.jp/pub/Linux/ubuntu focal/main amd64 libxml-libxml-perl amd64 2.0134+dfsg-1build1 [320 kB]
取得:311 http://ftp.jaist.ac.jp/pub/Linux/ubuntu focal/main amd64 libxml-parser-perl amd64 2.46-1 [193 kB]
取得:312 http://ftp.jaist.ac.jp/pub/Linux/ubuntu focal/main amd64 libxml-sax-expat-perl all 0.51-1 [10.5 kB]
取得:313 http://ftp.jaist.ac.jp/pub/Linux/ubuntu focal/main amd64 libxml-writer-perl all 0.625-1 [24.9 kB]
取得:314 http://ftp.jaist.ac.jp/pub/Linux/ubuntu focal/main amd64 libyaml-libyaml-perl amd64 0.81+repack-1 [28.5 kB]
取得:315 http://ftp.jaist.ac.jp/pub/Linux/ubuntu focal/main amd64 libdevel-size-perl amd64 0.83-1build1 [20.0 kB]
取得:316 http://ftp.jaist.ac.jp/pub/Linux/ubuntu focal/main amd64 patchutils amd64 0.3.4-2 [71.1 kB]
取得:317 http://ftp.jaist.ac.jp/pub/Linux/ubuntu focal/main amd64 t1utils amd64 1.41-3 [56.1 kB]
取得:318 http://ftp.jaist.ac.jp/pub/Linux/ubuntu focal/main amd64 lintian all 2.62.0 [980 kB]
取得:319 http://ftp.jaist.ac.jp/pub/Linux/ubuntu focal/main amd64 manpages-dev all 5.05-1 [2,266 kB]
取得:320 http://ftp.jaist.ac.jp/pub/Linux/ubuntu focal/main amd64 libauthen-sasl-perl all 2.1600-1 [48.7 kB]
debconf: unable to initialize frontend: Dialog
debconf: (No usable dialog-like program is installed, so the dialog based frontend cannot be used. at /usr/share/perl5/Debconf/FrontEnd/Dialog.pm line 76, <> line 320.)
debconf: falling back to frontend: Readline
Preconfiguring packages ...
95.2 MB を 2分 15秒 で取得しました (704 kB/s)
以前に未選択のパッケージ liblocale-gettext-perl を選択しています。
(データベースを読み込んでいます ... (データベースを読み込んでいます ... 5%(データベースを読み込んでいます ... 10%(データベースを読み込んでいます ... 15%(データベースを読み込んでいます ... 20%(データベースを読み込んでいます ... 25%(データベースを読み込んでいます ... 30%(データベースを読み込んでいます ... 35%(データベースを読み込んでいます ... 40%(データベースを読み込んでいます ... 45%(データベースを読み込んでいます ... 50%(データベースを読み込んでいます ... 55%(データベースを読み込んでいます ... 60%(データベースを読み込んでいます ... 65%(データベースを読み込んでいます ... 70%(データベースを読み込んでいます ... 75%(データベースを読み込んでいます ... 80%(データベースを読み込んでいます ... 85%(データベースを読み込んでいます ... 90%(データベースを読み込んでいます ... 95%(データベースを読み込んでいます ... 100%(データベースを読み込んでいます ... 現在 23090 個のファイルとディレクトリがインストールされています。)
.../0-liblocale-gettext-perl_1.07-4_amd64.deb を展開する準備をしています ...
liblocale-gettext-perl (1.07-4) を展開しています...
以前に未選択のパッケージ libapparmor1:amd64 を選択しています。
.../1-libapparmor1_2.13.3-7ubuntu5.1_amd64.deb を展開する準備をしています ...
libapparmor1:amd64 (2.13.3-7ubuntu5.1) を展開しています...
以前に未選択のパッケージ libargon2-1:amd64 を選択しています。
.../2-libargon2-1_0~20171227-0.2_amd64.deb を展開する準備をしています ...
libargon2-1:amd64 (0~20171227-0.2) を展開しています...
以前に未選択のパッケージ libdevmapper1.02.1:amd64 を選択しています。
.../3-libdevmapper1.02.1_2%3a1.02.167-1ubuntu1_amd64.deb を展開する準備をしています ...
libdevmapper1.02.1:amd64 (2:1.02.167-1ubuntu1) を展開しています...
以前に未選択のパッケージ libjson-c4:amd64 を選択しています。
.../4-libjson-c4_0.13.1+dfsg-7ubuntu0.3_amd64.deb を展開する準備をしています ...
libjson-c4:amd64 (0.13.1+dfsg-7ubuntu0.3) を展開しています...
以前に未選択のパッケージ libcryptsetup12:amd64 を選択しています。
.../5-libcryptsetup12_2%3a2.2.2-3ubuntu2.3_amd64.deb を展開する準備をしています ...
libcryptsetup12:amd64 (2:2.2.2-3ubuntu2.3) を展開しています...
以前に未選択のパッケージ libip4tc2:amd64 を選択しています。
.../6-libip4tc2_1.8.4-3ubuntu2_amd64.deb を展開する準備をしています ...
libip4tc2:amd64 (1.8.4-3ubuntu2) を展開しています...
以前に未選択のパッケージ libkmod2:amd64 を選択しています。
.../7-libkmod2_27-1ubuntu2_amd64.deb を展開する準備をしています ...
libkmod2:amd64 (27-1ubuntu2) を展開しています...
以前に未選択のパッケージ systemd-timesyncd を選択しています。
.../8-systemd-timesyncd_245.4-4ubuntu3.3_amd64.deb を展開する準備をしています ...
systemd-timesyncd (245.4-4ubuntu3.3) を展開しています...
以前に未選択のパッケージ systemd を選択しています。
.../9-systemd_245.4-4ubuntu3.3_amd64.deb を展開する準備をしています ...
systemd (245.4-4ubuntu3.3) を展開しています...
libapparmor1:amd64 (2.13.3-7ubuntu5.1) を設定しています ...
libargon2-1:amd64 (0~20171227-0.2) を設定しています ...
libdevmapper1.02.1:amd64 (2:1.02.167-1ubuntu1) を設定しています ...
libjson-c4:amd64 (0.13.1+dfsg-7ubuntu0.3) を設定しています ...
libcryptsetup12:amd64 (2:2.2.2-3ubuntu2.3) を設定しています ...
libip4tc2:amd64 (1.8.4-3ubuntu2) を設定しています ...
libkmod2:amd64 (27-1ubuntu2) を設定しています ...
systemd-timesyncd (245.4-4ubuntu3.3) を設定しています ...
Created symlink /etc/systemd/system/dbus-org.freedesktop.timesync1.service → /lib/systemd/system/systemd-timesyncd.service.
Created symlink /etc/systemd/system/sysinit.target.wants/systemd-timesyncd.service → /lib/systemd/system/systemd-timesyncd.service.
systemd (245.4-4ubuntu3.3) を設定しています ...
Created symlink /etc/systemd/system/getty.target.wants/getty@tty1.service → /lib/systemd/system/getty@.service.
Created symlink /etc/systemd/system/multi-user.target.wants/remote-fs.target → /lib/systemd/system/remote-fs.target.
Created symlink /etc/systemd/system/dbus-org.freedesktop.resolve1.service → /lib/systemd/system/systemd-resolved.service.
Created symlink /etc/systemd/system/multi-user.target.wants/systemd-resolved.service → /lib/systemd/system/systemd-resolved.service.
ln: シンボリックリンク '/etc/resolv.conf' の作成に失敗しました: デバイスもしくはリソースがビジー状態です
Created symlink /etc/systemd/system/multi-user.target.wants/ondemand.service → /lib/systemd/system/ondemand.service.
Created symlink /etc/systemd/system/sysinit.target.wants/systemd-pstore.service → /lib/systemd/system/systemd-pstore.service.
Initializing machine ID from random generator.
以前に未選択のパッケージ systemd-sysv を選択しています。
(データベースを読み込んでいます ... (データベースを読み込んでいます ... 5%(データベースを読み込んでいます ... 10%(データベースを読み込んでいます ... 15%(データベースを読み込んでいます ... 20%(データベースを読み込んでいます ... 25%(データベースを読み込んでいます ... 30%(データベースを読み込んでいます ... 35%(データベースを読み込んでいます ... 40%(データベースを読み込んでいます ... 45%(データベースを読み込んでいます ... 50%(データベースを読み込んでいます ... 55%(データベースを読み込んでいます ... 60%(データベースを読み込んでいます ... 65%(データベースを読み込んでいます ... 70%(データベースを読み込んでいます ... 75%(データベースを読み込んでいます ... 80%(データベースを読み込んでいます ... 85%(データベースを読み込んでいます ... 90%(データベースを読み込んでいます ... 95%(データベースを読み込んでいます ... 100%(データベースを読み込んでいます ... 現在 23897 個のファイルとディレクトリがインストールされています。)
.../000-systemd-sysv_245.4-4ubuntu3.3_amd64.deb を展開する準備をしています ...
systemd-sysv (245.4-4ubuntu3.3) を展開しています...
以前に未選択のパッケージ bsdmainutils を選択しています。
.../001-bsdmainutils_11.1.2ubuntu3_amd64.deb を展開する準備をしています ...
bsdmainutils (11.1.2ubuntu3) を展開しています...
以前に未選択のパッケージ libuchardet0:amd64 を選択しています。
.../002-libuchardet0_0.0.6-3build1_amd64.deb を展開する準備をしています ...
libuchardet0:amd64 (0.0.6-3build1) を展開しています...
以前に未選択のパッケージ groff-base を選択しています。
.../003-groff-base_1.22.4-4build1_amd64.deb を展開する準備をしています ...
groff-base (1.22.4-4build1) を展開しています...
以前に未選択のパッケージ libpipeline1:amd64 を選択しています。
.../004-libpipeline1_1.5.2-2build1_amd64.deb を展開する準備をしています ...
libpipeline1:amd64 (1.5.2-2build1) を展開しています...
以前に未選択のパッケージ man-db を選択しています。
.../005-man-db_2.9.1-1_amd64.deb を展開する準備をしています ...
man-db (2.9.1-1) を展開しています...
以前に未選択のパッケージ libdbus-1-3:amd64 を選択しています。
.../006-libdbus-1-3_1.12.16-2ubuntu2.1_amd64.deb を展開する準備をしています ...
libdbus-1-3:amd64 (1.12.16-2ubuntu2.1) を展開しています...
以前に未選択のパッケージ dbus を選択しています。
.../007-dbus_1.12.16-2ubuntu2.1_amd64.deb を展開する準備をしています ...
dbus (1.12.16-2ubuntu2.1) を展開しています...
以前に未選択のパッケージ distro-info-data を選択しています。
.../008-distro-info-data_0.43ubuntu1.4_all.deb を展開する準備をしています ...
distro-info-data (0.43ubuntu1.4) を展開しています...
以前に未選択のパッケージ dmsetup を選択しています。
.../009-dmsetup_2%3a1.02.167-1ubuntu1_amd64.deb を展開する準備をしています ...
dmsetup (2:1.02.167-1ubuntu1) を展開しています...
以前に未選択のパッケージ libglib2.0-0:amd64 を選択しています。
.../010-libglib2.0-0_2.64.3-1~ubuntu20.04.1_amd64.deb を展開する準備をしています ...
libglib2.0-0:amd64 (2.64.3-1~ubuntu20.04.1) を展開しています...
以前に未選択のパッケージ libgirepository-1.0-1:amd64 を選択しています。
.../011-libgirepository-1.0-1_1.64.1-1~ubuntu20.04.1_amd64.deb を展開する準備をしています ...
libgirepository-1.0-1:amd64 (1.64.1-1~ubuntu20.04.1) を展開しています...
以前に未選択のパッケージ gir1.2-glib-2.0:amd64 を選択しています。
.../012-gir1.2-glib-2.0_1.64.1-1~ubuntu20.04.1_amd64.deb を展開する準備をしています ...
gir1.2-glib-2.0:amd64 (1.64.1-1~ubuntu20.04.1) を展開しています...
以前に未選択のパッケージ libfribidi0:amd64 を選択しています。
.../013-libfribidi0_1.0.8-2_amd64.deb を展開する準備をしています ...
libfribidi0:amd64 (1.0.8-2) を展開しています...
以前に未選択のパッケージ libglib2.0-data を選択しています。
.../014-libglib2.0-data_2.64.3-1~ubuntu20.04.1_all.deb を展開する準備をしています ...
libglib2.0-data (2.64.3-1~ubuntu20.04.1) を展開しています...
以前に未選択のパッケージ libnss-systemd:amd64 を選択しています。
.../015-libnss-systemd_245.4-4ubuntu3.3_amd64.deb を展開する準備をしています ...
libnss-systemd:amd64 (245.4-4ubuntu3.3) を展開しています...
以前に未選択のパッケージ libpam-systemd:amd64 を選択しています。
.../016-libpam-systemd_245.4-4ubuntu3.3_amd64.deb を展開する準備をしています ...
libpam-systemd:amd64 (245.4-4ubuntu3.3) を展開しています...
以前に未選択のパッケージ libxml2:amd64 を選択しています。
.../017-libxml2_2.9.10+dfsg-5_amd64.deb を展開する準備をしています ...
libxml2:amd64 (2.9.10+dfsg-5) を展開しています...
以前に未選択のパッケージ lsb-release を選択しています。
.../018-lsb-release_11.1.0ubuntu2_all.deb を展開する準備をしています ...
lsb-release (11.1.0ubuntu2) を展開しています...
以前に未選択のパッケージ python3-dbus を選択しています。
.../019-python3-dbus_1.2.16-1build1_amd64.deb を展開する準備をしています ...
python3-dbus (1.2.16-1build1) を展開しています...
以前に未選択のパッケージ python3-gi を選択しています。
.../020-python3-gi_3.36.0-1_amd64.deb を展開する準備をしています ...
python3-gi (3.36.0-1) を展開しています...
以前に未選択のパッケージ networkd-dispatcher を選択しています。
.../021-networkd-dispatcher_2.0.1-1_all.deb を展開する準備をしています ...
networkd-dispatcher (2.0.1-1) を展開しています...
以前に未選択のパッケージ shared-mime-info を選択しています。
.../022-shared-mime-info_1.15-1_amd64.deb を展開する準備をしています ...
shared-mime-info (1.15-1) を展開しています...
以前に未選択のパッケージ ucf を選択しています。
.../023-ucf_3.0038+nmu1_all.deb を展開する準備をしています ...
Moving old data out of the way
ucf (3.0038+nmu1) を展開しています...
以前に未選択のパッケージ xdg-user-dirs を選択しています。
.../024-xdg-user-dirs_0.17-2ubuntu1_amd64.deb を展開する準備をしています ...
xdg-user-dirs (0.17-2ubuntu1) を展開しています...
以前に未選択のパッケージ xkb-data を選択しています。
.../025-xkb-data_2.29-2_all.deb を展開する準備をしています ...
xkb-data (2.29-2) を展開しています...
以前に未選択のパッケージ gettext-base を選択しています。
.../026-gettext-base_0.19.8.1-10build1_amd64.deb を展開する準備をしています ...
gettext-base (0.19.8.1-10build1) を展開しています...
以前に未選択のパッケージ iso-codes を選択しています。
.../027-iso-codes_4.4-1_all.deb を展開する準備をしています ...
iso-codes (4.4-1) を展開しています...
以前に未選択のパッケージ libpng16-16:amd64 を選択しています。
.../028-libpng16-16_1.6.37-2_amd64.deb を展開する準備をしています ...
libpng16-16:amd64 (1.6.37-2) を展開しています...
以前に未選択のパッケージ libpolkit-gobject-1-0:amd64 を選択しています。
.../029-libpolkit-gobject-1-0_0.105-26ubuntu1_amd64.deb を展開する準備をしています ...
libpolkit-gobject-1-0:amd64 (0.105-26ubuntu1) を展開しています...
以前に未選択のパッケージ manpages を選択しています。
.../030-manpages_5.05-1_all.deb を展開する準備をしています ...
manpages (5.05-1) を展開しています...
以前に未選択のパッケージ python-apt-common を選択しています。
.../031-python-apt-common_2.0.0ubuntu0.20.04.1_all.deb を展開する準備をしています ...
python-apt-common (2.0.0ubuntu0.20.04.1) を展開しています...
以前に未選択のパッケージ python3-apt を選択しています。
.../032-python3-apt_2.0.0ubuntu0.20.04.1_amd64.deb を展開する準備をしています ...
python3-apt (2.0.0ubuntu0.20.04.1) を展開しています...
以前に未選択のパッケージ hicolor-icon-theme を選択しています。
.../033-hicolor-icon-theme_0.17-2_all.deb を展開する準備をしています ...
hicolor-icon-theme (0.17-2) を展開しています...
以前に未選択のパッケージ libjpeg-turbo8:amd64 を選択しています。
.../034-libjpeg-turbo8_2.0.3-0ubuntu1.20.04.1_amd64.deb を展開する準備をしています ...
libjpeg-turbo8:amd64 (2.0.3-0ubuntu1.20.04.1) を展開しています...
以前に未選択のパッケージ libjpeg8:amd64 を選択しています。
.../035-libjpeg8_8c-2ubuntu8_amd64.deb を展開する準備をしています ...
libjpeg8:amd64 (8c-2ubuntu8) を展開しています...
以前に未選択のパッケージ libjbig0:amd64 を選択しています。
.../036-libjbig0_2.1-3.1build1_amd64.deb を展開する準備をしています ...
libjbig0:amd64 (2.1-3.1build1) を展開しています...
以前に未選択のパッケージ libwebp6:amd64 を選択しています。
.../037-libwebp6_0.6.1-2_amd64.deb を展開する準備をしています ...
libwebp6:amd64 (0.6.1-2) を展開しています...
以前に未選択のパッケージ libtiff5:amd64 を選択しています。
.../038-libtiff5_4.1.0+git191117-2build1_amd64.deb を展開する準備をしています ...
libtiff5:amd64 (4.1.0+git191117-2build1) を展開しています...
以前に未選択のパッケージ libgdk-pixbuf2.0-common を選択しています。
.../039-libgdk-pixbuf2.0-common_2.40.0+dfsg-3_all.deb を展開する準備をしています ...
libgdk-pixbuf2.0-common (2.40.0+dfsg-3) を展開しています...
以前に未選択のパッケージ libgdk-pixbuf2.0-0:amd64 を選択しています。
.../040-libgdk-pixbuf2.0-0_2.40.0+dfsg-3_amd64.deb を展開する準備をしています ...
libgdk-pixbuf2.0-0:amd64 (2.40.0+dfsg-3) を展開しています...
以前に未選択のパッケージ gtk-update-icon-cache を選択しています。
.../041-gtk-update-icon-cache_3.24.20-0ubuntu1_amd64.deb を展開する準備をしています ...
退避先 'libgtk-3-bin による /usr/sbin/update-icon-caches から /usr/sbin/update-icon-caches.gtk2 への退避 (divert)' がないので、何も削除されません。
退避先 'libgtk-3-bin による /usr/share/man/man8/update-icon-caches.8.gz から /usr/share/man/man8/update-icon-caches.gtk2.8.gz への退避 (divert)' がないので、何も削除されません。
gtk-update-icon-cache (3.24.20-0ubuntu1) を展開しています...
以前に未選択のパッケージ libfreetype6:amd64 を選択しています。
.../042-libfreetype6_2.10.1-2ubuntu0.1_amd64.deb を展開する準備をしています ...
libfreetype6:amd64 (2.10.1-2ubuntu0.1) を展開しています...
以前に未選択のパッケージ fonts-dejavu-core を選択しています。
.../043-fonts-dejavu-core_2.37-1_all.deb を展開する準備をしています ...
fonts-dejavu-core (2.37-1) を展開しています...
以前に未選択のパッケージ fontconfig-config を選択しています。
.../044-fontconfig-config_2.13.1-2ubuntu3_all.deb を展開する準備をしています ...
fontconfig-config (2.13.1-2ubuntu3) を展開しています...
以前に未選択のパッケージ libfontconfig1:amd64 を選択しています。
.../045-libfontconfig1_2.13.1-2ubuntu3_amd64.deb を展開する準備をしています ...
libfontconfig1:amd64 (2.13.1-2ubuntu3) を展開しています...
以前に未選択のパッケージ libpixman-1-0:amd64 を選択しています。
.../046-libpixman-1-0_0.38.4-0ubuntu1_amd64.deb を展開する準備をしています ...
libpixman-1-0:amd64 (0.38.4-0ubuntu1) を展開しています...
以前に未選択のパッケージ libxcb-render0:amd64 を選択しています。
.../047-libxcb-render0_1.14-2_amd64.deb を展開する準備をしています ...
libxcb-render0:amd64 (1.14-2) を展開しています...
以前に未選択のパッケージ libxcb-shm0:amd64 を選択しています。
.../048-libxcb-shm0_1.14-2_amd64.deb を展開する準備をしています ...
libxcb-shm0:amd64 (1.14-2) を展開しています...
以前に未選択のパッケージ libxrender1:amd64 を選択しています。
.../049-libxrender1_1%3a0.9.10-1_amd64.deb を展開する準備をしています ...
libxrender1:amd64 (1:0.9.10-1) を展開しています...
以前に未選択のパッケージ libcairo2:amd64 を選択しています。
.../050-libcairo2_1.16.0-4ubuntu1_amd64.deb を展開する準備をしています ...
libcairo2:amd64 (1.16.0-4ubuntu1) を展開しています...
以前に未選択のパッケージ libcairo-gobject2:amd64 を選択しています。
.../051-libcairo-gobject2_1.16.0-4ubuntu1_amd64.deb を展開する準備をしています ...
libcairo-gobject2:amd64 (1.16.0-4ubuntu1) を展開しています...
以前に未選択のパッケージ fontconfig を選択しています。
.../052-fontconfig_2.13.1-2ubuntu3_amd64.deb を展開する準備をしています ...
fontconfig (2.13.1-2ubuntu3) を展開しています...
以前に未選択のパッケージ libgraphite2-3:amd64 を選択しています。
.../053-libgraphite2-3_1.3.13-11build1_amd64.deb を展開する準備をしています ...
libgraphite2-3:amd64 (1.3.13-11build1) を展開しています...
以前に未選択のパッケージ libharfbuzz0b:amd64 を選択しています。
.../054-libharfbuzz0b_2.6.4-1ubuntu4_amd64.deb を展開する準備をしています ...
libharfbuzz0b:amd64 (2.6.4-1ubuntu4) を展開しています...
以前に未選択のパッケージ libthai-data を選択しています。
.../055-libthai-data_0.1.28-3_all.deb を展開する準備をしています ...
libthai-data (0.1.28-3) を展開しています...
以前に未選択のパッケージ libdatrie1:amd64 を選択しています。
.../056-libdatrie1_0.2.12-3_amd64.deb を展開する準備をしています ...
libdatrie1:amd64 (0.2.12-3) を展開しています...
以前に未選択のパッケージ libthai0:amd64 を選択しています。
.../057-libthai0_0.1.28-3_amd64.deb を展開する準備をしています ...
libthai0:amd64 (0.1.28-3) を展開しています...
以前に未選択のパッケージ libpango-1.0-0:amd64 を選択しています。
.../058-libpango-1.0-0_1.44.7-2ubuntu4_amd64.deb を展開する準備をしています ...
libpango-1.0-0:amd64 (1.44.7-2ubuntu4) を展開しています...
以前に未選択のパッケージ libpangoft2-1.0-0:amd64 を選択しています。
.../059-libpangoft2-1.0-0_1.44.7-2ubuntu4_amd64.deb を展開する準備をしています ...
libpangoft2-1.0-0:amd64 (1.44.7-2ubuntu4) を展開しています...
以前に未選択のパッケージ libpangocairo-1.0-0:amd64 を選択しています。
.../060-libpangocairo-1.0-0_1.44.7-2ubuntu4_amd64.deb を展開する準備をしています ...
libpangocairo-1.0-0:amd64 (1.44.7-2ubuntu4) を展開しています...
以前に未選択のパッケージ librsvg2-2:amd64 を選択しています。
.../061-librsvg2-2_2.48.7-1ubuntu0.20.04.1_amd64.deb を展開する準備をしています ...
librsvg2-2:amd64 (2.48.7-1ubuntu0.20.04.1) を展開しています...
以前に未選択のパッケージ librsvg2-common:amd64 を選択しています。
.../062-librsvg2-common_2.48.7-1ubuntu0.20.04.1_amd64.deb を展開する準備をしています ...
librsvg2-common:amd64 (2.48.7-1ubuntu0.20.04.1) を展開しています...
以前に未選択のパッケージ humanity-icon-theme を選択しています。
.../063-humanity-icon-theme_0.6.15_all.deb を展開する準備をしています ...
humanity-icon-theme (0.6.15) を展開しています...
以前に未選択のパッケージ ubuntu-mono を選択しています。
.../064-ubuntu-mono_19.04-0ubuntu3_all.deb を展開する準備をしています ...
ubuntu-mono (19.04-0ubuntu3) を展開しています...
以前に未選択のパッケージ adwaita-icon-theme を選択しています。
.../065-adwaita-icon-theme_3.36.1-2ubuntu0.20.04.2_all.deb を展開する準備をしています ...
adwaita-icon-theme (3.36.1-2ubuntu0.20.04.2) を展開しています...
以前に未選択のパッケージ libatspi2.0-0:amd64 を選択しています。
.../066-libatspi2.0-0_2.36.0-2_amd64.deb を展開する準備をしています ...
libatspi2.0-0:amd64 (2.36.0-2) を展開しています...
以前に未選択のパッケージ x11-common を選択しています。
.../067-x11-common_1%3a7.7+19ubuntu14_all.deb を展開する準備をしています ...
dpkg-query: nux-tools に一致するパッケージが見つかりません
x11-common (1:7.7+19ubuntu14) を展開しています...
以前に未選択のパッケージ libxtst6:amd64 を選択しています。
.../068-libxtst6_2%3a1.2.3-1_amd64.deb を展開する準備をしています ...
libxtst6:amd64 (2:1.2.3-1) を展開しています...
以前に未選択のパッケージ at-spi2-core を選択しています。
.../069-at-spi2-core_2.36.0-2_amd64.deb を展開する準備をしています ...
at-spi2-core (2.36.0-2) を展開しています...
以前に未選択のパッケージ binutils-common:amd64 を選択しています。
.../070-binutils-common_2.34-6ubuntu1_amd64.deb を展開する準備をしています ...
binutils-common:amd64 (2.34-6ubuntu1) を展開しています...
以前に未選択のパッケージ libbinutils:amd64 を選択しています。
.../071-libbinutils_2.34-6ubuntu1_amd64.deb を展開する準備をしています ...
libbinutils:amd64 (2.34-6ubuntu1) を展開しています...
以前に未選択のパッケージ libctf-nobfd0:amd64 を選択しています。
.../072-libctf-nobfd0_2.34-6ubuntu1_amd64.deb を展開する準備をしています ...
libctf-nobfd0:amd64 (2.34-6ubuntu1) を展開しています...
以前に未選択のパッケージ libctf0:amd64 を選択しています。
.../073-libctf0_2.34-6ubuntu1_amd64.deb を展開する準備をしています ...
libctf0:amd64 (2.34-6ubuntu1) を展開しています...
以前に未選択のパッケージ binutils-x86-64-linux-gnu を選択しています。
.../074-binutils-x86-64-linux-gnu_2.34-6ubuntu1_amd64.deb を展開する準備をしています ...
binutils-x86-64-linux-gnu (2.34-6ubuntu1) を展開しています...
以前に未選択のパッケージ binutils を選択しています。
.../075-binutils_2.34-6ubuntu1_amd64.deb を展開する準備をしています ...
binutils (2.34-6ubuntu1) を展開しています...
以前に未選択のパッケージ libc-dev-bin を選択しています。
.../076-libc-dev-bin_2.31-0ubuntu9.1_amd64.deb を展開する準備をしています ...
libc-dev-bin (2.31-0ubuntu9.1) を展開しています...
以前に未選択のパッケージ linux-libc-dev:amd64 を選択しています。
.../077-linux-libc-dev_5.4.0-52.57_amd64.deb を展開する準備をしています ...
linux-libc-dev:amd64 (5.4.0-52.57) を展開しています...
以前に未選択のパッケージ libcrypt-dev:amd64 を選択しています。
.../078-libcrypt-dev_1%3a4.4.10-10ubuntu4_amd64.deb を展開する準備をしています ...
libcrypt-dev:amd64 (1:4.4.10-10ubuntu4) を展開しています...
以前に未選択のパッケージ libc6-dev:amd64 を選択しています。
.../079-libc6-dev_2.31-0ubuntu9.1_amd64.deb を展開する準備をしています ...
libc6-dev:amd64 (2.31-0ubuntu9.1) を展開しています...
以前に未選択のパッケージ gcc-9-base:amd64 を選択しています。
.../080-gcc-9-base_9.3.0-17ubuntu1~20.04_amd64.deb を展開する準備をしています ...
gcc-9-base:amd64 (9.3.0-17ubuntu1~20.04) を展開しています...
以前に未選択のパッケージ libisl22:amd64 を選択しています。
.../081-libisl22_0.22.1-1_amd64.deb を展開する準備をしています ...
libisl22:amd64 (0.22.1-1) を展開しています...
以前に未選択のパッケージ libmpfr6:amd64 を選択しています。
.../082-libmpfr6_4.0.2-1_amd64.deb を展開する準備をしています ...
libmpfr6:amd64 (4.0.2-1) を展開しています...
以前に未選択のパッケージ libmpc3:amd64 を選択しています。
.../083-libmpc3_1.1.0-1_amd64.deb を展開する準備をしています ...
libmpc3:amd64 (1.1.0-1) を展開しています...
以前に未選択のパッケージ cpp-9 を選択しています。
.../084-cpp-9_9.3.0-17ubuntu1~20.04_amd64.deb を展開する準備をしています ...
cpp-9 (9.3.0-17ubuntu1~20.04) を展開しています...
以前に未選択のパッケージ cpp を選択しています。
.../085-cpp_4%3a9.3.0-1ubuntu2_amd64.deb を展開する準備をしています ...
cpp (4:9.3.0-1ubuntu2) を展開しています...
以前に未選択のパッケージ libcc1-0:amd64 を選択しています。
.../086-libcc1-0_10.2.0-5ubuntu1~20.04_amd64.deb を展開する準備をしています ...
libcc1-0:amd64 (10.2.0-5ubuntu1~20.04) を展開しています...
以前に未選択のパッケージ libgomp1:amd64 を選択しています。
.../087-libgomp1_10.2.0-5ubuntu1~20.04_amd64.deb を展開する準備をしています ...
libgomp1:amd64 (10.2.0-5ubuntu1~20.04) を展開しています...
以前に未選択のパッケージ libitm1:amd64 を選択しています。
.../088-libitm1_10.2.0-5ubuntu1~20.04_amd64.deb を展開する準備をしています ...
libitm1:amd64 (10.2.0-5ubuntu1~20.04) を展開しています...
以前に未選択のパッケージ libatomic1:amd64 を選択しています。
.../089-libatomic1_10.2.0-5ubuntu1~20.04_amd64.deb を展開する準備をしています ...
libatomic1:amd64 (10.2.0-5ubuntu1~20.04) を展開しています...
以前に未選択のパッケージ libasan5:amd64 を選択しています。
.../090-libasan5_9.3.0-17ubuntu1~20.04_amd64.deb を展開する準備をしています ...
libasan5:amd64 (9.3.0-17ubuntu1~20.04) を展開しています...
以前に未選択のパッケージ liblsan0:amd64 を選択しています。
.../091-liblsan0_10.2.0-5ubuntu1~20.04_amd64.deb を展開する準備をしています ...
liblsan0:amd64 (10.2.0-5ubuntu1~20.04) を展開しています...
以前に未選択のパッケージ libtsan0:amd64 を選択しています。
.../092-libtsan0_10.2.0-5ubuntu1~20.04_amd64.deb を展開する準備をしています ...
libtsan0:amd64 (10.2.0-5ubuntu1~20.04) を展開しています...
以前に未選択のパッケージ libubsan1:amd64 を選択しています。
.../093-libubsan1_10.2.0-5ubuntu1~20.04_amd64.deb を展開する準備をしています ...
libubsan1:amd64 (10.2.0-5ubuntu1~20.04) を展開しています...
以前に未選択のパッケージ libquadmath0:amd64 を選択しています。
.../094-libquadmath0_10.2.0-5ubuntu1~20.04_amd64.deb を展開する準備をしています ...
libquadmath0:amd64 (10.2.0-5ubuntu1~20.04) を展開しています...
以前に未選択のパッケージ libgcc-9-dev:amd64 を選択しています。
.../095-libgcc-9-dev_9.3.0-17ubuntu1~20.04_amd64.deb を展開する準備をしています ...
libgcc-9-dev:amd64 (9.3.0-17ubuntu1~20.04) を展開しています...
以前に未選択のパッケージ gcc-9 を選択しています。
.../096-gcc-9_9.3.0-17ubuntu1~20.04_amd64.deb を展開する準備をしています ...
gcc-9 (9.3.0-17ubuntu1~20.04) を展開しています...
以前に未選択のパッケージ gcc を選択しています。
.../097-gcc_4%3a9.3.0-1ubuntu2_amd64.deb を展開する準備をしています ...
gcc (4:9.3.0-1ubuntu2) を展開しています...
以前に未選択のパッケージ libstdc++-9-dev:amd64 を選択しています。
.../098-libstdc++-9-dev_9.3.0-17ubuntu1~20.04_amd64.deb を展開する準備をしています ...
libstdc++-9-dev:amd64 (9.3.0-17ubuntu1~20.04) を展開しています...
以前に未選択のパッケージ g++-9 を選択しています。
.../099-g++-9_9.3.0-17ubuntu1~20.04_amd64.deb を展開する準備をしています ...
g++-9 (9.3.0-17ubuntu1~20.04) を展開しています...
以前に未選択のパッケージ g++ を選択しています。
.../100-g++_4%3a9.3.0-1ubuntu2_amd64.deb を展開する準備をしています ...
g++ (4:9.3.0-1ubuntu2) を展開しています...
以前に未選択のパッケージ libdpkg-perl を選択しています。
.../101-libdpkg-perl_1.19.7ubuntu3_all.deb を展開する準備をしています ...
libdpkg-perl (1.19.7ubuntu3) を展開しています...
以前に未選択のパッケージ dpkg-dev を選択しています。
.../102-dpkg-dev_1.19.7ubuntu3_all.deb を展開する準備をしています ...
dpkg-dev (1.19.7ubuntu3) を展開しています...
以前に未選択のパッケージ build-essential を選択しています。
.../103-build-essential_12.8ubuntu1.1_amd64.deb を展開する準備をしています ...
build-essential (12.8ubuntu1.1) を展開しています...
以前に未選択のパッケージ libcurl4:amd64 を選択しています。
.../104-libcurl4_7.68.0-1ubuntu2.2_amd64.deb を展開する準備をしています ...
libcurl4:amd64 (7.68.0-1ubuntu2.2) を展開しています...
以前に未選択のパッケージ curl を選択しています。
.../105-curl_7.68.0-1ubuntu2.2_amd64.deb を展開する準備をしています ...
curl (7.68.0-1ubuntu2.2) を展開しています...
以前に未選択のパッケージ dbus-user-session を選択しています。
.../106-dbus-user-session_1.12.16-2ubuntu2.1_amd64.deb を展開する準備をしています ...
dbus-user-session (1.12.16-2ubuntu2.1) を展開しています...
以前に未選択のパッケージ libdconf1:amd64 を選択しています。
.../107-libdconf1_0.36.0-1_amd64.deb を展開する準備をしています ...
libdconf1:amd64 (0.36.0-1) を展開しています...
以前に未選択のパッケージ dconf-service を選択しています。
.../108-dconf-service_0.36.0-1_amd64.deb を展開する準備をしています ...
dconf-service (0.36.0-1) を展開しています...
以前に未選択のパッケージ dconf-gsettings-backend:amd64 を選択しています。
.../109-dconf-gsettings-backend_0.36.0-1_amd64.deb を展開する準備をしています ...
dconf-gsettings-backend:amd64 (0.36.0-1) を展開しています...
以前に未選択のパッケージ diffstat を選択しています。
.../110-diffstat_1.63-1_amd64.deb を展開する準備をしています ...
diffstat (1.63-1) を展開しています...
以前に未選択のパッケージ libassuan0:amd64 を選択しています。
.../111-libassuan0_2.5.3-7ubuntu2_amd64.deb を展開する準備をしています ...
libassuan0:amd64 (2.5.3-7ubuntu2) を展開しています...
以前に未選択のパッケージ gpgconf を選択しています。
.../112-gpgconf_2.2.19-3ubuntu2_amd64.deb を展開する準備をしています ...
gpgconf (2.2.19-3ubuntu2) を展開しています...
以前に未選択のパッケージ libksba8:amd64 を選択しています。
.../113-libksba8_1.3.5-2_amd64.deb を展開する準備をしています ...
libksba8:amd64 (1.3.5-2) を展開しています...
以前に未選択のパッケージ libnpth0:amd64 を選択しています。
.../114-libnpth0_1.6-1_amd64.deb を展開する準備をしています ...
libnpth0:amd64 (1.6-1) を展開しています...
以前に未選択のパッケージ dirmngr を選択しています。
.../115-dirmngr_2.2.19-3ubuntu2_amd64.deb を展開する準備をしています ...
dirmngr (2.2.19-3ubuntu2) を展開しています...
以前に未選択のパッケージ libfakeroot:amd64 を選択しています。
.../116-libfakeroot_1.24-1_amd64.deb を展開する準備をしています ...
libfakeroot:amd64 (1.24-1) を展開しています...
以前に未選択のパッケージ fakeroot を選択しています。
.../117-fakeroot_1.24-1_amd64.deb を展開する準備をしています ...
fakeroot (1.24-1) を展開しています...
以前に未選択のパッケージ python3-chardet を選択しています。
.../118-python3-chardet_3.0.4-4build1_all.deb を展開する準備をしています ...
python3-chardet (3.0.4-4build1) を展開しています...
以前に未選択のパッケージ python3-debian を選択しています。
.../119-python3-debian_0.1.36ubuntu1_all.deb を展開する準備をしています ...
python3-debian (0.1.36ubuntu1) を展開しています...
以前に未選択のパッケージ gdebi-core を選択しています。
.../120-gdebi-core_0.9.5.7+nmu3_all.deb を展開する準備をしています ...
gdebi-core (0.9.5.7+nmu3) を展開しています...
以前に未選択のパッケージ libatk1.0-data を選択しています。
.../121-libatk1.0-data_2.35.1-1ubuntu2_all.deb を展開する準備をしています ...
libatk1.0-data (2.35.1-1ubuntu2) を展開しています...
以前に未選択のパッケージ libatk1.0-0:amd64 を選択しています。
.../122-libatk1.0-0_2.35.1-1ubuntu2_amd64.deb を展開する準備をしています ...
libatk1.0-0:amd64 (2.35.1-1ubuntu2) を展開しています...
以前に未選択のパッケージ gir1.2-atk-1.0:amd64 を選択しています。
.../123-gir1.2-atk-1.0_2.35.1-1ubuntu2_amd64.deb を展開する準備をしています ...
gir1.2-atk-1.0:amd64 (2.35.1-1ubuntu2) を展開しています...
以前に未選択のパッケージ gir1.2-freedesktop:amd64 を選択しています。
.../124-gir1.2-freedesktop_1.64.1-1~ubuntu20.04.1_amd64.deb を展開する準備をしています ...
gir1.2-freedesktop:amd64 (1.64.1-1~ubuntu20.04.1) を展開しています...
以前に未選択のパッケージ gir1.2-gdkpixbuf-2.0:amd64 を選択しています。
.../125-gir1.2-gdkpixbuf-2.0_2.40.0+dfsg-3_amd64.deb を展開する準備をしています ...
gir1.2-gdkpixbuf-2.0:amd64 (2.40.0+dfsg-3) を展開しています...
以前に未選択のパッケージ libxft2:amd64 を選択しています。
.../126-libxft2_2.3.3-0ubuntu1_amd64.deb を展開する準備をしています ...
libxft2:amd64 (2.3.3-0ubuntu1) を展開しています...
以前に未選択のパッケージ libpangoxft-1.0-0:amd64 を選択しています。
.../127-libpangoxft-1.0-0_1.44.7-2ubuntu4_amd64.deb を展開する準備をしています ...
libpangoxft-1.0-0:amd64 (1.44.7-2ubuntu4) を展開しています...
以前に未選択のパッケージ gir1.2-pango-1.0:amd64 を選択しています。
.../128-gir1.2-pango-1.0_1.44.7-2ubuntu4_amd64.deb を展開する準備をしています ...
gir1.2-pango-1.0:amd64 (1.44.7-2ubuntu4) を展開しています...
以前に未選択のパッケージ libatk-bridge2.0-0:amd64 を選択しています。
.../129-libatk-bridge2.0-0_2.34.2-0ubuntu2~20.04.1_amd64.deb を展開する準備をしています ...
libatk-bridge2.0-0:amd64 (2.34.2-0ubuntu2~20.04.1) を展開しています...
以前に未選択のパッケージ liblcms2-2:amd64 を選択しています。
.../130-liblcms2-2_2.9-4_amd64.deb を展開する準備をしています ...
liblcms2-2:amd64 (2.9-4) を展開しています...
以前に未選択のパッケージ libcolord2:amd64 を選択しています。
.../131-libcolord2_1.4.4-2_amd64.deb を展開する準備をしています ...
libcolord2:amd64 (1.4.4-2) を展開しています...
以前に未選択のパッケージ libavahi-common-data:amd64 を選択しています。
.../132-libavahi-common-data_0.7-4ubuntu7_amd64.deb を展開する準備をしています ...
libavahi-common-data:amd64 (0.7-4ubuntu7) を展開しています...
以前に未選択のパッケージ libavahi-common3:amd64 を選択しています。
.../133-libavahi-common3_0.7-4ubuntu7_amd64.deb を展開する準備をしています ...
libavahi-common3:amd64 (0.7-4ubuntu7) を展開しています...
以前に未選択のパッケージ libavahi-client3:amd64 を選択しています。
.../134-libavahi-client3_0.7-4ubuntu7_amd64.deb を展開する準備をしています ...
libavahi-client3:amd64 (0.7-4ubuntu7) を展開しています...
以前に未選択のパッケージ libcups2:amd64 を選択しています。
.../135-libcups2_2.3.1-9ubuntu1.1_amd64.deb を展開する準備をしています ...
libcups2:amd64 (2.3.1-9ubuntu1.1) を展開しています...
以前に未選択のパッケージ libepoxy0:amd64 を選択しています。
.../136-libepoxy0_1.5.4-1_amd64.deb を展開する準備をしています ...
libepoxy0:amd64 (1.5.4-1) を展開しています...
以前に未選択のパッケージ libjson-glib-1.0-common を選択しています。
.../137-libjson-glib-1.0-common_1.4.4-2ubuntu2_all.deb を展開する準備をしています ...
libjson-glib-1.0-common (1.4.4-2ubuntu2) を展開しています...
以前に未選択のパッケージ libjson-glib-1.0-0:amd64 を選択しています。
.../138-libjson-glib-1.0-0_1.4.4-2ubuntu2_amd64.deb を展開する準備をしています ...
libjson-glib-1.0-0:amd64 (1.4.4-2ubuntu2) を展開しています...
以前に未選択のパッケージ libproxy1v5:amd64 を選択しています。
.../139-libproxy1v5_0.4.15-10ubuntu1.1_amd64.deb を展開する準備をしています ...
libproxy1v5:amd64 (0.4.15-10ubuntu1.1) を展開しています...
以前に未選択のパッケージ glib-networking-common を選択しています。
.../140-glib-networking-common_2.64.2-1ubuntu0.1_all.deb を展開する準備をしています ...
glib-networking-common (2.64.2-1ubuntu0.1) を展開しています...
以前に未選択のパッケージ glib-networking-services を選択しています。
.../141-glib-networking-services_2.64.2-1ubuntu0.1_amd64.deb を展開する準備をしています ...
glib-networking-services (2.64.2-1ubuntu0.1) を展開しています...
以前に未選択のパッケージ gsettings-desktop-schemas を選択しています。
.../142-gsettings-desktop-schemas_3.36.0-1ubuntu1_all.deb を展開する準備をしています ...
gsettings-desktop-schemas (3.36.0-1ubuntu1) を展開しています...
以前に未選択のパッケージ glib-networking:amd64 を選択しています。
.../143-glib-networking_2.64.2-1ubuntu0.1_amd64.deb を展開する準備をしています ...
glib-networking:amd64 (2.64.2-1ubuntu0.1) を展開しています...
以前に未選択のパッケージ libsoup2.4-1:amd64 を選択しています。
.../144-libsoup2.4-1_2.70.0-1_amd64.deb を展開する準備をしています ...
libsoup2.4-1:amd64 (2.70.0-1) を展開しています...
以前に未選択のパッケージ libsoup-gnome2.4-1:amd64 を選択しています。
.../145-libsoup-gnome2.4-1_2.70.0-1_amd64.deb を展開する準備をしています ...
libsoup-gnome2.4-1:amd64 (2.70.0-1) を展開しています...
以前に未選択のパッケージ librest-0.7-0:amd64 を選択しています。
.../146-librest-0.7-0_0.8.1-1_amd64.deb を展開する準備をしています ...
librest-0.7-0:amd64 (0.8.1-1) を展開しています...
以前に未選択のパッケージ libwayland-client0:amd64 を選択しています。
.../147-libwayland-client0_1.18.0-1_amd64.deb を展開する準備をしています ...
libwayland-client0:amd64 (1.18.0-1) を展開しています...
以前に未選択のパッケージ libwayland-cursor0:amd64 を選択しています。
.../148-libwayland-cursor0_1.18.0-1_amd64.deb を展開する準備をしています ...
libwayland-cursor0:amd64 (1.18.0-1) を展開しています...
以前に未選択のパッケージ libwayland-egl1:amd64 を選択しています。
.../149-libwayland-egl1_1.18.0-1_amd64.deb を展開する準備をしています ...
libwayland-egl1:amd64 (1.18.0-1) を展開しています...
以前に未選択のパッケージ libxcomposite1:amd64 を選択しています。
.../150-libxcomposite1_1%3a0.4.5-1_amd64.deb を展開する準備をしています ...
libxcomposite1:amd64 (1:0.4.5-1) を展開しています...
以前に未選択のパッケージ libxfixes3:amd64 を選択しています。
.../151-libxfixes3_1%3a5.0.3-2_amd64.deb を展開する準備をしています ...
libxfixes3:amd64 (1:5.0.3-2) を展開しています...
以前に未選択のパッケージ libxcursor1:amd64 を選択しています。
.../152-libxcursor1_1%3a1.2.0-2_amd64.deb を展開する準備をしています ...
libxcursor1:amd64 (1:1.2.0-2) を展開しています...
以前に未選択のパッケージ libxdamage1:amd64 を選択しています。
.../153-libxdamage1_1%3a1.1.5-2_amd64.deb を展開する準備をしています ...
libxdamage1:amd64 (1:1.1.5-2) を展開しています...
以前に未選択のパッケージ libxi6:amd64 を選択しています。
.../154-libxi6_2%3a1.7.10-0ubuntu1_amd64.deb を展開する準備をしています ...
libxi6:amd64 (2:1.7.10-0ubuntu1) を展開しています...
以前に未選択のパッケージ libxinerama1:amd64 を選択しています。
.../155-libxinerama1_2%3a1.1.4-2_amd64.deb を展開する準備をしています ...
libxinerama1:amd64 (2:1.1.4-2) を展開しています...
以前に未選択のパッケージ libxkbcommon0:amd64 を選択しています。
.../156-libxkbcommon0_0.10.0-1_amd64.deb を展開する準備をしています ...
libxkbcommon0:amd64 (0.10.0-1) を展開しています...
以前に未選択のパッケージ libxrandr2:amd64 を選択しています。
.../157-libxrandr2_2%3a1.5.2-0ubuntu1_amd64.deb を展開する準備をしています ...
libxrandr2:amd64 (2:1.5.2-0ubuntu1) を展開しています...
以前に未選択のパッケージ libgtk-3-common を選択しています。
.../158-libgtk-3-common_3.24.20-0ubuntu1_all.deb を展開する準備をしています ...
libgtk-3-common (3.24.20-0ubuntu1) を展開しています...
以前に未選択のパッケージ libgtk-3-0:amd64 を選択しています。
.../159-libgtk-3-0_3.24.20-0ubuntu1_amd64.deb を展開する準備をしています ...
libgtk-3-0:amd64 (3.24.20-0ubuntu1) を展開しています...
以前に未選択のパッケージ gir1.2-gtk-3.0:amd64 を選択しています。
.../160-gir1.2-gtk-3.0_3.24.20-0ubuntu1_amd64.deb を展開する準備をしています ...
gir1.2-gtk-3.0:amd64 (3.24.20-0ubuntu1) を展開しています...
以前に未選択のパッケージ libvte-2.91-common を選択しています。
.../161-libvte-2.91-common_0.60.3-0ubuntu1~20.04_amd64.deb を展開する準備をしています ...
libvte-2.91-common (0.60.3-0ubuntu1~20.04) を展開しています...
以前に未選択のパッケージ libvte-2.91-0:amd64 を選択しています。
.../162-libvte-2.91-0_0.60.3-0ubuntu1~20.04_amd64.deb を展開する準備をしています ...
libvte-2.91-0:amd64 (0.60.3-0ubuntu1~20.04) を展開しています...
以前に未選択のパッケージ gir1.2-vte-2.91:amd64 を選択しています。
.../163-gir1.2-vte-2.91_0.60.3-0ubuntu1~20.04_amd64.deb を展開する準備をしています ...
gir1.2-vte-2.91:amd64 (0.60.3-0ubuntu1~20.04) を展開しています...
以前に未選択のパッケージ libpolkit-agent-1-0:amd64 を選択しています。
.../164-libpolkit-agent-1-0_0.105-26ubuntu1_amd64.deb を展開する準備をしています ...
libpolkit-agent-1-0:amd64 (0.105-26ubuntu1) を展開しています...
以前に未選択のパッケージ policykit-1 を選択しています。
.../165-policykit-1_0.105-26ubuntu1_amd64.deb を展開する準備をしています ...
policykit-1 (0.105-26ubuntu1) を展開しています...
以前に未選択のパッケージ gnome-icon-theme を選択しています。
.../166-gnome-icon-theme_3.12.0-3_all.deb を展開する準備をしています ...
gnome-icon-theme (3.12.0-3) を展開しています...
以前に未選択のパッケージ gdebi を選択しています。
.../167-gdebi_0.9.5.7+nmu3_all.deb を展開する準備をしています ...
gdebi (0.9.5.7+nmu3) を展開しています...
以前に未選択のパッケージ libcroco3:amd64 を選択しています。
.../168-libcroco3_0.6.13-1_amd64.deb を展開する準備をしています ...
libcroco3:amd64 (0.6.13-1) を展開しています...
以前に未選択のパッケージ gettext を選択しています。
.../169-gettext_0.19.8.1-10build1_amd64.deb を展開する準備をしています ...
gettext (0.19.8.1-10build1) を展開しています...
以前に未選択のパッケージ gnupg-l10n を選択しています。
.../170-gnupg-l10n_2.2.19-3ubuntu2_all.deb を展開する準備をしています ...
gnupg-l10n (2.2.19-3ubuntu2) を展開しています...
以前に未選択のパッケージ gnupg-utils を選択しています。
.../171-gnupg-utils_2.2.19-3ubuntu2_amd64.deb を展開する準備をしています ...
gnupg-utils (2.2.19-3ubuntu2) を展開しています...
以前に未選択のパッケージ gpg を選択しています。
.../172-gpg_2.2.19-3ubuntu2_amd64.deb を展開する準備をしています ...
gpg (2.2.19-3ubuntu2) を展開しています...
以前に未選択のパッケージ pinentry-curses を選択しています。
.../173-pinentry-curses_1.1.0-3build1_amd64.deb を展開する準備をしています ...
pinentry-curses (1.1.0-3build1) を展開しています...
以前に未選択のパッケージ gpg-agent を選択しています。
.../174-gpg-agent_2.2.19-3ubuntu2_amd64.deb を展開する準備をしています ...
gpg-agent (2.2.19-3ubuntu2) を展開しています...
以前に未選択のパッケージ gpg-wks-client を選択しています。
.../175-gpg-wks-client_2.2.19-3ubuntu2_amd64.deb を展開する準備をしています ...
gpg-wks-client (2.2.19-3ubuntu2) を展開しています...
以前に未選択のパッケージ gpg-wks-server を選択しています。
.../176-gpg-wks-server_2.2.19-3ubuntu2_amd64.deb を展開する準備をしています ...
gpg-wks-server (2.2.19-3ubuntu2) を展開しています...
以前に未選択のパッケージ gpgsm を選択しています。
.../177-gpgsm_2.2.19-3ubuntu2_amd64.deb を展開する準備をしています ...
gpgsm (2.2.19-3ubuntu2) を展開しています...
以前に未選択のパッケージ gnupg を選択しています。
.../178-gnupg_2.2.19-3ubuntu2_all.deb を展開する準備をしています ...
gnupg (2.2.19-3ubuntu2) を展開しています...
以前に未選択のパッケージ intltool-debian を選択しています。
.../179-intltool-debian_0.35.0+20060710.5_all.deb を展開する準備をしています ...
intltool-debian (0.35.0+20060710.5) を展開しています...
以前に未選択のパッケージ libalgorithm-diff-perl を選択しています。
.../180-libalgorithm-diff-perl_1.19.03-2_all.deb を展開する準備をしています ...
libalgorithm-diff-perl (1.19.03-2) を展開しています...
以前に未選択のパッケージ libalgorithm-diff-xs-perl を選択しています。
.../181-libalgorithm-diff-xs-perl_0.04-6_amd64.deb を展開する準備をしています ...
libalgorithm-diff-xs-perl (0.04-6) を展開しています...
以前に未選択のパッケージ libalgorithm-merge-perl を選択しています。
.../182-libalgorithm-merge-perl_0.08-3_all.deb を展開する準備をしています ...
libalgorithm-merge-perl (0.08-3) を展開しています...
以前に未選択のパッケージ libapt-pkg-perl を選択しています。
.../183-libapt-pkg-perl_0.1.36build3_amd64.deb を展開する準備をしています ...
libapt-pkg-perl (0.1.36build3) を展開しています...
以前に未選択のパッケージ libarchive-zip-perl を選択しています。
.../184-libarchive-zip-perl_1.67-2_all.deb を展開する準備をしています ...
libarchive-zip-perl (1.67-2) を展開しています...
以前に未選択のパッケージ libasync-mergepoint-perl を選択しています。
.../185-libasync-mergepoint-perl_0.04-2_all.deb を展開する準備をしています ...
libasync-mergepoint-perl (0.04-2) を展開しています...
以前に未選択のパッケージ libb-hooks-op-check-perl を選択しています。
.../186-libb-hooks-op-check-perl_0.22-1build2_amd64.deb を展開する準備をしています ...
libb-hooks-op-check-perl (0.22-1build2) を展開しています...
以前に未選択のパッケージ libdynaloader-functions-perl を選択しています。
.../187-libdynaloader-functions-perl_0.003-1_all.deb を展開する準備をしています ...
libdynaloader-functions-perl (0.003-1) を展開しています...
以前に未選択のパッケージ libdevel-callchecker-perl を選択しています。
.../188-libdevel-callchecker-perl_0.008-1ubuntu1_amd64.deb を展開する準備をしています ...
libdevel-callchecker-perl (0.008-1ubuntu1) を展開しています...
以前に未選択のパッケージ libparams-classify-perl を選択しています。
.../189-libparams-classify-perl_0.015-1build2_amd64.deb を展開する準備をしています ...
libparams-classify-perl (0.015-1build2) を展開しています...
以前に未選択のパッケージ libmodule-runtime-perl を選択しています。
.../190-libmodule-runtime-perl_0.016-1_all.deb を展開する準備をしています ...
libmodule-runtime-perl (0.016-1) を展開しています...
以前に未選択のパッケージ libtry-tiny-perl を選択しています。
.../191-libtry-tiny-perl_0.30-1_all.deb を展開する準備をしています ...
libtry-tiny-perl (0.30-1) を展開しています...
以前に未選択のパッケージ libmodule-implementation-perl を選択しています。
.../192-libmodule-implementation-perl_0.09-1_all.deb を展開する準備をしています ...
libmodule-implementation-perl (0.09-1) を展開しています...
以前に未選択のパッケージ libsub-exporter-progressive-perl を選択しています。
.../193-libsub-exporter-progressive-perl_0.001013-1_all.deb を展開する準備をしています ...
libsub-exporter-progressive-perl (0.001013-1) を展開しています...
以前に未選択のパッケージ libvariable-magic-perl を選択しています。
.../194-libvariable-magic-perl_0.62-1build2_amd64.deb を展開する準備をしています ...
libvariable-magic-perl (0.62-1build2) を展開しています...
以前に未選択のパッケージ libb-hooks-endofscope-perl を選択しています。
.../195-libb-hooks-endofscope-perl_0.24-1_all.deb を展開する準備をしています ...
libb-hooks-endofscope-perl (0.24-1) を展開しています...
以前に未選択のパッケージ libextutils-depends-perl を選択しています。
.../196-libextutils-depends-perl_0.8000-1_all.deb を展開する準備をしています ...
libextutils-depends-perl (0.8000-1) を展開しています...
以前に未選択のパッケージ pkg-config を選択しています。
.../197-pkg-config_0.29.1-0ubuntu4_amd64.deb を展開する準備をしています ...
pkg-config (0.29.1-0ubuntu4) を展開しています...
以前に未選択のパッケージ libextutils-pkgconfig-perl を選択しています。
.../198-libextutils-pkgconfig-perl_1.16-1_all.deb を展開する準備をしています ...
libextutils-pkgconfig-perl (1.16-1) を展開しています...
以前に未選択のパッケージ libcairo-perl を選択しています。
.../199-libcairo-perl_1.107-1_amd64.deb を展開する準備をしています ...
libcairo-perl (1.107-1) を展開しています...
以前に未選択のパッケージ libcapture-tiny-perl を選択しています。
.../200-libcapture-tiny-perl_0.48-1_all.deb を展開する準備をしています ...
libcapture-tiny-perl (0.48-1) を展開しています...
以前に未選択のパッケージ libclass-method-modifiers-perl を選択しています。
.../201-libclass-method-modifiers-perl_2.13-1_all.deb を展開する準備をしています ...
libclass-method-modifiers-perl (2.13-1) を展開しています...
以前に未選択のパッケージ libclass-xsaccessor-perl を選択しています。
.../202-libclass-xsaccessor-perl_1.19-3build3_amd64.deb を展開する準備をしています ...
libclass-xsaccessor-perl (1.19-3build3) を展開しています...
以前に未選択のパッケージ libclone-perl を選択しています。
.../203-libclone-perl_0.43-2_amd64.deb を展開する準備をしています ...
libclone-perl (0.43-2) を展開しています...
以前に未選択のパッケージ libcpanel-json-xs-perl を選択しています。
.../204-libcpanel-json-xs-perl_4.19-1build1_amd64.deb を展開する準備をしています ...
libcpanel-json-xs-perl (4.19-1build1) を展開しています...
以前に未選択のパッケージ libdata-dump-perl を選択しています。
.../205-libdata-dump-perl_1.23-1_all.deb を展開する準備をしています ...
libdata-dump-perl (1.23-1) を展開しています...
以前に未選択のパッケージ libdigest-bubblebabble-perl を選択しています。
.../206-libdigest-bubblebabble-perl_0.02-2_all.deb を展開する準備をしています ...
libdigest-bubblebabble-perl (0.02-2) を展開しています...
以前に未選択のパッケージ libdigest-hmac-perl を選択しています。
.../207-libdigest-hmac-perl_1.03+dfsg-2_all.deb を展開する準備をしています ...
libdigest-hmac-perl (1.03+dfsg-2) を展開しています...
以前に未選択のパッケージ perl-openssl-defaults:amd64 を選択しています。
.../208-perl-openssl-defaults_4_amd64.deb を展開する準備をしています ...
perl-openssl-defaults:amd64 (4) を展開しています...
以前に未選択のパッケージ libnet-ssleay-perl を選択しています。
.../209-libnet-ssleay-perl_1.88-2ubuntu1_amd64.deb を展開する準備をしています ...
libnet-ssleay-perl (1.88-2ubuntu1) を展開しています...
以前に未選択のパッケージ libio-socket-ssl-perl を選択しています。
.../210-libio-socket-ssl-perl_2.067-1_all.deb を展開する準備をしています ...
libio-socket-ssl-perl (2.067-1) を展開しています...
以前に未選択のパッケージ libnet-smtp-ssl-perl を選択しています。
.../211-libnet-smtp-ssl-perl_1.04-1_all.deb を展開する準備をしています ...
libnet-smtp-ssl-perl (1.04-1) を展開しています...
以前に未選択のパッケージ libtimedate-perl を選択しています。
.../212-libtimedate-perl_2.3200-1_all.deb を展開する準備をしています ...
libtimedate-perl (2.3200-1) を展開しています...
以前に未選択のパッケージ libmailtools-perl を選択しています。
.../213-libmailtools-perl_2.21-1_all.deb を展開する準備をしています ...
libmailtools-perl (2.21-1) を展開しています...
以前に未選択のパッケージ libnet-ip-perl を選択しています。
.../214-libnet-ip-perl_1.26-2_all.deb を展開する準備をしています ...
libnet-ip-perl (1.26-2) を展開しています...
以前に未選択のパッケージ libnet-dns-perl を選択しています。
.../215-libnet-dns-perl_1.22-1_all.deb を展開する準備をしています ...
libnet-dns-perl (1.22-1) を展開しています...
以前に未選択のパッケージ libnet-domain-tld-perl を選択しています。
.../216-libnet-domain-tld-perl_1.75-1_all.deb を展開する準備をしています ...
libnet-domain-tld-perl (1.75-1) を展開しています...
以前に未選択のパッケージ libemail-valid-perl を選択しています。
.../217-libemail-valid-perl_1.202-1_all.deb を展開する準備をしています ...
libemail-valid-perl (1.202-1) を展開しています...
以前に未選択のパッケージ libencode-locale-perl を選択しています。
.../218-libencode-locale-perl_1.05-1_all.deb を展開する準備をしています ...
libencode-locale-perl (1.05-1) を展開しています...
以前に未選択のパッケージ libexporter-tiny-perl を選択しています。
.../219-libexporter-tiny-perl_1.002001-1_all.deb を展開する準備をしています ...
libexporter-tiny-perl (1.002001-1) を展開しています...
以前に未選択のパッケージ libipc-system-simple-perl を選択しています。
.../220-libipc-system-simple-perl_1.26-1_all.deb を展開する準備をしています ...
libipc-system-simple-perl (1.26-1) を展開しています...
以前に未選択のパッケージ libfile-basedir-perl を選択しています。
.../221-libfile-basedir-perl_0.08-1_all.deb を展開する準備をしています ...
libfile-basedir-perl (0.08-1) を展開しています...
以前に未選択のパッケージ libfile-fcntllock-perl を選択しています。
.../222-libfile-fcntllock-perl_0.22-3build4_amd64.deb を展開する準備をしています ...
libfile-fcntllock-perl (0.22-3build4) を展開しています...
以前に未選択のパッケージ libnumber-compare-perl を選択しています。
.../223-libnumber-compare-perl_0.03-1_all.deb を展開する準備をしています ...
libnumber-compare-perl (0.03-1) を展開しています...
以前に未選択のパッケージ libtext-glob-perl を選択しています。
.../224-libtext-glob-perl_0.10-1_all.deb を展開する準備をしています ...
libtext-glob-perl (0.10-1) を展開しています...
以前に未選択のパッケージ libfile-find-rule-perl を選択しています。
.../225-libfile-find-rule-perl_0.34-1_all.deb を展開する準備をしています ...
libfile-find-rule-perl (0.34-1) を展開しています...
以前に未選択のパッケージ libhttp-date-perl を選択しています。
.../226-libhttp-date-perl_6.05-1_all.deb を展開する準備をしています ...
libhttp-date-perl (6.05-1) を展開しています...
以前に未選択のパッケージ libfile-listing-perl を選択しています。
.../227-libfile-listing-perl_6.04-1_all.deb を展開する準備をしています ...
libfile-listing-perl (6.04-1) を展開しています...
以前に未選択のパッケージ libfont-afm-perl を選択しています。
.../228-libfont-afm-perl_1.20-2_all.deb を展開する準備をしています ...
libfont-afm-perl (1.20-2) を展開しています...
以前に未選択のパッケージ libio-string-perl を選択しています。
.../229-libio-string-perl_1.08-3_all.deb を展開する準備をしています ...
libio-string-perl (1.08-3) を展開しています...
以前に未選択のパッケージ libfont-ttf-perl を選択しています。
.../230-libfont-ttf-perl_1.06-1_all.deb を展開する準備をしています ...
libfont-ttf-perl (1.06-1) を展開しています...
以前に未選択のパッケージ libfuture-perl を選択しています。
.../231-libfuture-perl_0.43-1_all.deb を展開する準備をしています ...
libfuture-perl (0.43-1) を展開しています...
以前に未選択のパッケージ libgtk2.0-common を選択しています。
.../232-libgtk2.0-common_2.24.32-4ubuntu4_all.deb を展開する準備をしています ...
libgtk2.0-common (2.24.32-4ubuntu4) を展開しています...
以前に未選択のパッケージ libgtk2.0-0:amd64 を選択しています。
.../233-libgtk2.0-0_2.24.32-4ubuntu4_amd64.deb を展開する準備をしています ...
libgtk2.0-0:amd64 (2.24.32-4ubuntu4) を展開しています...
以前に未選択のパッケージ libgail18:amd64 を選択しています。
.../234-libgail18_2.24.32-4ubuntu4_amd64.deb を展開する準備をしています ...
libgail18:amd64 (2.24.32-4ubuntu4) を展開しています...
以前に未選択のパッケージ libgail-common:amd64 を選択しています。
.../235-libgail-common_2.24.32-4ubuntu4_amd64.deb を展開する準備をしています ...
libgail-common:amd64 (2.24.32-4ubuntu4) を展開しています...
以前に未選択のパッケージ libgdk-pixbuf2.0-bin を選択しています。
.../236-libgdk-pixbuf2.0-bin_2.40.0+dfsg-3_amd64.deb を展開する準備をしています ...
libgdk-pixbuf2.0-bin (2.40.0+dfsg-3) を展開しています...
以前に未選択のパッケージ libglib-perl:amd64 を選択しています。
.../237-libglib-perl_3%3a1.329.2-1_amd64.deb を展開する準備をしています ...
libglib-perl:amd64 (3:1.329.2-1) を展開しています...
以前に未選択のパッケージ libgtk-3-bin を選択しています。
.../238-libgtk-3-bin_3.24.20-0ubuntu1_amd64.deb を展開する準備をしています ...
libgtk-3-bin (3.24.20-0ubuntu1) を展開しています...
以前に未選択のパッケージ libpango-perl を選択しています。
.../239-libpango-perl_1.227-3build1_amd64.deb を展開する準備をしています ...
libpango-perl (1.227-3build1) を展開しています...
以前に未選択のパッケージ libgtk2-perl を選択しています。
.../240-libgtk2-perl_2%3a1.24993-1ubuntu2_amd64.deb を展開する準備をしています ...
libgtk2-perl (2:1.24993-1ubuntu2) を展開しています...
以前に未選択のパッケージ libgtk2.0-bin を選択しています。
.../241-libgtk2.0-bin_2.24.32-4ubuntu4_amd64.deb を展開する準備をしています ...
libgtk2.0-bin (2.24.32-4ubuntu4) を展開しています...
以前に未選択のパッケージ libhtml-tagset-perl を選択しています。
.../242-libhtml-tagset-perl_3.20-4_all.deb を展開する準備をしています ...
libhtml-tagset-perl (3.20-4) を展開しています...
以前に未選択のパッケージ liburi-perl を選択しています。
.../243-liburi-perl_1.76-2_all.deb を展開する準備をしています ...
liburi-perl (1.76-2) を展開しています...
以前に未選択のパッケージ libhtml-parser-perl を選択しています。
.../244-libhtml-parser-perl_3.72-5_amd64.deb を展開する準備をしています ...
libhtml-parser-perl (3.72-5) を展開しています...
以前に未選択のパッケージ libio-html-perl を選択しています。
.../245-libio-html-perl_1.001-1_all.deb を展開する準備をしています ...
libio-html-perl (1.001-1) を展開しています...
以前に未選択のパッケージ liblwp-mediatypes-perl を選択しています。
.../246-liblwp-mediatypes-perl_6.04-1_all.deb を展開する準備をしています ...
liblwp-mediatypes-perl (6.04-1) を展開しています...
以前に未選択のパッケージ libhttp-message-perl を選択しています。
.../247-libhttp-message-perl_6.22-1_all.deb を展開する準備をしています ...
libhttp-message-perl (6.22-1) を展開しています...
以前に未選択のパッケージ libhtml-form-perl を選択しています。
.../248-libhtml-form-perl_6.07-1_all.deb を展開する準備をしています ...
libhtml-form-perl (6.07-1) を展開しています...
以前に未選択のパッケージ libhtml-tree-perl を選択しています。
.../249-libhtml-tree-perl_5.07-2_all.deb を展開する準備をしています ...
libhtml-tree-perl (5.07-2) を展開しています...
以前に未選択のパッケージ libhtml-format-perl を選択しています。
.../250-libhtml-format-perl_2.12-1_all.deb を展開する準備をしています ...
libhtml-format-perl (2.12-1) を展開しています...
以前に未選択のパッケージ libhttp-cookies-perl を選択しています。
.../251-libhttp-cookies-perl_6.08-1_all.deb を展開する準備をしています ...
libhttp-cookies-perl (6.08-1) を展開しています...
以前に未選択のパッケージ libhttp-daemon-perl を選択しています。
.../252-libhttp-daemon-perl_6.06-1_all.deb を展開する準備をしています ...
libhttp-daemon-perl (6.06-1) を展開しています...
以前に未選択のパッケージ libhttp-negotiate-perl を選択しています。
.../253-libhttp-negotiate-perl_6.01-1_all.deb を展開する準備をしています ...
libhttp-negotiate-perl (6.01-1) を展開しています...
以前に未選択のパッケージ libidn11:amd64 を選択しています。
.../254-libidn11_1.33-2.2ubuntu2_amd64.deb を展開する準備をしています ...
libidn11:amd64 (1.33-2.2ubuntu2) を展開しています...
以前に未選択のパッケージ libimport-into-perl を選択しています。
.../255-libimport-into-perl_1.002005-1_all.deb を展開する準備をしています ...
libimport-into-perl (1.002005-1) を展開しています...
以前に未選択のパッケージ libstruct-dumb-perl を選択しています。
.../256-libstruct-dumb-perl_0.09-1_all.deb を展開する準備をしています ...
libstruct-dumb-perl (0.09-1) を展開しています...
以前に未選択のパッケージ libio-async-perl を選択しています。
.../257-libio-async-perl_0.75-1_all.deb を展開する準備をしています ...
libio-async-perl (0.75-1) を展開しています...
以前に未選択のパッケージ liblinux-epoll-perl を選択しています。
.../258-liblinux-epoll-perl_0.017-1_amd64.deb を展開する準備をしています ...
liblinux-epoll-perl (0.017-1) を展開しています...
以前に未選択のパッケージ libio-async-loop-epoll-perl を選択しています。
.../259-libio-async-loop-epoll-perl_0.20-1_all.deb を展開する準備をしています ...
libio-async-loop-epoll-perl (0.20-1) を展開しています...
以前に未選択のパッケージ libio-pty-perl を選択しています。
.../260-libio-pty-perl_1%3a1.12-1_amd64.deb を展開する準備をしています ...
libio-pty-perl (1:1.12-1) を展開しています...
以前に未選択のパッケージ libipc-run-perl を選択しています。
.../261-libipc-run-perl_20180523.0-2_all.deb を展開する準備をしています ...
libipc-run-perl (20180523.0-2) を展開しています...
以前に未選択のパッケージ libjson-maybexs-perl を選択しています。
.../262-libjson-maybexs-perl_1.004000-1_all.deb を展開する準備をしています ...
libjson-maybexs-perl (1.004000-1) を展開しています...
以前に未選択のパッケージ liblist-compare-perl を選択しています。
.../263-liblist-compare-perl_0.53-1_all.deb を展開する準備をしています ...
liblist-compare-perl (0.53-1) を展開しています...
以前に未選択のパッケージ liblist-moreutils-perl を選択しています。
.../264-liblist-moreutils-perl_0.416-1build5_amd64.deb を展開する準備をしています ...
liblist-moreutils-perl (0.416-1build5) を展開しています...
以前に未選択のパッケージ libnet-http-perl を選択しています。
.../265-libnet-http-perl_6.19-1_all.deb を展開する準備をしています ...
libnet-http-perl (6.19-1) を展開しています...
以前に未選択のパッケージ libwww-robotrules-perl を選択しています。
.../266-libwww-robotrules-perl_6.02-1_all.deb を展開する準備をしています ...
libwww-robotrules-perl (6.02-1) を展開しています...
以前に未選択のパッケージ libwww-perl を選択しています。
.../267-libwww-perl_6.43-1_all.deb を展開する準備をしています ...
libwww-perl (6.43-1) を展開しています...
以前に未選択のパッケージ liblwp-protocol-https-perl を選択しています。
.../268-liblwp-protocol-https-perl_6.07-2ubuntu2_all.deb を展開する準備をしています ...
liblwp-protocol-https-perl (6.07-2ubuntu2) を展開しています...
以前に未選択のパッケージ librole-tiny-perl を選択しています。
.../269-librole-tiny-perl_2.001004-1_all.deb を展開する準備をしています ...
librole-tiny-perl (2.001004-1) を展開しています...
以前に未選択のパッケージ libstrictures-perl を選択しています。
.../270-libstrictures-perl_2.000006-1_all.deb を展開する準備をしています ...
libstrictures-perl (2.000006-1) を展開しています...
以前に未選択のパッケージ libsub-quote-perl を選択しています。
.../271-libsub-quote-perl_2.006006-1_all.deb を展開する準備をしています ...
libsub-quote-perl (2.006006-1) を展開しています...
以前に未選択のパッケージ libmoo-perl を選択しています。
.../272-libmoo-perl_2.003006-1_all.deb を展開する準備をしています ...
libmoo-perl (2.003006-1) を展開しています...
以前に未選択のパッケージ libmoox-aliases-perl を選択しています。
.../273-libmoox-aliases-perl_0.001006-1_all.deb を展開する準備をしています ...
libmoox-aliases-perl (0.001006-1) を展開しています...
以前に未選択のパッケージ libpackage-stash-perl を選択しています。
.../274-libpackage-stash-perl_0.38-1_all.deb を展開する準備をしています ...
libpackage-stash-perl (0.38-1) を展開しています...
以前に未選択のパッケージ libsub-identify-perl を選択しています。
.../275-libsub-identify-perl_0.14-1build2_amd64.deb を展開する準備をしています ...
libsub-identify-perl (0.14-1build2) を展開しています...
以前に未選択のパッケージ libsub-name-perl を選択しています。
.../276-libsub-name-perl_0.26-1_amd64.deb を展開する準備をしています ...
libsub-name-perl (0.26-1) を展開しています...
以前に未選択のパッケージ libnamespace-clean-perl を選択しています。
.../277-libnamespace-clean-perl_0.27-1_all.deb を展開する準備をしています ...
libnamespace-clean-perl (0.27-1) を展開しています...
以前に未選択のパッケージ libnet-dns-sec-perl を選択しています。
.../278-libnet-dns-sec-perl_1.15-1_amd64.deb を展開する準備をしています ...
libnet-dns-sec-perl (1.15-1) を展開しています...
以前に未選択のパッケージ libnet-libidn-perl を選択しています。
.../279-libnet-libidn-perl_0.12.ds-3build2_amd64.deb を展開する準備をしています ...
libnet-libidn-perl (0.12.ds-3build2) を展開しています...
以前に未選択のパッケージ libpackage-stash-xs-perl を選択しています。
.../280-libpackage-stash-xs-perl_0.29-1build1_amd64.deb を展開する準備をしています ...
libpackage-stash-xs-perl (0.29-1build1) を展開しています...
以前に未選択のパッケージ libpath-tiny-perl を選択しています。
.../281-libpath-tiny-perl_0.108-1_all.deb を展開する準備をしています ...
libpath-tiny-perl (0.108-1) を展開しています...
以前に未選択のパッケージ libperl4-corelibs-perl を選択しています。
.../282-libperl4-corelibs-perl_0.004-2_all.deb を展開する準備をしています ...
libperl4-corelibs-perl (0.004-2) を展開しています...
以前に未選択のパッケージ libperlio-gzip-perl を選択しています。
.../283-libperlio-gzip-perl_0.19-1build5_amd64.deb を展開する準備をしています ...
libperlio-gzip-perl (0.19-1build5) を展開しています...
以前に未選択のパッケージ libreadonly-perl を選択しています。
.../284-libreadonly-perl_2.050-2_all.deb を展開する準備をしています ...
libreadonly-perl (2.050-2) を展開しています...
以前に未選択のパッケージ libref-util-perl を選択しています。
.../285-libref-util-perl_0.204-1_all.deb を展開する準備をしています ...
libref-util-perl (0.204-1) を展開しています...
以前に未選択のパッケージ libref-util-xs-perl を選択しています。
.../286-libref-util-xs-perl_0.117-1build2_amd64.deb を展開する準備をしています ...
libref-util-xs-perl (0.117-1build2) を展開しています...
以前に未選択のパッケージ libsereal-decoder-perl を選択しています。
.../287-libsereal-decoder-perl_4.011+ds-1build1_amd64.deb を展開する準備をしています ...
libsereal-decoder-perl (4.011+ds-1build1) を展開しています...
以前に未選択のパッケージ libsereal-encoder-perl を選択しています。
.../288-libsereal-encoder-perl_4.011+ds-1build1_amd64.deb を展開する準備をしています ...
libsereal-encoder-perl (4.011+ds-1build1) を展開しています...
以前に未選択のパッケージ libsereal-perl を選択しています。
.../289-libsereal-perl_4.011-1_all.deb を展開する準備をしています ...
libsereal-perl (4.011-1) を展開しています...
以前に未選択のパッケージ libtest-fatal-perl を選択しています。
.../290-libtest-fatal-perl_0.014-1_all.deb を展開する準備をしています ...
libtest-fatal-perl (0.014-1) を展開しています...
以前に未選択のパッケージ libtest-refcount-perl を選択しています。
.../291-libtest-refcount-perl_0.10-1_all.deb を展開する準備をしています ...
libtest-refcount-perl (0.10-1) を展開しています...
以前に未選択のパッケージ libtext-levenshtein-perl を選択しています。
.../292-libtext-levenshtein-perl_0.13-1_all.deb を展開する準備をしています ...
libtext-levenshtein-perl (0.13-1) を展開しています...
以前に未選択のパッケージ libtype-tiny-perl を選択しています。
.../293-libtype-tiny-perl_1.008001-2_all.deb を展開する準備をしています ...
libtype-tiny-perl (1.008001-2) を展開しています...
以前に未選択のパッケージ libtype-tiny-xs-perl を選択しています。
.../294-libtype-tiny-xs-perl_0.016-1_amd64.deb を展開する準備をしています ...
libtype-tiny-xs-perl (0.016-1) を展開しています...
以前に未選択のパッケージ libunicode-utf8-perl を選択しています。
.../295-libunicode-utf8-perl_0.62-1build1_amd64.deb を展開する準備をしています ...
libunicode-utf8-perl (0.62-1build1) を展開しています...
以前に未選択のパッケージ libxml-namespacesupport-perl を選択しています。
.../296-libxml-namespacesupport-perl_1.12-1_all.deb を展開する準備をしています ...
libxml-namespacesupport-perl (1.12-1) を展開しています...
以前に未選択のパッケージ libxml-sax-base-perl を選択しています。
.../297-libxml-sax-base-perl_1.09-1_all.deb を展開する準備をしています ...
libxml-sax-base-perl (1.09-1) を展開しています...
以前に未選択のパッケージ libxml-sax-perl を選択しています。
.../298-libxml-sax-perl_1.02+dfsg-1_all.deb を展開する準備をしています ...
libxml-sax-perl (1.02+dfsg-1) を展開しています...
以前に未選択のパッケージ libxml-libxml-perl を選択しています。
.../299-libxml-libxml-perl_2.0134+dfsg-1build1_amd64.deb を展開する準備をしています ...
libxml-libxml-perl (2.0134+dfsg-1build1) を展開しています...
以前に未選択のパッケージ libxml-parser-perl を選択しています。
.../300-libxml-parser-perl_2.46-1_amd64.deb を展開する準備をしています ...
libxml-parser-perl (2.46-1) を展開しています...
以前に未選択のパッケージ libxml-sax-expat-perl を選択しています。
.../301-libxml-sax-expat-perl_0.51-1_all.deb を展開する準備をしています ...
libxml-sax-expat-perl (0.51-1) を展開しています...
以前に未選択のパッケージ libxml-writer-perl を選択しています。
.../302-libxml-writer-perl_0.625-1_all.deb を展開する準備をしています ...
libxml-writer-perl (0.625-1) を展開しています...
以前に未選択のパッケージ libyaml-libyaml-perl を選択しています。
.../303-libyaml-libyaml-perl_0.81+repack-1_amd64.deb を展開する準備をしています ...
libyaml-libyaml-perl (0.81+repack-1) を展開しています...
以前に未選択のパッケージ libdevel-size-perl を選択しています。
.../304-libdevel-size-perl_0.83-1build1_amd64.deb を展開する準備をしています ...
libdevel-size-perl (0.83-1build1) を展開しています...
以前に未選択のパッケージ patchutils を選択しています。
.../305-patchutils_0.3.4-2_amd64.deb を展開する準備をしています ...
patchutils (0.3.4-2) を展開しています...
以前に未選択のパッケージ t1utils を選択しています。
.../306-t1utils_1.41-3_amd64.deb を展開する準備をしています ...
t1utils (1.41-3) を展開しています...
以前に未選択のパッケージ lintian を選択しています。
.../307-lintian_2.62.0_all.deb を展開する準備をしています ...
lintian (2.62.0) を展開しています...
以前に未選択のパッケージ manpages-dev を選択しています。
.../308-manpages-dev_5.05-1_all.deb を展開する準備をしています ...
manpages-dev (5.05-1) を展開しています...
以前に未選択のパッケージ libauthen-sasl-perl を選択しています。
.../309-libauthen-sasl-perl_2.1600-1_all.deb を展開する準備をしています ...
libauthen-sasl-perl (2.1600-1) を展開しています...
libasync-mergepoint-perl (0.04-2) を設定しています ...
libapt-pkg-perl (0.1.36build3) を設定しています ...
libksba8:amd64 (1.3.5-2) を設定しています ...
libpipeline1:amd64 (1.5.2-2build1) を設定しています ...
libgraphite2-3:amd64 (1.3.13-11build1) を設定しています ...
liblcms2-2:amd64 (2.9-4) を設定しています ...
libpixman-1-0:amd64 (0.38.4-0ubuntu1) を設定しています ...
systemd-sysv (245.4-4ubuntu3.3) を設定しています ...
libproxy1v5:amd64 (0.4.15-10ubuntu1.1) を設定しています ...
libunicode-utf8-perl (0.62-1build1) を設定しています ...
libstruct-dumb-perl (0.09-1) を設定しています ...
libxdamage1:amd64 (1:1.1.5-2) を設定しています ...
hicolor-icon-theme (0.17-2) を設定しています ...
libxi6:amd64 (2:1.7.10-0ubuntu1) を設定しています ...
libfont-afm-perl (1.20-2) を設定しています ...
libxrender1:amd64 (1:0.9.10-1) を設定しています ...
libvte-2.91-common (0.60.3-0ubuntu1~20.04) を設定しています ...
libdynaloader-functions-perl (0.003-1) を設定しています ...
libdatrie1:amd64 (0.2.12-3) を設定しています ...
libtext-glob-perl (0.10-1) を設定しています ...
libclass-method-modifiers-perl (2.13-1) を設定しています ...
xdg-user-dirs (0.17-2ubuntu1) を設定しています ...
liblist-compare-perl (0.53-1) を設定しています ...
libref-util-xs-perl (0.117-1build2) を設定しています ...
libio-pty-perl (1:1.12-1) を設定しています ...
libfile-fcntllock-perl (0.22-3build4) を設定しています ...
libxcb-render0:amd64 (1.14-2) を設定しています ...
libclone-perl (0.43-2) を設定しています ...
libalgorithm-diff-perl (1.19.03-2) を設定しています ...
libarchive-zip-perl (1.67-2) を設定しています ...
libsub-identify-perl (0.14-1build2) を設定しています ...
libglib2.0-0:amd64 (2.64.3-1~ubuntu20.04.1) を設定しています ...
distro-info-data (0.43ubuntu1.4) を設定しています ...
libcpanel-json-xs-perl (4.19-1build1) を設定しています ...
manpages (5.05-1) を設定しています ...
libhtml-tagset-perl (3.20-4) を設定しています ...
libauthen-sasl-perl (2.1600-1) を設定しています ...
libdevel-size-perl (0.83-1build1) を設定しています ...
libperl4-corelibs-perl (0.004-2) を設定しています ...
libfuture-perl (0.43-1) を設定しています ...
liblwp-mediatypes-perl (6.04-1) を設定しています ...
libgdk-pixbuf2.0-common (2.40.0+dfsg-3) を設定しています ...
libyaml-libyaml-perl (0.81+repack-1) を設定しています ...
binutils-common:amd64 (2.34-6ubuntu1) を設定しています ...
x11-common (1:7.7+19ubuntu14) を設定しています ...
debconf: フロントエンドの初期化に失敗しました: Dialog
debconf: (利用可能な dialog 系のプログラムがインストールされていないため、ダイアログ形式のフロントエンドは使用できません。 at /usr/share/perl5/Debconf/FrontEnd/Dialog.pm line 76.)
debconf: フロントエンドをフォールバックします: Readline
update-rc.d: warning: start and stop actions are no longer supported; falling back to defaults
invoke-rc.d: could not determine current runlevel
invoke-rc.d: policy-rc.d denied execution of start.
libtry-tiny-perl (0.30-1) を設定しています ...
libtest-fatal-perl (0.014-1) を設定しています ...
perl-openssl-defaults:amd64 (4) を設定しています ...
linux-libc-dev:amd64 (5.4.0-52.57) を設定しています ...
libxml-namespacesupport-perl (1.12-1) を設定しています ...
libctf-nobfd0:amd64 (2.34-6ubuntu1) を設定しています ...
gettext-base (0.19.8.1-10build1) を設定しています ...
libnss-systemd:amd64 (245.4-4ubuntu3.3) を設定しています ...
First installation detected...
Checking NSS setup...
xkb-data (2.29-2) を設定しています ...
libencode-locale-perl (1.05-1) を設定しています ...
libnpth0:amd64 (1.6-1) を設定しています ...
libtext-levenshtein-perl (0.13-1) を設定しています ...
libxcb-shm0:amd64 (1.14-2) を設定しています ...
libassuan0:amd64 (2.5.3-7ubuntu2) を設定しています ...
libgomp1:amd64 (10.2.0-5ubuntu1~20.04) を設定しています ...
libsereal-encoder-perl (4.011+ds-1build1) を設定しています ...
libjbig0:amd64 (2.1-3.1build1) を設定しています ...
libcolord2:amd64 (1.4.4-2) を設定しています ...
libfakeroot:amd64 (1.24-1) を設定しています ...
libextutils-depends-perl (0.8000-1) を設定しています ...
libnumber-compare-perl (0.03-1) を設定しています ...
libio-async-perl (0.75-1) を設定しています ...
fakeroot (1.24-1) を設定しています ...
update-alternatives: /usr/bin/fakeroot (fakeroot) を提供するために自動モードで /usr/bin/fakeroot-sysv を使います
update-alternatives: 警告: 関連する (リンクグループ fakeroot の) ファイル /usr/share/man/man1/fakeroot-sysv.1.gz が存在しないので、/usr/share/man/man1/fakeroot.1.gz の作成をスキップします
update-alternatives: 警告: 関連する (リンクグループ fakeroot の) ファイル /usr/share/man/man1/faked-sysv.1.gz が存在しないので、/usr/share/man/man1/faked.1.gz の作成をスキップします
update-alternatives: 警告: 関連する (リンクグループ fakeroot の) ファイル /usr/share/man/es/man1/fakeroot-sysv.1.gz が存在しないので、/usr/share/man/es/man1/fakeroot.1.gz の作成をスキップします
update-alternatives: 警告: 関連する (リンクグループ fakeroot の) ファイル /usr/share/man/es/man1/faked-sysv.1.gz が存在しないので、/usr/share/man/es/man1/faked.1.gz の作成をスキップします
update-alternatives: 警告: 関連する (リンクグループ fakeroot の) ファイル /usr/share/man/fr/man1/fakeroot-sysv.1.gz が存在しないので、/usr/share/man/fr/man1/fakeroot.1.gz の作成をスキップします
update-alternatives: 警告: 関連する (リンクグループ fakeroot の) ファイル /usr/share/man/fr/man1/faked-sysv.1.gz が存在しないので、/usr/share/man/fr/man1/faked.1.gz の作成をスキップします
update-alternatives: 警告: 関連する (リンクグループ fakeroot の) ファイル /usr/share/man/sv/man1/fakeroot-sysv.1.gz が存在しないので、/usr/share/man/sv/man1/fakeroot.1.gz の作成をスキップします
update-alternatives: 警告: 関連する (リンクグループ fakeroot の) ファイル /usr/share/man/sv/man1/faked-sysv.1.gz が存在しないので、/usr/share/man/sv/man1/faked.1.gz の作成をスキップします
libdconf1:amd64 (0.36.0-1) を設定しています ...
patchutils (0.3.4-2) を設定しています ...
libjson-maybexs-perl (1.004000-1) を設定しています ...
libxml-sax-base-perl (1.09-1) を設定しています ...
libio-string-perl (1.08-3) を設定しています ...
libreadonly-perl (2.050-2) を設定しています ...
libpackage-stash-xs-perl (0.29-1build1) を設定しています ...
libglib2.0-data (2.64.3-1~ubuntu20.04.1) を設定しています ...
python3-chardet (3.0.4-4build1) を設定しています ...
libdata-dump-perl (1.23-1) を設定しています ...
libepoxy0:amd64 (1.5.4-1) を設定しています ...
libmpfr6:amd64 (4.0.2-1) を設定しています ...
libfile-find-rule-perl (0.34-1) を設定しています ...
gnupg-l10n (2.2.19-3ubuntu2) を設定しています ...
libdigest-hmac-perl (1.03+dfsg-2) を設定しています ...
libref-util-perl (0.204-1) を設定しています ...
libxfixes3:amd64 (1:5.0.3-2) を設定しています ...
libipc-system-simple-perl (1.26-1) を設定しています ...
libidn11:amd64 (1.33-2.2ubuntu2) を設定しています ...
libnet-domain-tld-perl (1.75-1) を設定しています ...
libavahi-common-data:amd64 (0.7-4ubuntu7) を設定しています ...
libxml-writer-perl (0.625-1) を設定しています ...
python3-debian (0.1.36ubuntu1) を設定しています ...
libdbus-1-3:amd64 (1.12.16-2ubuntu2.1) を設定しています ...
dbus (1.12.16-2ubuntu2.1) を設定しています ...
libfribidi0:amd64 (1.0.8-2) を設定しています ...
libnet-libidn-perl (0.12.ds-3build2) を設定しています ...
t1utils (1.41-3) を設定しています ...
libquadmath0:amd64 (10.2.0-5ubuntu1~20.04) を設定しています ...
liblinux-epoll-perl (0.017-1) を設定しています ...
libxinerama1:amd64 (2:1.1.4-2) を設定しています ...
diffstat (1.63-1) を設定しています ...
bsdmainutils (11.1.2ubuntu3) を設定しています ...
update-alternatives: /usr/bin/write (write) を提供するために自動モードで /usr/bin/bsd-write を使います
update-alternatives: 警告: 関連する (リンクグループ write の) ファイル /usr/share/man/man1/bsd-write.1.gz が存在しないので、/usr/share/man/man1/write.1.gz の作成をスキップします
update-alternatives: /usr/bin/from (from) を提供するために自動モードで /usr/bin/bsd-from を使います
update-alternatives: 警告: 関連する (リンクグループ from の) ファイル /usr/share/man/man1/bsd-from.1.gz が存在しないので、/usr/share/man/man1/from.1.gz の作成をスキップします
libpng16-16:amd64 (1.6.37-2) を設定しています ...
libmpc3:amd64 (1.1.0-1) を設定しています ...
libatomic1:amd64 (10.2.0-5ubuntu1~20.04) を設定しています ...
libvariable-magic-perl (0.62-1build2) を設定しています ...
libio-html-perl (1.001-1) を設定しています ...
libxrandr2:amd64 (2:1.5.2-0ubuntu1) を設定しています ...
libwebp6:amd64 (0.6.1-2) を設定しています ...
libb-hooks-op-check-perl (0.22-1build2) を設定しています ...
fonts-dejavu-core (2.37-1) を設定しています ...
libipc-run-perl (20180523.0-2) を設定しています ...
ucf (3.0038+nmu1) を設定しています ...
debconf: フロントエンドの初期化に失敗しました: Dialog
debconf: (利用可能な dialog 系のプログラムがインストールされていないため、ダイアログ形式のフロントエンドは使用できません。 at /usr/share/perl5/Debconf/FrontEnd/Dialog.pm line 76.)
debconf: フロントエンドをフォールバックします: Readline
libtest-refcount-perl (0.10-1) を設定しています ...
libjpeg-turbo8:amd64 (2.0.3-0ubuntu1.20.04.1) を設定しています ...
libdpkg-perl (1.19.7ubuntu3) を設定しています ...
libsub-exporter-progressive-perl (0.001013-1) を設定しています ...
libcapture-tiny-perl (0.48-1) を設定しています ...
libtimedate-perl (2.3200-1) を設定しています ...
libubsan1:amd64 (10.2.0-5ubuntu1~20.04) を設定しています ...
libsub-name-perl (0.26-1) を設定しています ...
libtype-tiny-xs-perl (0.016-1) を設定しています ...
libatk1.0-data (2.35.1-1ubuntu2) を設定しています ...
python-apt-common (2.0.0ubuntu0.20.04.1) を設定しています ...
dmsetup (2:1.02.167-1ubuntu1) を設定しています ...
libcrypt-dev:amd64 (1:4.4.10-10ubuntu4) を設定しています ...
libpath-tiny-perl (0.108-1) を設定しています ...
libuchardet0:amd64 (0.0.6-3build1) を設定しています ...
gpgconf (2.2.19-3ubuntu2) を設定しています ...
librole-tiny-perl (2.001004-1) を設定しています ...
libpam-systemd:amd64 (245.4-4ubuntu3.3) を設定しています ...
debconf: フロントエンドの初期化に失敗しました: Dialog
debconf: (利用可能な dialog 系のプログラムがインストールされていないため、ダイアログ形式のフロントエンドは使用できません。 at /usr/share/perl5/Debconf/FrontEnd/Dialog.pm line 76.)
debconf: フロントエンドをフォールバックします: Readline
libcurl4:amd64 (7.68.0-1ubuntu2.2) を設定しています ...
libthai-data (0.1.28-3) を設定しています ...
libisl22:amd64 (0.22.1-1) を設定しています ...
libgirepository-1.0-1:amd64 (1.64.1-1~ubuntu20.04.1) を設定しています ...
libjson-glib-1.0-common (1.4.4-2ubuntu2) を設定しています ...
libstrictures-perl (2.000006-1) を設定しています ...
libsub-quote-perl (2.006006-1) を設定しています ...
libclass-xsaccessor-perl (1.19-3build3) を設定しています ...
libgtk2.0-common (2.24.32-4ubuntu4) を設定しています ...
libatk1.0-0:amd64 (2.35.1-1ubuntu2) を設定しています ...
curl (7.68.0-1ubuntu2.2) を設定しています ...
libwayland-egl1:amd64 (1.18.0-1) を設定しています ...
libexporter-tiny-perl (1.002001-1) を設定しています ...
glib-networking-common (2.64.2-1ubuntu0.1) を設定しています ...
libbinutils:amd64 (2.34-6ubuntu1) を設定しています ...
lsb-release (11.1.0ubuntu2) を設定しています ...
libc-dev-bin (2.31-0ubuntu9.1) を設定しています ...
libfont-ttf-perl (1.06-1) を設定しています ...
libnet-ip-perl (1.26-2) を設定しています ...
libperlio-gzip-perl (0.19-1build5) を設定しています ...
libxcomposite1:amd64 (1:0.4.5-1) を設定しています ...
libalgorithm-diff-xs-perl (0.04-6) を設定しています ...
libxml2:amd64 (2.9.10+dfsg-5) を設定しています ...
libsereal-decoder-perl (4.011+ds-1build1) を設定しています ...
libcc1-0:amd64 (10.2.0-5ubuntu1~20.04) を設定しています ...
liburi-perl (1.76-2) を設定しています ...
iso-codes (4.4-1) を設定しています ...
liblocale-gettext-perl (1.07-4) を設定しています ...
gpg (2.2.19-3ubuntu2) を設定しています ...
libpolkit-gobject-1-0:amd64 (0.105-26ubuntu1) を設定しています ...
liblsan0:amd64 (10.2.0-5ubuntu1~20.04) を設定しています ...
libitm1:amd64 (10.2.0-5ubuntu1~20.04) を設定しています ...
gcc-9-base:amd64 (9.3.0-17ubuntu1~20.04) を設定しています ...
libalgorithm-merge-perl (0.08-3) を設定しています ...
gnupg-utils (2.2.19-3ubuntu2) を設定しています ...
libtsan0:amd64 (10.2.0-5ubuntu1~20.04) を設定しています ...
libxkbcommon0:amd64 (0.10.0-1) を設定しています ...
libdigest-bubblebabble-perl (0.02-2) を設定しています ...
libwayland-client0:amd64 (1.18.0-1) を設定しています ...
libctf0:amd64 (2.34-6ubuntu1) を設定しています ...
libnet-ssleay-perl (1.88-2ubuntu1) を設定しています ...
libjpeg8:amd64 (8c-2ubuntu8) を設定しています ...
pinentry-curses (1.1.0-3build1) を設定しています ...
glib-networking-services (2.64.2-1ubuntu0.1) を設定しています ...
manpages-dev (5.05-1) を設定しています ...
libhttp-date-perl (6.05-1) を設定しています ...
python3-dbus (1.2.16-1build1) を設定しています ...
libfile-basedir-perl (0.08-1) を設定しています ...
gpg-agent (2.2.19-3ubuntu2) を設定しています ...
Created symlink /etc/systemd/user/sockets.target.wants/gpg-agent-browser.socket → /usr/lib/systemd/user/gpg-agent-browser.socket.
Created symlink /etc/systemd/user/sockets.target.wants/gpg-agent-extra.socket → /usr/lib/systemd/user/gpg-agent-extra.socket.
Created symlink /etc/systemd/user/sockets.target.wants/gpg-agent-ssh.socket → /usr/lib/systemd/user/gpg-agent-ssh.socket.
Created symlink /etc/systemd/user/sockets.target.wants/gpg-agent.socket → /usr/lib/systemd/user/gpg-agent.socket.
libfile-listing-perl (6.04-1) を設定しています ...
python3-apt (2.0.0ubuntu0.20.04.1) を設定しています ...
fontconfig-config (2.13.1-2ubuntu3) を設定しています ...
liblist-moreutils-perl (0.416-1build5) を設定しています ...
libxtst6:amd64 (2:1.2.3-1) を設定しています ...
libxcursor1:amd64 (1:1.2.0-2) を設定しています ...
gpgsm (2.2.19-3ubuntu2) を設定しています ...
libavahi-common3:amd64 (0.7-4ubuntu7) を設定しています ...
libtype-tiny-perl (1.008001-2) を設定しています ...
libnet-http-perl (6.19-1) を設定しています ...
libsereal-perl (4.011-1) を設定しています ...
libnet-dns-perl (1.22-1) を設定しています ...
libatspi2.0-0:amd64 (2.36.0-2) を設定しています ...
libdevel-callchecker-perl (0.008-1ubuntu1) を設定しています ...
libxml-sax-perl (1.02+dfsg-1) を設定しています ...
update-perl-sax-parsers: Registering Perl SAX parser XML::SAX::PurePerl with priority 10...
update-perl-sax-parsers: Updating overall Perl SAX parser modules info file...
debconf: フロントエンドの初期化に失敗しました: Dialog
debconf: (利用可能な dialog 系のプログラムがインストールされていないため、ダイアログ形式のフロントエンドは使用できません。 at /usr/share/perl5/Debconf/FrontEnd/Dialog.pm line 76.)
debconf: フロントエンドをフォールバックします: Readline

Creating config file /etc/perl/XML/SAX/ParserDetails.ini with new version
libio-async-loop-epoll-perl (0.20-1) を設定しています ...
libjson-glib-1.0-0:amd64 (1.4.4-2ubuntu2) を設定しています ...
libatk-bridge2.0-0:amd64 (2.34.2-0ubuntu2~20.04.1) を設定しています ...
dirmngr (2.2.19-3ubuntu2) を設定しています ...
Created symlink /etc/systemd/user/sockets.target.wants/dirmngr.socket → /usr/lib/systemd/user/dirmngr.socket.
libthai0:amd64 (0.1.28-3) を設定しています ...
dbus-user-session (1.12.16-2ubuntu2.1) を設定しています ...
libasan5:amd64 (9.3.0-17ubuntu1~20.04) を設定しています ...
libfreetype6:amd64 (2.10.1-2ubuntu0.1) を設定しています ...
shared-mime-info (1.15-1) を設定しています ...
libcroco3:amd64 (0.6.13-1) を設定しています ...
pkg-config (0.29.1-0ubuntu4) を設定しています ...
gir1.2-glib-2.0:amd64 (1.64.1-1~ubuntu20.04.1) を設定しています ...
libxml-libxml-perl (2.0134+dfsg-1build1) を設定しています ...
update-perl-sax-parsers: Registering Perl SAX parser XML::LibXML::SAX::Parser with priority 50...
update-perl-sax-parsers: Registering Perl SAX parser XML::LibXML::SAX with priority 50...
update-perl-sax-parsers: Updating overall Perl SAX parser modules info file...
debconf: フロントエンドの初期化に失敗しました: Dialog
debconf: (利用可能な dialog 系のプログラムがインストールされていないため、ダイアログ形式のフロントエンドは使用できません。 at /usr/share/perl5/Debconf/FrontEnd/Dialog.pm line 76.)
debconf: フロントエンドをフォールバックします: Readline
Replacing config file /etc/perl/XML/SAX/ParserDetails.ini with new version
gpg-wks-server (2.2.19-3ubuntu2) を設定しています ...
libwww-robotrules-perl (6.02-1) を設定しています ...
at-spi2-core (2.36.0-2) を設定しています ...
groff-base (1.22.4-4build1) を設定しています ...
libwayland-cursor0:amd64 (1.18.0-1) を設定しています ...
libhtml-parser-perl (3.72-5) を設定しています ...
cpp-9 (9.3.0-17ubuntu1~20.04) を設定しています ...
libpolkit-agent-1-0:amd64 (0.105-26ubuntu1) を設定しています ...
libc6-dev:amd64 (2.31-0ubuntu9.1) を設定しています ...
libharfbuzz0b:amd64 (2.6.4-1ubuntu4) を設定しています ...
libtiff5:amd64 (4.1.0+git191117-2build1) を設定しています ...
libfontconfig1:amd64 (2.13.1-2ubuntu3) を設定しています ...
policykit-1 (0.105-26ubuntu1) を設定しています ...
libavahi-client3:amd64 (0.7-4ubuntu7) を設定しています ...
libio-socket-ssl-perl (2.067-1) を設定しています ...
libhttp-message-perl (6.22-1) を設定しています ...
binutils-x86-64-linux-gnu (2.34-6ubuntu1) を設定しています ...
libhtml-form-perl (6.07-1) を設定しています ...
libhttp-negotiate-perl (6.01-1) を設定しています ...
fontconfig (2.13.1-2ubuntu3) を設定しています ...
Regenerating fonts cache... done.
libxft2:amd64 (2.3.3-0ubuntu1) を設定しています ...
gettext (0.19.8.1-10build1) を設定しています ...
gir1.2-freedesktop:amd64 (1.64.1-1~ubuntu20.04.1) を設定しています ...
gdebi-core (0.9.5.7+nmu3) を設定しています ...
gpg-wks-client (2.2.19-3ubuntu2) を設定しています ...
libhttp-cookies-perl (6.08-1) を設定しています ...
libextutils-pkgconfig-perl (1.16-1) を設定しています ...
gir1.2-atk-1.0:amd64 (2.35.1-1ubuntu2) を設定しています ...
libhtml-tree-perl (5.07-2) を設定しています ...
libparams-classify-perl (0.015-1build2) を設定しています ...
libpango-1.0-0:amd64 (1.44.7-2ubuntu4) を設定しています ...
libnet-dns-sec-perl (1.15-1) を設定しています ...
dconf-service (0.36.0-1) を設定しています ...
libhtml-format-perl (2.12-1) を設定しています ...
binutils (2.34-6ubuntu1) を設定しています ...
man-db (2.9.1-1) を設定しています ...
debconf: フロントエンドの初期化に失敗しました: Dialog
debconf: (利用可能な dialog 系のプログラムがインストールされていないため、ダイアログ形式のフロントエンドは使用できません。 at /usr/share/perl5/Debconf/FrontEnd/Dialog.pm line 76.)
debconf: フロントエンドをフォールバックします: Readline
Building database of manual pages ...
Created symlink /etc/systemd/system/timers.target.wants/man-db.timer → /lib/systemd/system/man-db.timer.
libcairo2:amd64 (1.16.0-4ubuntu1) を設定しています ...
dpkg-dev (1.19.7ubuntu3) を設定しています ...
intltool-debian (0.35.0+20060710.5) を設定しています ...
libgcc-9-dev:amd64 (9.3.0-17ubuntu1~20.04) を設定しています ...
libnet-smtp-ssl-perl (1.04-1) を設定しています ...
libmodule-runtime-perl (0.016-1) を設定しています ...
libmailtools-perl (2.21-1) を設定しています ...
libgdk-pixbuf2.0-0:amd64 (2.40.0+dfsg-3) を設定しています ...
python3-gi (3.36.0-1) を設定しています ...
libcups2:amd64 (2.3.1-9ubuntu1.1) を設定しています ...
libhttp-daemon-perl (6.06-1) を設定しています ...
libgdk-pixbuf2.0-bin (2.40.0+dfsg-3) を設定しています ...
cpp (4:9.3.0-1ubuntu2) を設定しています ...
gnupg (2.2.19-3ubuntu2) を設定しています ...
libcairo-perl (1.107-1) を設定しています ...
libcairo-gobject2:amd64 (1.16.0-4ubuntu1) を設定しています ...
libpangoft2-1.0-0:amd64 (1.44.7-2ubuntu4) を設定しています ...
libpangocairo-1.0-0:amd64 (1.44.7-2ubuntu4) を設定しています ...
networkd-dispatcher (2.0.1-1) を設定しています ...
Created symlink /etc/systemd/system/multi-user.target.wants/networkd-dispatcher.service → /lib/systemd/system/networkd-dispatcher.service.
gcc-9 (9.3.0-17ubuntu1~20.04) を設定しています ...
gtk-update-icon-cache (3.24.20-0ubuntu1) を設定しています ...
libglib-perl:amd64 (3:1.329.2-1) を設定しています ...
libpangoxft-1.0-0:amd64 (1.44.7-2ubuntu4) を設定しています ...
libstdc++-9-dev:amd64 (9.3.0-17ubuntu1~20.04) を設定しています ...
dconf-gsettings-backend:amd64 (0.36.0-1) を設定しています ...
gir1.2-gdkpixbuf-2.0:amd64 (2.40.0+dfsg-3) を設定しています ...
libmodule-implementation-perl (0.09-1) を設定しています ...
libemail-valid-perl (1.202-1) を設定しています ...
libpackage-stash-perl (0.38-1) を設定しています ...
libimport-into-perl (1.002005-1) を設定しています ...
libmoo-perl (2.003006-1) を設定しています ...
gcc (4:9.3.0-1ubuntu2) を設定しています ...
librsvg2-2:amd64 (2.48.7-1ubuntu0.20.04.1) を設定しています ...
libpango-perl (1.227-3build1) を設定しています ...
gir1.2-pango-1.0:amd64 (1.44.7-2ubuntu4) を設定しています ...
g++-9 (9.3.0-17ubuntu1~20.04) を設定しています ...
librsvg2-common:amd64 (2.48.7-1ubuntu0.20.04.1) を設定しています ...
g++ (4:9.3.0-1ubuntu2) を設定しています ...
update-alternatives: /usr/bin/c++ (c++) を提供するために自動モードで /usr/bin/g++ を使います
update-alternatives: 警告: 関連する (リンクグループ c++ の) ファイル /usr/share/man/man1/g++.1.gz が存在しないので、/usr/share/man/man1/c++.1.gz の作成をスキップします
build-essential (12.8ubuntu1.1) を設定しています ...
libmoox-aliases-perl (0.001006-1) を設定しています ...
libb-hooks-endofscope-perl (0.24-1) を設定しています ...
libgtk-3-common (3.24.20-0ubuntu1) を設定しています ...
gsettings-desktop-schemas (3.36.0-1ubuntu1) を設定しています ...
gnome-icon-theme (3.12.0-3) を設定しています ...
update-alternatives: /usr/share/icons/gnome/scalable/places/start-here.svg (start-here.svg) を提供するために自動モードで /usr/share/icons/gnome/scalable/places/debian-swirl.svg を使います
libnamespace-clean-perl (0.27-1) を設定しています ...
glib-networking:amd64 (2.64.2-1ubuntu0.1) を設定しています ...
libsoup2.4-1:amd64 (2.70.0-1) を設定しています ...
libgtk2.0-0:amd64 (2.24.32-4ubuntu4) を設定しています ...
lintian (2.62.0) を設定しています ...
libgtk2-perl (2:1.24993-1ubuntu2) を設定しています ...
libgail18:amd64 (2.24.32-4ubuntu4) を設定しています ...
libgtk2.0-bin (2.24.32-4ubuntu4) を設定しています ...
libsoup-gnome2.4-1:amd64 (2.70.0-1) を設定しています ...
librest-0.7-0:amd64 (0.8.1-1) を設定しています ...
libgail-common:amd64 (2.24.32-4ubuntu4) を設定しています ...
adwaita-icon-theme (3.36.1-2ubuntu0.20.04.2) を設定しています ...
update-alternatives: /usr/share/icons/default/index.theme (x-cursor-theme) を提供するために自動モードで /usr/share/icons/Adwaita/cursor.theme を使います
liblwp-protocol-https-perl (6.07-2ubuntu2) を設定しています ...
libwww-perl (6.43-1) を設定しています ...
libgtk-3-0:amd64 (3.24.20-0ubuntu1) を設定しています ...
gir1.2-gtk-3.0:amd64 (3.24.20-0ubuntu1) を設定しています ...
libgtk-3-bin (3.24.20-0ubuntu1) を設定しています ...
libvte-2.91-0:amd64 (0.60.3-0ubuntu1~20.04) を設定しています ...
humanity-icon-theme (0.6.15) を設定しています ...
gir1.2-vte-2.91:amd64 (0.60.3-0ubuntu1~20.04) を設定しています ...
libxml-parser-perl (2.46-1) を設定しています ...
gdebi (0.9.5.7+nmu3) を設定しています ...
ubuntu-mono (19.04-0ubuntu3) を設定しています ...
libxml-sax-expat-perl (0.51-1) を設定しています ...
update-perl-sax-parsers: Registering Perl SAX parser XML::SAX::Expat with priority 50...
update-perl-sax-parsers: Updating overall Perl SAX parser modules info file...
debconf: フロントエンドの初期化に失敗しました: Dialog
debconf: (利用可能な dialog 系のプログラムがインストールされていないため、ダイアログ形式のフロントエンドは使用できません。 at /usr/share/perl5/Debconf/FrontEnd/Dialog.pm line 76.)
debconf: フロントエンドをフォールバックします: Readline
Replacing config file /etc/perl/XML/SAX/ParserDetails.ini with new version
mime-support (3.64ubuntu1) のトリガを処理しています ...
libc-bin (2.31-0ubuntu9.1) のトリガを処理しています ...
systemd (245.4-4ubuntu3.3) のトリガを処理しています ...
libgdk-pixbuf2.0-0:amd64 (2.40.0+dfsg-3) のトリガを処理しています ...
パッケージリストを読み込んでいます...
依存関係ツリーを作成しています...
状態情報を読み取っています...
以下の追加パッケージがインストールされます:
  i965-va-driver intel-media-va-driver libaacs0 libaom0 libass9 libasyncns0
  libavc1394-0 libavcodec58 libavdevice58 libavfilter7 libavformat58
  libavresample4 libavutil56 libbdplus0 libbluray2 libbs2b0 libcaca0
  libcdio-cdda2 libcdio-paranoia2 libcdio18 libchromaprint1 libcodec2-0.9
  libdc1394-22 libdrm-amdgpu1 libdrm-common libdrm-intel1 libdrm-nouveau2
  libdrm-radeon1 libdrm2 libelf1 libfftw3-double3 libflac8 libflite1 libgl1
  libgl1-mesa-dri libglapi-mesa libglvnd0 libglx-mesa0 libglx0 libgme0 libgsm1
  libiec61883-0 libigdgmm11 libjack-jackd2-0 liblilv-0-0 libllvm10 libmp3lame0
  libmpg123-0 libmysofa1 libnorm1 libnuma1 libopenal-data libopenal1
  libopenjp2-7 libopenmpt0 libopus0 libpciaccess0 libpgm-5.2-0 libpostproc55
  libpulse0 libraw1394-11 librubberband2 libsamplerate0 libsdl2-2.0-0
  libsensors-config libsensors5 libserd-0-0 libshine3 libslang2 libsnappy1v5
  libsndfile1 libsndio7.0 libsodium23 libsord-0-0 libsoxr0 libspeex1
  libsratom-0-0 libssh-gcrypt-4 libswresample3 libswscale5 libtheora0
  libtwolame0 libusb-1.0-0 libva-drm2 libva-x11-2 libva2 libvdpau1
  libvidstab1.1 libvorbisenc2 libvpx6 libvulkan1 libwavpack1 libwebpmux3
  libwrap0 libx11-xcb1 libx264-155 libx265-179 libxcb-dri2-0 libxcb-dri3-0
  libxcb-glx0 libxcb-present0 libxcb-randr0 libxcb-shape0 libxcb-sync1
  libxcb-xfixes0 libxshmfence1 libxss1 libxv1 libxvidcore4 libxxf86vm1 libzmq5
  libzvbi-common libzvbi0 mesa-va-drivers mesa-vdpau-drivers
  mesa-vulkan-drivers ocl-icd-libopencl1 va-driver-all vdpau-driver-all
提案パッケージ:
  ffmpeg-doc i965-va-driver-shaders libbluray-bdj libfftw3-bin libfftw3-dev
  jackd2 libportaudio2 opus-tools pciutils pulseaudio libraw1394-doc
  lm-sensors serdi sndiod sordi speex opencl-icd libvdpau-va-gl1
  nvidia-vdpau-driver nvidia-legacy-340xx-vdpau-driver
  nvidia-legacy-304xx-vdpau-driver
以下のパッケージが新たにインストールされます:
  ffmpeg i965-va-driver intel-media-va-driver libaacs0 libaom0 libass9
  libasyncns0 libavc1394-0 libavcodec58 libavdevice58 libavfilter7
  libavformat58 libavresample4 libavutil56 libbdplus0 libbluray2 libbs2b0
  libcaca0 libcdio-cdda2 libcdio-paranoia2 libcdio18 libchromaprint1
  libcodec2-0.9 libdc1394-22 libdrm-amdgpu1 libdrm-common libdrm-intel1
  libdrm-nouveau2 libdrm-radeon1 libdrm2 libelf1 libfftw3-double3 libflac8
  libflite1 libgl1 libgl1-mesa-dri libglapi-mesa libglvnd0 libglx-mesa0
  libglx0 libgme0 libgsm1 libiec61883-0 libigdgmm11 libjack-jackd2-0
  liblilv-0-0 libllvm10 libmp3lame0 libmpg123-0 libmysofa1 libnorm1 libnuma1
  libopenal-data libopenal1 libopenjp2-7 libopenmpt0 libopus0 libpciaccess0
  libpgm-5.2-0 libpostproc55 libpulse0 libraw1394-11 librubberband2
  libsamplerate0 libsdl2-2.0-0 libsensors-config libsensors5 libserd-0-0
  libshine3 libslang2 libsnappy1v5 libsndfile1 libsndio7.0 libsodium23
  libsord-0-0 libsoxr0 libspeex1 libsratom-0-0 libssh-gcrypt-4 libswresample3
  libswscale5 libtheora0 libtwolame0 libusb-1.0-0 libva-drm2 libva-x11-2
  libva2 libvdpau1 libvidstab1.1 libvorbisenc2 libvpx6 libvulkan1 libwavpack1
  libwebpmux3 libwrap0 libx11-xcb1 libx264-155 libx265-179 libxcb-dri2-0
  libxcb-dri3-0 libxcb-glx0 libxcb-present0 libxcb-randr0 libxcb-shape0
  libxcb-sync1 libxcb-xfixes0 libxshmfence1 libxss1 libxv1 libxvidcore4
  libxxf86vm1 libzmq5 libzvbi-common libzvbi0 mesa-va-drivers
  mesa-vdpau-drivers mesa-vulkan-drivers ocl-icd-libopencl1 va-driver-all
  vdpau-driver-all
アップグレード: 0 個、新規インストール: 120 個、 削除: 0 個、保留: 0 個。
78.7 MB のアーカイブを取得する必要があります。
この操作後に追加で 567 MB のディスク容量が消費されます。
取得:1 http://ftp.jaist.ac.jp/pub/Linux/ubuntu focal/main amd64 libelf1 amd64 0.176-1.1build1 [44.0 kB]
取得:2 http://ftp.jaist.ac.jp/pub/Linux/ubuntu focal/main amd64 libslang2 amd64 2.3.2-4 [429 kB]
取得:3 http://ftp.jaist.ac.jp/pub/Linux/ubuntu focal/main amd64 libsodium23 amd64 1.0.18-1 [150 kB]
取得:4 http://ftp.jaist.ac.jp/pub/Linux/ubuntu focal/main amd64 libdrm-common all 2.4.101-2 [5,540 B]
取得:5 http://ftp.jaist.ac.jp/pub/Linux/ubuntu focal/main amd64 libdrm2 amd64 2.4.101-2 [32.4 kB]
取得:6 http://ftp.jaist.ac.jp/pub/Linux/ubuntu focal/main amd64 libnuma1 amd64 2.0.12-1 [20.8 kB]
取得:7 http://ftp.jaist.ac.jp/pub/Linux/ubuntu focal/main amd64 libusb-1.0-0 amd64 2:1.0.23-2build1 [46.5 kB]
取得:8 http://ftp.jaist.ac.jp/pub/Linux/ubuntu focal/universe amd64 libaom0 amd64 1.0.0.errata1-3build1 [1,160 kB]
取得:9 http://ftp.jaist.ac.jp/pub/Linux/ubuntu focal/universe amd64 libva2 amd64 2.7.0-2 [53.5 kB]
取得:10 http://ftp.jaist.ac.jp/pub/Linux/ubuntu focal/universe amd64 libva-drm2 amd64 2.7.0-2 [7,044 B]
取得:11 http://ftp.jaist.ac.jp/pub/Linux/ubuntu focal/universe amd64 libva-x11-2 amd64 2.7.0-2 [11.9 kB]
取得:12 http://ftp.jaist.ac.jp/pub/Linux/ubuntu focal/main amd64 libvdpau1 amd64 1.3-1ubuntu2 [25.6 kB]
取得:13 http://ftp.jaist.ac.jp/pub/Linux/ubuntu focal/main amd64 ocl-icd-libopencl1 amd64 2.2.11-1ubuntu1 [30.3 kB]
取得:14 http://ftp.jaist.ac.jp/pub/Linux/ubuntu focal-updates/universe amd64 libavutil56 amd64 7:4.2.4-1ubuntu0.1 [241 kB]
取得:15 http://ftp.jaist.ac.jp/pub/Linux/ubuntu focal/universe amd64 libcodec2-0.9 amd64 0.9.2-2 [7,886 kB]
取得:16 http://ftp.jaist.ac.jp/pub/Linux/ubuntu focal/universe amd64 libgsm1 amd64 1.0.18-2 [24.4 kB]
取得:17 http://ftp.jaist.ac.jp/pub/Linux/ubuntu focal/main amd64 libmp3lame0 amd64 3.100-3 [133 kB]
取得:18 http://ftp.jaist.ac.jp/pub/Linux/ubuntu focal/main amd64 libopenjp2-7 amd64 2.3.1-1ubuntu4 [141 kB]
取得:19 http://ftp.jaist.ac.jp/pub/Linux/ubuntu focal/main amd64 libopus0 amd64 1.3.1-0ubuntu1 [191 kB]
取得:20 http://ftp.jaist.ac.jp/pub/Linux/ubuntu focal/universe amd64 libshine3 amd64 3.1.1-2 [23.2 kB]
取得:21 http://ftp.jaist.ac.jp/pub/Linux/ubuntu focal/main amd64 libsnappy1v5 amd64 1.1.8-1build1 [16.7 kB]
取得:22 http://ftp.jaist.ac.jp/pub/Linux/ubuntu focal/main amd64 libspeex1 amd64 1.2~rc1.2-1.1ubuntu1 [53.2 kB]
取得:23 http://ftp.jaist.ac.jp/pub/Linux/ubuntu focal/main amd64 libsoxr0 amd64 0.1.3-2build1 [78.0 kB]
取得:24 http://ftp.jaist.ac.jp/pub/Linux/ubuntu focal-updates/universe amd64 libswresample3 amd64 7:4.2.4-1ubuntu0.1 [57.1 kB]
取得:25 http://ftp.jaist.ac.jp/pub/Linux/ubuntu focal/main amd64 libtheora0 amd64 1.1.1+dfsg.1-15ubuntu2 [162 kB]
取得:26 http://ftp.jaist.ac.jp/pub/Linux/ubuntu focal/main amd64 libtwolame0 amd64 0.4.0-2 [47.6 kB]
取得:27 http://ftp.jaist.ac.jp/pub/Linux/ubuntu focal/main amd64 libvorbisenc2 amd64 1.3.6-2ubuntu1 [70.7 kB]
取得:28 http://ftp.jaist.ac.jp/pub/Linux/ubuntu focal/main amd64 libvpx6 amd64 1.8.2-1build1 [820 kB]
取得:29 http://ftp.jaist.ac.jp/pub/Linux/ubuntu focal/main amd64 libwavpack1 amd64 5.2.0-1 [77.0 kB]
取得:30 http://ftp.jaist.ac.jp/pub/Linux/ubuntu focal/main amd64 libwebpmux3 amd64 0.6.1-2 [19.6 kB]
取得:31 http://ftp.jaist.ac.jp/pub/Linux/ubuntu focal/universe amd64 libx264-155 amd64 2:0.155.2917+git0a84d98-2 [521 kB]
取得:32 http://ftp.jaist.ac.jp/pub/Linux/ubuntu focal/universe amd64 libx265-179 amd64 3.2.1-1build1 [1,060 kB]
取得:33 http://ftp.jaist.ac.jp/pub/Linux/ubuntu focal/universe amd64 libxvidcore4 amd64 2:1.3.7-1 [201 kB]
取得:34 http://ftp.jaist.ac.jp/pub/Linux/ubuntu focal/universe amd64 libzvbi-common all 0.2.35-17 [32.5 kB]
取得:35 http://ftp.jaist.ac.jp/pub/Linux/ubuntu focal/universe amd64 libzvbi0 amd64 0.2.35-17 [237 kB]
取得:36 http://ftp.jaist.ac.jp/pub/Linux/ubuntu focal-updates/universe amd64 libavcodec58 amd64 7:4.2.4-1ubuntu0.1 [4,876 kB]
取得:37 http://ftp.jaist.ac.jp/pub/Linux/ubuntu focal/main amd64 libraw1394-11 amd64 2.1.2-1 [30.7 kB]
取得:38 http://ftp.jaist.ac.jp/pub/Linux/ubuntu focal/main amd64 libavc1394-0 amd64 0.5.4-5 [16.2 kB]
取得:39 http://ftp.jaist.ac.jp/pub/Linux/ubuntu focal/universe amd64 libass9 amd64 1:0.14.0-2 [88.0 kB]
取得:40 http://ftp.jaist.ac.jp/pub/Linux/ubuntu focal/universe amd64 libbluray2 amd64 1:1.2.0-1 [138 kB]
取得:41 http://ftp.jaist.ac.jp/pub/Linux/ubuntu focal/universe amd64 libchromaprint1 amd64 1.4.3-3build1 [37.6 kB]
取得:42 http://ftp.jaist.ac.jp/pub/Linux/ubuntu focal/universe amd64 libgme0 amd64 0.6.2-1build1 [123 kB]
取得:43 http://ftp.jaist.ac.jp/pub/Linux/ubuntu focal/main amd64 libmpg123-0 amd64 1.25.13-1 [124 kB]
取得:44 http://ftp.jaist.ac.jp/pub/Linux/ubuntu focal/universe amd64 libopenmpt0 amd64 0.4.11-1build1 [599 kB]
取得:45 http://ftp.jaist.ac.jp/pub/Linux/ubuntu focal-updates/main amd64 libssh-gcrypt-4 amd64 0.9.3-2ubuntu2.1 [201 kB]
取得:46 http://ftp.jaist.ac.jp/pub/Linux/ubuntu focal-updates/universe amd64 libavformat58 amd64 7:4.2.4-1ubuntu0.1 [981 kB]
取得:47 http://ftp.jaist.ac.jp/pub/Linux/ubuntu focal/universe amd64 libbs2b0 amd64 3.1.0+dfsg-2.2build1 [10.2 kB]
取得:48 http://ftp.jaist.ac.jp/pub/Linux/ubuntu focal/universe amd64 libflite1 amd64 2.1-release-3 [12.8 MB]
取得:49 http://ftp.jaist.ac.jp/pub/Linux/ubuntu focal/universe amd64 libserd-0-0 amd64 0.30.2-1 [46.6 kB]
取得:50 http://ftp.jaist.ac.jp/pub/Linux/ubuntu focal/universe amd64 libsord-0-0 amd64 0.16.4-1 [19.5 kB]
取得:51 http://ftp.jaist.ac.jp/pub/Linux/ubuntu focal/universe amd64 libsratom-0-0 amd64 0.6.4-1 [16.9 kB]
取得:52 http://ftp.jaist.ac.jp/pub/Linux/ubuntu focal-updates/universe amd64 liblilv-0-0 amd64 0.24.6-1ubuntu0.1 [40.6 kB]
取得:53 http://ftp.jaist.ac.jp/pub/Linux/ubuntu focal/universe amd64 libmysofa1 amd64 1.0~dfsg0-1 [39.2 kB]
取得:54 http://ftp.jaist.ac.jp/pub/Linux/ubuntu focal-updates/universe amd64 libpostproc55 amd64 7:4.2.4-1ubuntu0.1 [55.3 kB]
取得:55 http://ftp.jaist.ac.jp/pub/Linux/ubuntu focal/main amd64 libfftw3-double3 amd64 3.3.8-2ubuntu1 [728 kB]
取得:56 http://ftp.jaist.ac.jp/pub/Linux/ubuntu focal/main amd64 libsamplerate0 amd64 0.1.9-2 [939 kB]
取得:57 http://ftp.jaist.ac.jp/pub/Linux/ubuntu focal/universe amd64 librubberband2 amd64 1.8.2-1build1 [89.4 kB]
取得:58 http://ftp.jaist.ac.jp/pub/Linux/ubuntu focal-updates/universe amd64 libswscale5 amd64 7:4.2.4-1ubuntu0.1 [156 kB]
取得:59 http://ftp.jaist.ac.jp/pub/Linux/ubuntu focal/universe amd64 libvidstab1.1 amd64 1.1.0-2 [35.0 kB]
取得:60 http://ftp.jaist.ac.jp/pub/Linux/ubuntu focal/universe amd64 libnorm1 amd64 1.5.8+dfsg2-2build1 [290 kB]
取得:61 http://ftp.jaist.ac.jp/pub/Linux/ubuntu focal/universe amd64 libpgm-5.2-0 amd64 5.2.122~dfsg-3ubuntu1 [158 kB]
取得:62 http://ftp.jaist.ac.jp/pub/Linux/ubuntu focal/universe amd64 libzmq5 amd64 4.3.2-2ubuntu1 [242 kB]
取得:63 http://ftp.jaist.ac.jp/pub/Linux/ubuntu focal-updates/universe amd64 libavfilter7 amd64 7:4.2.4-1ubuntu0.1 [1,084 kB]
取得:64 http://ftp.jaist.ac.jp/pub/Linux/ubuntu focal/main amd64 libcaca0 amd64 0.99.beta19-2.1ubuntu1 [202 kB]
取得:65 http://ftp.jaist.ac.jp/pub/Linux/ubuntu focal/main amd64 libcdio18 amd64 2.0.0-2 [58.6 kB]
取得:66 http://ftp.jaist.ac.jp/pub/Linux/ubuntu focal/main amd64 libcdio-cdda2 amd64 10.2+2.0.0-1 [17.6 kB]
取得:67 http://ftp.jaist.ac.jp/pub/Linux/ubuntu focal/main amd64 libcdio-paranoia2 amd64 10.2+2.0.0-1 [16.2 kB]
取得:68 http://ftp.jaist.ac.jp/pub/Linux/ubuntu focal/universe amd64 libdc1394-22 amd64 2.2.5-2.1 [79.6 kB]
取得:69 http://ftp.jaist.ac.jp/pub/Linux/ubuntu focal-updates/main amd64 libglvnd0 amd64 1.3.1-1ubuntu0.20.04.1 [49.0 kB]
取得:70 http://ftp.jaist.ac.jp/pub/Linux/ubuntu focal-updates/main amd64 libglapi-mesa amd64 20.0.8-0ubuntu1~20.04.1 [27.0 kB]
取得:71 http://ftp.jaist.ac.jp/pub/Linux/ubuntu focal-updates/main amd64 libx11-xcb1 amd64 2:1.6.9-2ubuntu1.1 [9,220 B]
取得:72 http://ftp.jaist.ac.jp/pub/Linux/ubuntu focal/main amd64 libxcb-dri2-0 amd64 1.14-2 [6,920 B]
取得:73 http://ftp.jaist.ac.jp/pub/Linux/ubuntu focal/main amd64 libxcb-dri3-0 amd64 1.14-2 [6,552 B]
取得:74 http://ftp.jaist.ac.jp/pub/Linux/ubuntu focal/main amd64 libxcb-glx0 amd64 1.14-2 [22.1 kB]
取得:75 http://ftp.jaist.ac.jp/pub/Linux/ubuntu focal/main amd64 libxcb-present0 amd64 1.14-2 [5,560 B]
取得:76 http://ftp.jaist.ac.jp/pub/Linux/ubuntu focal/main amd64 libxcb-sync1 amd64 1.14-2 [8,884 B]
取得:77 http://ftp.jaist.ac.jp/pub/Linux/ubuntu focal/main amd64 libxshmfence1 amd64 1.3-1 [5,028 B]
取得:78 http://ftp.jaist.ac.jp/pub/Linux/ubuntu focal/main amd64 libxxf86vm1 amd64 1:1.1.4-1build1 [10.2 kB]
取得:79 http://ftp.jaist.ac.jp/pub/Linux/ubuntu focal/main amd64 libdrm-amdgpu1 amd64 2.4.101-2 [18.3 kB]
取得:80 http://ftp.jaist.ac.jp/pub/Linux/ubuntu focal/main amd64 libpciaccess0 amd64 0.16-0ubuntu1 [17.9 kB]
取得:81 http://ftp.jaist.ac.jp/pub/Linux/ubuntu focal/main amd64 libdrm-intel1 amd64 2.4.101-2 [60.2 kB]
取得:82 http://ftp.jaist.ac.jp/pub/Linux/ubuntu focal/main amd64 libdrm-nouveau2 amd64 2.4.101-2 [16.4 kB]
取得:83 http://ftp.jaist.ac.jp/pub/Linux/ubuntu focal/main amd64 libdrm-radeon1 amd64 2.4.101-2 [19.7 kB]
取得:84 http://ftp.jaist.ac.jp/pub/Linux/ubuntu focal/main amd64 libllvm10 amd64 1:10.0.0-4ubuntu1 [15.3 MB]
取得:85 http://ftp.jaist.ac.jp/pub/Linux/ubuntu focal/main amd64 libsensors-config all 1:3.6.0-2ubuntu1 [6,092 B]
取得:86 http://ftp.jaist.ac.jp/pub/Linux/ubuntu focal/main amd64 libsensors5 amd64 1:3.6.0-2ubuntu1 [27.4 kB]
取得:87 http://ftp.jaist.ac.jp/pub/Linux/ubuntu focal/main amd64 libvulkan1 amd64 1.2.131.2-1 [93.3 kB]
取得:88 http://ftp.jaist.ac.jp/pub/Linux/ubuntu focal-updates/main amd64 libgl1-mesa-dri amd64 20.0.8-0ubuntu1~20.04.1 [9,458 kB]
取得:89 http://ftp.jaist.ac.jp/pub/Linux/ubuntu focal-updates/main amd64 libglx-mesa0 amd64 20.0.8-0ubuntu1~20.04.1 [139 kB]
取得:90 http://ftp.jaist.ac.jp/pub/Linux/ubuntu focal-updates/main amd64 libglx0 amd64 1.3.1-1ubuntu0.20.04.1 [32.6 kB]
取得:91 http://ftp.jaist.ac.jp/pub/Linux/ubuntu focal-updates/main amd64 libgl1 amd64 1.3.1-1ubuntu0.20.04.1 [86.5 kB]
取得:92 http://ftp.jaist.ac.jp/pub/Linux/ubuntu focal/main amd64 libiec61883-0 amd64 1.2.0-3 [24.3 kB]
取得:93 http://ftp.jaist.ac.jp/pub/Linux/ubuntu focal/main amd64 libjack-jackd2-0 amd64 1.9.12~dfsg-2ubuntu2 [267 kB]
取得:94 http://ftp.jaist.ac.jp/pub/Linux/ubuntu focal/universe amd64 libopenal-data all 1:1.19.1-1 [162 kB]
取得:95 http://ftp.jaist.ac.jp/pub/Linux/ubuntu focal/universe amd64 libsndio7.0 amd64 1.5.0-3 [24.5 kB]
取得:96 http://ftp.jaist.ac.jp/pub/Linux/ubuntu focal/universe amd64 libopenal1 amd64 1:1.19.1-1 [492 kB]
取得:97 http://ftp.jaist.ac.jp/pub/Linux/ubuntu focal/main amd64 libasyncns0 amd64 0.8-6 [12.1 kB]
取得:98 http://ftp.jaist.ac.jp/pub/Linux/ubuntu focal/main amd64 libflac8 amd64 1.3.3-1build1 [103 kB]
取得:99 http://ftp.jaist.ac.jp/pub/Linux/ubuntu focal/main amd64 libsndfile1 amd64 1.0.28-7 [170 kB]
取得:100 http://ftp.jaist.ac.jp/pub/Linux/ubuntu focal/main amd64 libwrap0 amd64 7.6.q-30 [46.3 kB]
取得:101 http://ftp.jaist.ac.jp/pub/Linux/ubuntu focal-updates/main amd64 libpulse0 amd64 1:13.99.1-1ubuntu3.7 [261 kB]
取得:102 http://ftp.jaist.ac.jp/pub/Linux/ubuntu focal/main amd64 libxss1 amd64 1:1.2.3-1 [8,140 B]
取得:103 http://ftp.jaist.ac.jp/pub/Linux/ubuntu focal/universe amd64 libsdl2-2.0-0 amd64 2.0.10+dfsg1-3 [407 kB]
取得:104 http://ftp.jaist.ac.jp/pub/Linux/ubuntu focal/main amd64 libxcb-shape0 amd64 1.14-2 [5,928 B]
取得:105 http://ftp.jaist.ac.jp/pub/Linux/ubuntu focal/main amd64 libxcb-xfixes0 amd64 1.14-2 [9,296 B]
取得:106 http://ftp.jaist.ac.jp/pub/Linux/ubuntu focal/main amd64 libxv1 amd64 2:1.0.11-1 [10.7 kB]
取得:107 http://ftp.jaist.ac.jp/pub/Linux/ubuntu focal-updates/universe amd64 libavdevice58 amd64 7:4.2.4-1ubuntu0.1 [74.3 kB]
取得:108 http://ftp.jaist.ac.jp/pub/Linux/ubuntu focal-updates/universe amd64 libavresample4 amd64 7:4.2.4-1ubuntu0.1 [54.2 kB]
取得:109 http://ftp.jaist.ac.jp/pub/Linux/ubuntu focal-updates/universe amd64 ffmpeg amd64 7:4.2.4-1ubuntu0.1 [1,453 kB]
取得:110 http://ftp.jaist.ac.jp/pub/Linux/ubuntu focal/universe amd64 libigdgmm11 amd64 20.1.1+ds1-1 [111 kB]
取得:111 http://ftp.jaist.ac.jp/pub/Linux/ubuntu focal/universe amd64 intel-media-va-driver amd64 20.1.1+dfsg1-1 [1,764 kB]
取得:112 http://ftp.jaist.ac.jp/pub/Linux/ubuntu focal/universe amd64 libaacs0 amd64 0.9.0-2 [50.1 kB]
取得:113 http://ftp.jaist.ac.jp/pub/Linux/ubuntu focal/universe amd64 libbdplus0 amd64 0.1.2-3 [47.3 kB]
取得:114 http://ftp.jaist.ac.jp/pub/Linux/ubuntu focal/main amd64 libxcb-randr0 amd64 1.14-2 [16.3 kB]
取得:115 http://ftp.jaist.ac.jp/pub/Linux/ubuntu focal-updates/universe amd64 mesa-va-drivers amd64 20.0.8-0ubuntu1~20.04.1 [2,418 kB]
取得:116 http://ftp.jaist.ac.jp/pub/Linux/ubuntu focal-updates/main amd64 mesa-vdpau-drivers amd64 20.0.8-0ubuntu1~20.04.1 [2,546 kB]
取得:117 http://ftp.jaist.ac.jp/pub/Linux/ubuntu focal-updates/main amd64 mesa-vulkan-drivers amd64 20.0.8-0ubuntu1~20.04.1 [3,349 kB]
取得:118 http://ftp.jaist.ac.jp/pub/Linux/ubuntu focal/universe amd64 i965-va-driver amd64 2.4.0-0ubuntu1 [924 kB]
取得:119 http://ftp.jaist.ac.jp/pub/Linux/ubuntu focal/universe amd64 va-driver-all amd64 2.7.0-2 [4,020 B]
取得:120 http://ftp.jaist.ac.jp/pub/Linux/ubuntu focal/main amd64 vdpau-driver-all amd64 1.3-1ubuntu2 [4,596 B]
debconf: フロントエンドの初期化に失敗しました: Dialog
debconf: (利用可能な dialog 系のプログラムがインストールされていないため、ダイアログ形式のフロントエンドは使用できません。 at /usr/share/perl5/Debconf/FrontEnd/Dialog.pm line 76, <> line 120.)
debconf: フロントエンドをフォールバックします: Readline
78.7 MB を 1分 54秒 で取得しました (692 kB/s)
以前に未選択のパッケージ libelf1:amd64 を選択しています。
(データベースを読み込んでいます ... (データベースを読み込んでいます ... 5%(データベースを読み込んでいます ... 10%(データベースを読み込んでいます ... 15%(データベースを読み込んでいます ... 20%(データベースを読み込んでいます ... 25%(データベースを読み込んでいます ... 30%(データベースを読み込んでいます ... 35%(データベースを読み込んでいます ... 40%(データベースを読み込んでいます ... 45%(データベースを読み込んでいます ... 50%(データベースを読み込んでいます ... 55%(データベースを読み込んでいます ... 60%(データベースを読み込んでいます ... 65%(データベースを読み込んでいます ... 70%(データベースを読み込んでいます ... 75%(データベースを読み込んでいます ... 80%(データベースを読み込んでいます ... 85%(データベースを読み込んでいます ... 90%(データベースを読み込んでいます ... 95%(データベースを読み込んでいます ... 100%(データベースを読み込んでいます ... 現在 58685 個のファイルとディレクトリがインストールされています。)
.../000-libelf1_0.176-1.1build1_amd64.deb を展開する準備をしています ...
libelf1:amd64 (0.176-1.1build1) を展開しています...
以前に未選択のパッケージ libslang2:amd64 を選択しています。
.../001-libslang2_2.3.2-4_amd64.deb を展開する準備をしています ...
libslang2:amd64 (2.3.2-4) を展開しています...
以前に未選択のパッケージ libsodium23:amd64 を選択しています。
.../002-libsodium23_1.0.18-1_amd64.deb を展開する準備をしています ...
libsodium23:amd64 (1.0.18-1) を展開しています...
以前に未選択のパッケージ libdrm-common を選択しています。
.../003-libdrm-common_2.4.101-2_all.deb を展開する準備をしています ...
libdrm-common (2.4.101-2) を展開しています...
以前に未選択のパッケージ libdrm2:amd64 を選択しています。
.../004-libdrm2_2.4.101-2_amd64.deb を展開する準備をしています ...
libdrm2:amd64 (2.4.101-2) を展開しています...
以前に未選択のパッケージ libnuma1:amd64 を選択しています。
.../005-libnuma1_2.0.12-1_amd64.deb を展開する準備をしています ...
libnuma1:amd64 (2.0.12-1) を展開しています...
以前に未選択のパッケージ libusb-1.0-0:amd64 を選択しています。
.../006-libusb-1.0-0_2%3a1.0.23-2build1_amd64.deb を展開する準備をしています ...
libusb-1.0-0:amd64 (2:1.0.23-2build1) を展開しています...
以前に未選択のパッケージ libaom0:amd64 を選択しています。
.../007-libaom0_1.0.0.errata1-3build1_amd64.deb を展開する準備をしています ...
libaom0:amd64 (1.0.0.errata1-3build1) を展開しています...
以前に未選択のパッケージ libva2:amd64 を選択しています。
.../008-libva2_2.7.0-2_amd64.deb を展開する準備をしています ...
libva2:amd64 (2.7.0-2) を展開しています...
以前に未選択のパッケージ libva-drm2:amd64 を選択しています。
.../009-libva-drm2_2.7.0-2_amd64.deb を展開する準備をしています ...
libva-drm2:amd64 (2.7.0-2) を展開しています...
以前に未選択のパッケージ libva-x11-2:amd64 を選択しています。
.../010-libva-x11-2_2.7.0-2_amd64.deb を展開する準備をしています ...
libva-x11-2:amd64 (2.7.0-2) を展開しています...
以前に未選択のパッケージ libvdpau1:amd64 を選択しています。
.../011-libvdpau1_1.3-1ubuntu2_amd64.deb を展開する準備をしています ...
libvdpau1:amd64 (1.3-1ubuntu2) を展開しています...
以前に未選択のパッケージ ocl-icd-libopencl1:amd64 を選択しています。
.../012-ocl-icd-libopencl1_2.2.11-1ubuntu1_amd64.deb を展開する準備をしています ...
ocl-icd-libopencl1:amd64 (2.2.11-1ubuntu1) を展開しています...
以前に未選択のパッケージ libavutil56:amd64 を選択しています。
.../013-libavutil56_7%3a4.2.4-1ubuntu0.1_amd64.deb を展開する準備をしています ...
libavutil56:amd64 (7:4.2.4-1ubuntu0.1) を展開しています...
以前に未選択のパッケージ libcodec2-0.9:amd64 を選択しています。
.../014-libcodec2-0.9_0.9.2-2_amd64.deb を展開する準備をしています ...
libcodec2-0.9:amd64 (0.9.2-2) を展開しています...
以前に未選択のパッケージ libgsm1:amd64 を選択しています。
.../015-libgsm1_1.0.18-2_amd64.deb を展開する準備をしています ...
libgsm1:amd64 (1.0.18-2) を展開しています...
以前に未選択のパッケージ libmp3lame0:amd64 を選択しています。
.../016-libmp3lame0_3.100-3_amd64.deb を展開する準備をしています ...
libmp3lame0:amd64 (3.100-3) を展開しています...
以前に未選択のパッケージ libopenjp2-7:amd64 を選択しています。
.../017-libopenjp2-7_2.3.1-1ubuntu4_amd64.deb を展開する準備をしています ...
libopenjp2-7:amd64 (2.3.1-1ubuntu4) を展開しています...
以前に未選択のパッケージ libopus0:amd64 を選択しています。
.../018-libopus0_1.3.1-0ubuntu1_amd64.deb を展開する準備をしています ...
libopus0:amd64 (1.3.1-0ubuntu1) を展開しています...
以前に未選択のパッケージ libshine3:amd64 を選択しています。
.../019-libshine3_3.1.1-2_amd64.deb を展開する準備をしています ...
libshine3:amd64 (3.1.1-2) を展開しています...
以前に未選択のパッケージ libsnappy1v5:amd64 を選択しています。
.../020-libsnappy1v5_1.1.8-1build1_amd64.deb を展開する準備をしています ...
libsnappy1v5:amd64 (1.1.8-1build1) を展開しています...
以前に未選択のパッケージ libspeex1:amd64 を選択しています。
.../021-libspeex1_1.2~rc1.2-1.1ubuntu1_amd64.deb を展開する準備をしています ...
libspeex1:amd64 (1.2~rc1.2-1.1ubuntu1) を展開しています...
以前に未選択のパッケージ libsoxr0:amd64 を選択しています。
.../022-libsoxr0_0.1.3-2build1_amd64.deb を展開する準備をしています ...
libsoxr0:amd64 (0.1.3-2build1) を展開しています...
以前に未選択のパッケージ libswresample3:amd64 を選択しています。
.../023-libswresample3_7%3a4.2.4-1ubuntu0.1_amd64.deb を展開する準備をしています ...
libswresample3:amd64 (7:4.2.4-1ubuntu0.1) を展開しています...
以前に未選択のパッケージ libtheora0:amd64 を選択しています。
.../024-libtheora0_1.1.1+dfsg.1-15ubuntu2_amd64.deb を展開する準備をしています ...
libtheora0:amd64 (1.1.1+dfsg.1-15ubuntu2) を展開しています...
以前に未選択のパッケージ libtwolame0:amd64 を選択しています。
.../025-libtwolame0_0.4.0-2_amd64.deb を展開する準備をしています ...
libtwolame0:amd64 (0.4.0-2) を展開しています...
以前に未選択のパッケージ libvorbisenc2:amd64 を選択しています。
.../026-libvorbisenc2_1.3.6-2ubuntu1_amd64.deb を展開する準備をしています ...
libvorbisenc2:amd64 (1.3.6-2ubuntu1) を展開しています...
以前に未選択のパッケージ libvpx6:amd64 を選択しています。
.../027-libvpx6_1.8.2-1build1_amd64.deb を展開する準備をしています ...
libvpx6:amd64 (1.8.2-1build1) を展開しています...
以前に未選択のパッケージ libwavpack1:amd64 を選択しています。
.../028-libwavpack1_5.2.0-1_amd64.deb を展開する準備をしています ...
libwavpack1:amd64 (5.2.0-1) を展開しています...
以前に未選択のパッケージ libwebpmux3:amd64 を選択しています。
.../029-libwebpmux3_0.6.1-2_amd64.deb を展開する準備をしています ...
libwebpmux3:amd64 (0.6.1-2) を展開しています...
以前に未選択のパッケージ libx264-155:amd64 を選択しています。
.../030-libx264-155_2%3a0.155.2917+git0a84d98-2_amd64.deb を展開する準備をしています ...
libx264-155:amd64 (2:0.155.2917+git0a84d98-2) を展開しています...
以前に未選択のパッケージ libx265-179:amd64 を選択しています。
.../031-libx265-179_3.2.1-1build1_amd64.deb を展開する準備をしています ...
libx265-179:amd64 (3.2.1-1build1) を展開しています...
以前に未選択のパッケージ libxvidcore4:amd64 を選択しています。
.../032-libxvidcore4_2%3a1.3.7-1_amd64.deb を展開する準備をしています ...
libxvidcore4:amd64 (2:1.3.7-1) を展開しています...
以前に未選択のパッケージ libzvbi-common を選択しています。
.../033-libzvbi-common_0.2.35-17_all.deb を展開する準備をしています ...
libzvbi-common (0.2.35-17) を展開しています...
以前に未選択のパッケージ libzvbi0:amd64 を選択しています。
.../034-libzvbi0_0.2.35-17_amd64.deb を展開する準備をしています ...
libzvbi0:amd64 (0.2.35-17) を展開しています...
以前に未選択のパッケージ libavcodec58:amd64 を選択しています。
.../035-libavcodec58_7%3a4.2.4-1ubuntu0.1_amd64.deb を展開する準備をしています ...
libavcodec58:amd64 (7:4.2.4-1ubuntu0.1) を展開しています...
以前に未選択のパッケージ libraw1394-11:amd64 を選択しています。
.../036-libraw1394-11_2.1.2-1_amd64.deb を展開する準備をしています ...
libraw1394-11:amd64 (2.1.2-1) を展開しています...
以前に未選択のパッケージ libavc1394-0:amd64 を選択しています。
.../037-libavc1394-0_0.5.4-5_amd64.deb を展開する準備をしています ...
libavc1394-0:amd64 (0.5.4-5) を展開しています...
以前に未選択のパッケージ libass9:amd64 を選択しています。
.../038-libass9_1%3a0.14.0-2_amd64.deb を展開する準備をしています ...
libass9:amd64 (1:0.14.0-2) を展開しています...
以前に未選択のパッケージ libbluray2:amd64 を選択しています。
.../039-libbluray2_1%3a1.2.0-1_amd64.deb を展開する準備をしています ...
libbluray2:amd64 (1:1.2.0-1) を展開しています...
以前に未選択のパッケージ libchromaprint1:amd64 を選択しています。
.../040-libchromaprint1_1.4.3-3build1_amd64.deb を展開する準備をしています ...
libchromaprint1:amd64 (1.4.3-3build1) を展開しています...
以前に未選択のパッケージ libgme0:amd64 を選択しています。
.../041-libgme0_0.6.2-1build1_amd64.deb を展開する準備をしています ...
libgme0:amd64 (0.6.2-1build1) を展開しています...
以前に未選択のパッケージ libmpg123-0:amd64 を選択しています。
.../042-libmpg123-0_1.25.13-1_amd64.deb を展開する準備をしています ...
libmpg123-0:amd64 (1.25.13-1) を展開しています...
以前に未選択のパッケージ libopenmpt0:amd64 を選択しています。
.../043-libopenmpt0_0.4.11-1build1_amd64.deb を展開する準備をしています ...
libopenmpt0:amd64 (0.4.11-1build1) を展開しています...
以前に未選択のパッケージ libssh-gcrypt-4:amd64 を選択しています。
.../044-libssh-gcrypt-4_0.9.3-2ubuntu2.1_amd64.deb を展開する準備をしています ...
libssh-gcrypt-4:amd64 (0.9.3-2ubuntu2.1) を展開しています...
以前に未選択のパッケージ libavformat58:amd64 を選択しています。
.../045-libavformat58_7%3a4.2.4-1ubuntu0.1_amd64.deb を展開する準備をしています ...
libavformat58:amd64 (7:4.2.4-1ubuntu0.1) を展開しています...
以前に未選択のパッケージ libbs2b0:amd64 を選択しています。
.../046-libbs2b0_3.1.0+dfsg-2.2build1_amd64.deb を展開する準備をしています ...
libbs2b0:amd64 (3.1.0+dfsg-2.2build1) を展開しています...
以前に未選択のパッケージ libflite1:amd64 を選択しています。
.../047-libflite1_2.1-release-3_amd64.deb を展開する準備をしています ...
libflite1:amd64 (2.1-release-3) を展開しています...
以前に未選択のパッケージ libserd-0-0:amd64 を選択しています。
.../048-libserd-0-0_0.30.2-1_amd64.deb を展開する準備をしています ...
libserd-0-0:amd64 (0.30.2-1) を展開しています...
以前に未選択のパッケージ libsord-0-0:amd64 を選択しています。
.../049-libsord-0-0_0.16.4-1_amd64.deb を展開する準備をしています ...
libsord-0-0:amd64 (0.16.4-1) を展開しています...
以前に未選択のパッケージ libsratom-0-0:amd64 を選択しています。
.../050-libsratom-0-0_0.6.4-1_amd64.deb を展開する準備をしています ...
libsratom-0-0:amd64 (0.6.4-1) を展開しています...
以前に未選択のパッケージ liblilv-0-0:amd64 を選択しています。
.../051-liblilv-0-0_0.24.6-1ubuntu0.1_amd64.deb を展開する準備をしています ...
liblilv-0-0:amd64 (0.24.6-1ubuntu0.1) を展開しています...
以前に未選択のパッケージ libmysofa1:amd64 を選択しています。
.../052-libmysofa1_1.0~dfsg0-1_amd64.deb を展開する準備をしています ...
libmysofa1:amd64 (1.0~dfsg0-1) を展開しています...
以前に未選択のパッケージ libpostproc55:amd64 を選択しています。
.../053-libpostproc55_7%3a4.2.4-1ubuntu0.1_amd64.deb を展開する準備をしています ...
libpostproc55:amd64 (7:4.2.4-1ubuntu0.1) を展開しています...
以前に未選択のパッケージ libfftw3-double3:amd64 を選択しています。
.../054-libfftw3-double3_3.3.8-2ubuntu1_amd64.deb を展開する準備をしています ...
libfftw3-double3:amd64 (3.3.8-2ubuntu1) を展開しています...
以前に未選択のパッケージ libsamplerate0:amd64 を選択しています。
.../055-libsamplerate0_0.1.9-2_amd64.deb を展開する準備をしています ...
libsamplerate0:amd64 (0.1.9-2) を展開しています...
以前に未選択のパッケージ librubberband2:amd64 を選択しています。
.../056-librubberband2_1.8.2-1build1_amd64.deb を展開する準備をしています ...
librubberband2:amd64 (1.8.2-1build1) を展開しています...
以前に未選択のパッケージ libswscale5:amd64 を選択しています。
.../057-libswscale5_7%3a4.2.4-1ubuntu0.1_amd64.deb を展開する準備をしています ...
libswscale5:amd64 (7:4.2.4-1ubuntu0.1) を展開しています...
以前に未選択のパッケージ libvidstab1.1:amd64 を選択しています。
.../058-libvidstab1.1_1.1.0-2_amd64.deb を展開する準備をしています ...
libvidstab1.1:amd64 (1.1.0-2) を展開しています...
以前に未選択のパッケージ libnorm1:amd64 を選択しています。
.../059-libnorm1_1.5.8+dfsg2-2build1_amd64.deb を展開する準備をしています ...
libnorm1:amd64 (1.5.8+dfsg2-2build1) を展開しています...
以前に未選択のパッケージ libpgm-5.2-0:amd64 を選択しています。
.../060-libpgm-5.2-0_5.2.122~dfsg-3ubuntu1_amd64.deb を展開する準備をしています ...
libpgm-5.2-0:amd64 (5.2.122~dfsg-3ubuntu1) を展開しています...
以前に未選択のパッケージ libzmq5:amd64 を選択しています。
.../061-libzmq5_4.3.2-2ubuntu1_amd64.deb を展開する準備をしています ...
libzmq5:amd64 (4.3.2-2ubuntu1) を展開しています...
以前に未選択のパッケージ libavfilter7:amd64 を選択しています。
.../062-libavfilter7_7%3a4.2.4-1ubuntu0.1_amd64.deb を展開する準備をしています ...
libavfilter7:amd64 (7:4.2.4-1ubuntu0.1) を展開しています...
以前に未選択のパッケージ libcaca0:amd64 を選択しています。
.../063-libcaca0_0.99.beta19-2.1ubuntu1_amd64.deb を展開する準備をしています ...
libcaca0:amd64 (0.99.beta19-2.1ubuntu1) を展開しています...
以前に未選択のパッケージ libcdio18:amd64 を選択しています。
.../064-libcdio18_2.0.0-2_amd64.deb を展開する準備をしています ...
libcdio18:amd64 (2.0.0-2) を展開しています...
以前に未選択のパッケージ libcdio-cdda2:amd64 を選択しています。
.../065-libcdio-cdda2_10.2+2.0.0-1_amd64.deb を展開する準備をしています ...
libcdio-cdda2:amd64 (10.2+2.0.0-1) を展開しています...
以前に未選択のパッケージ libcdio-paranoia2:amd64 を選択しています。
.../066-libcdio-paranoia2_10.2+2.0.0-1_amd64.deb を展開する準備をしています ...
libcdio-paranoia2:amd64 (10.2+2.0.0-1) を展開しています...
以前に未選択のパッケージ libdc1394-22:amd64 を選択しています。
.../067-libdc1394-22_2.2.5-2.1_amd64.deb を展開する準備をしています ...
libdc1394-22:amd64 (2.2.5-2.1) を展開しています...
以前に未選択のパッケージ libglvnd0:amd64 を選択しています。
.../068-libglvnd0_1.3.1-1ubuntu0.20.04.1_amd64.deb を展開する準備をしています ...
libglvnd0:amd64 (1.3.1-1ubuntu0.20.04.1) を展開しています...
以前に未選択のパッケージ libglapi-mesa:amd64 を選択しています。
.../069-libglapi-mesa_20.0.8-0ubuntu1~20.04.1_amd64.deb を展開する準備をしています ...
libglapi-mesa:amd64 (20.0.8-0ubuntu1~20.04.1) を展開しています...
以前に未選択のパッケージ libx11-xcb1:amd64 を選択しています。
.../070-libx11-xcb1_2%3a1.6.9-2ubuntu1.1_amd64.deb を展開する準備をしています ...
libx11-xcb1:amd64 (2:1.6.9-2ubuntu1.1) を展開しています...
以前に未選択のパッケージ libxcb-dri2-0:amd64 を選択しています。
.../071-libxcb-dri2-0_1.14-2_amd64.deb を展開する準備をしています ...
libxcb-dri2-0:amd64 (1.14-2) を展開しています...
以前に未選択のパッケージ libxcb-dri3-0:amd64 を選択しています。
.../072-libxcb-dri3-0_1.14-2_amd64.deb を展開する準備をしています ...
libxcb-dri3-0:amd64 (1.14-2) を展開しています...
以前に未選択のパッケージ libxcb-glx0:amd64 を選択しています。
.../073-libxcb-glx0_1.14-2_amd64.deb を展開する準備をしています ...
libxcb-glx0:amd64 (1.14-2) を展開しています...
以前に未選択のパッケージ libxcb-present0:amd64 を選択しています。
.../074-libxcb-present0_1.14-2_amd64.deb を展開する準備をしています ...
libxcb-present0:amd64 (1.14-2) を展開しています...
以前に未選択のパッケージ libxcb-sync1:amd64 を選択しています。
.../075-libxcb-sync1_1.14-2_amd64.deb を展開する準備をしています ...
libxcb-sync1:amd64 (1.14-2) を展開しています...
以前に未選択のパッケージ libxshmfence1:amd64 を選択しています。
.../076-libxshmfence1_1.3-1_amd64.deb を展開する準備をしています ...
libxshmfence1:amd64 (1.3-1) を展開しています...
以前に未選択のパッケージ libxxf86vm1:amd64 を選択しています。
.../077-libxxf86vm1_1%3a1.1.4-1build1_amd64.deb を展開する準備をしています ...
libxxf86vm1:amd64 (1:1.1.4-1build1) を展開しています...
以前に未選択のパッケージ libdrm-amdgpu1:amd64 を選択しています。
.../078-libdrm-amdgpu1_2.4.101-2_amd64.deb を展開する準備をしています ...
libdrm-amdgpu1:amd64 (2.4.101-2) を展開しています...
以前に未選択のパッケージ libpciaccess0:amd64 を選択しています。
.../079-libpciaccess0_0.16-0ubuntu1_amd64.deb を展開する準備をしています ...
libpciaccess0:amd64 (0.16-0ubuntu1) を展開しています...
以前に未選択のパッケージ libdrm-intel1:amd64 を選択しています。
.../080-libdrm-intel1_2.4.101-2_amd64.deb を展開する準備をしています ...
libdrm-intel1:amd64 (2.4.101-2) を展開しています...
以前に未選択のパッケージ libdrm-nouveau2:amd64 を選択しています。
.../081-libdrm-nouveau2_2.4.101-2_amd64.deb を展開する準備をしています ...
libdrm-nouveau2:amd64 (2.4.101-2) を展開しています...
以前に未選択のパッケージ libdrm-radeon1:amd64 を選択しています。
.../082-libdrm-radeon1_2.4.101-2_amd64.deb を展開する準備をしています ...
libdrm-radeon1:amd64 (2.4.101-2) を展開しています...
以前に未選択のパッケージ libllvm10:amd64 を選択しています。
.../083-libllvm10_1%3a10.0.0-4ubuntu1_amd64.deb を展開する準備をしています ...
libllvm10:amd64 (1:10.0.0-4ubuntu1) を展開しています...
以前に未選択のパッケージ libsensors-config を選択しています。
.../084-libsensors-config_1%3a3.6.0-2ubuntu1_all.deb を展開する準備をしています ...
libsensors-config (1:3.6.0-2ubuntu1) を展開しています...
以前に未選択のパッケージ libsensors5:amd64 を選択しています。
.../085-libsensors5_1%3a3.6.0-2ubuntu1_amd64.deb を展開する準備をしています ...
libsensors5:amd64 (1:3.6.0-2ubuntu1) を展開しています...
以前に未選択のパッケージ libvulkan1:amd64 を選択しています。
.../086-libvulkan1_1.2.131.2-1_amd64.deb を展開する準備をしています ...
libvulkan1:amd64 (1.2.131.2-1) を展開しています...
以前に未選択のパッケージ libgl1-mesa-dri:amd64 を選択しています。
.../087-libgl1-mesa-dri_20.0.8-0ubuntu1~20.04.1_amd64.deb を展開する準備をしています ...
libgl1-mesa-dri:amd64 (20.0.8-0ubuntu1~20.04.1) を展開しています...
以前に未選択のパッケージ libglx-mesa0:amd64 を選択しています。
.../088-libglx-mesa0_20.0.8-0ubuntu1~20.04.1_amd64.deb を展開する準備をしています ...
libglx-mesa0:amd64 (20.0.8-0ubuntu1~20.04.1) を展開しています...
以前に未選択のパッケージ libglx0:amd64 を選択しています。
.../089-libglx0_1.3.1-1ubuntu0.20.04.1_amd64.deb を展開する準備をしています ...
libglx0:amd64 (1.3.1-1ubuntu0.20.04.1) を展開しています...
以前に未選択のパッケージ libgl1:amd64 を選択しています。
.../090-libgl1_1.3.1-1ubuntu0.20.04.1_amd64.deb を展開する準備をしています ...
libgl1:amd64 (1.3.1-1ubuntu0.20.04.1) を展開しています...
以前に未選択のパッケージ libiec61883-0:amd64 を選択しています。
.../091-libiec61883-0_1.2.0-3_amd64.deb を展開する準備をしています ...
libiec61883-0:amd64 (1.2.0-3) を展開しています...
以前に未選択のパッケージ libjack-jackd2-0:amd64 を選択しています。
.../092-libjack-jackd2-0_1.9.12~dfsg-2ubuntu2_amd64.deb を展開する準備をしています ...
libjack-jackd2-0:amd64 (1.9.12~dfsg-2ubuntu2) を展開しています...
以前に未選択のパッケージ libopenal-data を選択しています。
.../093-libopenal-data_1%3a1.19.1-1_all.deb を展開する準備をしています ...
libopenal-data (1:1.19.1-1) を展開しています...
以前に未選択のパッケージ libsndio7.0:amd64 を選択しています。
.../094-libsndio7.0_1.5.0-3_amd64.deb を展開する準備をしています ...
libsndio7.0:amd64 (1.5.0-3) を展開しています...
以前に未選択のパッケージ libopenal1:amd64 を選択しています。
.../095-libopenal1_1%3a1.19.1-1_amd64.deb を展開する準備をしています ...
libopenal1:amd64 (1:1.19.1-1) を展開しています...
以前に未選択のパッケージ libasyncns0:amd64 を選択しています。
.../096-libasyncns0_0.8-6_amd64.deb を展開する準備をしています ...
libasyncns0:amd64 (0.8-6) を展開しています...
以前に未選択のパッケージ libflac8:amd64 を選択しています。
.../097-libflac8_1.3.3-1build1_amd64.deb を展開する準備をしています ...
libflac8:amd64 (1.3.3-1build1) を展開しています...
以前に未選択のパッケージ libsndfile1:amd64 を選択しています。
.../098-libsndfile1_1.0.28-7_amd64.deb を展開する準備をしています ...
libsndfile1:amd64 (1.0.28-7) を展開しています...
以前に未選択のパッケージ libwrap0:amd64 を選択しています。
.../099-libwrap0_7.6.q-30_amd64.deb を展開する準備をしています ...
libwrap0:amd64 (7.6.q-30) を展開しています...
以前に未選択のパッケージ libpulse0:amd64 を選択しています。
.../100-libpulse0_1%3a13.99.1-1ubuntu3.7_amd64.deb を展開する準備をしています ...
libpulse0:amd64 (1:13.99.1-1ubuntu3.7) を展開しています...
以前に未選択のパッケージ libxss1:amd64 を選択しています。
.../101-libxss1_1%3a1.2.3-1_amd64.deb を展開する準備をしています ...
libxss1:amd64 (1:1.2.3-1) を展開しています...
以前に未選択のパッケージ libsdl2-2.0-0:amd64 を選択しています。
.../102-libsdl2-2.0-0_2.0.10+dfsg1-3_amd64.deb を展開する準備をしています ...
libsdl2-2.0-0:amd64 (2.0.10+dfsg1-3) を展開しています...
以前に未選択のパッケージ libxcb-shape0:amd64 を選択しています。
.../103-libxcb-shape0_1.14-2_amd64.deb を展開する準備をしています ...
libxcb-shape0:amd64 (1.14-2) を展開しています...
以前に未選択のパッケージ libxcb-xfixes0:amd64 を選択しています。
.../104-libxcb-xfixes0_1.14-2_amd64.deb を展開する準備をしています ...
libxcb-xfixes0:amd64 (1.14-2) を展開しています...
以前に未選択のパッケージ libxv1:amd64 を選択しています。
.../105-libxv1_2%3a1.0.11-1_amd64.deb を展開する準備をしています ...
libxv1:amd64 (2:1.0.11-1) を展開しています...
以前に未選択のパッケージ libavdevice58:amd64 を選択しています。
.../106-libavdevice58_7%3a4.2.4-1ubuntu0.1_amd64.deb を展開する準備をしています ...
libavdevice58:amd64 (7:4.2.4-1ubuntu0.1) を展開しています...
以前に未選択のパッケージ libavresample4:amd64 を選択しています。
.../107-libavresample4_7%3a4.2.4-1ubuntu0.1_amd64.deb を展開する準備をしています ...
libavresample4:amd64 (7:4.2.4-1ubuntu0.1) を展開しています...
以前に未選択のパッケージ ffmpeg を選択しています。
.../108-ffmpeg_7%3a4.2.4-1ubuntu0.1_amd64.deb を展開する準備をしています ...
ffmpeg (7:4.2.4-1ubuntu0.1) を展開しています...
以前に未選択のパッケージ libigdgmm11:amd64 を選択しています。
.../109-libigdgmm11_20.1.1+ds1-1_amd64.deb を展開する準備をしています ...
libigdgmm11:amd64 (20.1.1+ds1-1) を展開しています...
以前に未選択のパッケージ intel-media-va-driver:amd64 を選択しています。
.../110-intel-media-va-driver_20.1.1+dfsg1-1_amd64.deb を展開する準備をしています ...
intel-media-va-driver:amd64 (20.1.1+dfsg1-1) を展開しています...
以前に未選択のパッケージ libaacs0:amd64 を選択しています。
.../111-libaacs0_0.9.0-2_amd64.deb を展開する準備をしています ...
libaacs0:amd64 (0.9.0-2) を展開しています...
以前に未選択のパッケージ libbdplus0:amd64 を選択しています。
.../112-libbdplus0_0.1.2-3_amd64.deb を展開する準備をしています ...
libbdplus0:amd64 (0.1.2-3) を展開しています...
以前に未選択のパッケージ libxcb-randr0:amd64 を選択しています。
.../113-libxcb-randr0_1.14-2_amd64.deb を展開する準備をしています ...
libxcb-randr0:amd64 (1.14-2) を展開しています...
以前に未選択のパッケージ mesa-va-drivers:amd64 を選択しています。
.../114-mesa-va-drivers_20.0.8-0ubuntu1~20.04.1_amd64.deb を展開する準備をしています ...
mesa-va-drivers:amd64 (20.0.8-0ubuntu1~20.04.1) を展開しています...
以前に未選択のパッケージ mesa-vdpau-drivers:amd64 を選択しています。
.../115-mesa-vdpau-drivers_20.0.8-0ubuntu1~20.04.1_amd64.deb を展開する準備をしています ...
mesa-vdpau-drivers:amd64 (20.0.8-0ubuntu1~20.04.1) を展開しています...
以前に未選択のパッケージ mesa-vulkan-drivers:amd64 を選択しています。
.../116-mesa-vulkan-drivers_20.0.8-0ubuntu1~20.04.1_amd64.deb を展開する準備をしています ...
mesa-vulkan-drivers:amd64 (20.0.8-0ubuntu1~20.04.1) を展開しています...
以前に未選択のパッケージ i965-va-driver:amd64 を選択しています。
.../117-i965-va-driver_2.4.0-0ubuntu1_amd64.deb を展開する準備をしています ...
i965-va-driver:amd64 (2.4.0-0ubuntu1) を展開しています...
以前に未選択のパッケージ va-driver-all:amd64 を選択しています。
.../118-va-driver-all_2.7.0-2_amd64.deb を展開する準備をしています ...
va-driver-all:amd64 (2.7.0-2) を展開しています...
以前に未選択のパッケージ vdpau-driver-all:amd64 を選択しています。
.../119-vdpau-driver-all_1.3-1ubuntu2_amd64.deb を展開する準備をしています ...
vdpau-driver-all:amd64 (1.3-1ubuntu2) を展開しています...
libgme0:amd64 (0.6.2-1build1) を設定しています ...
libssh-gcrypt-4:amd64 (0.9.3-2ubuntu2.1) を設定しています ...
libxcb-dri3-0:amd64 (1.14-2) を設定しています ...
libx11-xcb1:amd64 (2:1.6.9-2ubuntu1.1) を設定しています ...
libpciaccess0:amd64 (0.16-0ubuntu1) を設定しています ...
libraw1394-11:amd64 (2.1.2-1) を設定しています ...
libsodium23:amd64 (1.0.18-1) を設定しています ...
libmpg123-0:amd64 (1.25.13-1) を設定しています ...
libxcb-xfixes0:amd64 (1.14-2) を設定しています ...
libspeex1:amd64 (1.2~rc1.2-1.1ubuntu1) を設定しています ...
libshine3:amd64 (3.1.1-2) を設定しています ...
libtwolame0:amd64 (0.4.0-2) を設定しています ...
libgsm1:amd64 (1.0.18-2) を設定しています ...
libx264-155:amd64 (2:0.155.2917+git0a84d98-2) を設定しています ...
libsoxr0:amd64 (0.1.3-2build1) を設定しています ...
libglvnd0:amd64 (1.3.1-1ubuntu0.20.04.1) を設定しています ...
libxcb-glx0:amd64 (1.14-2) を設定しています ...
libaom0:amd64 (1.0.0.errata1-3build1) を設定しています ...
libnorm1:amd64 (1.5.8+dfsg2-2build1) を設定しています ...
libmysofa1:amd64 (1.0~dfsg0-1) を設定しています ...
libxcb-shape0:amd64 (1.14-2) を設定しています ...
libsensors-config (1:3.6.0-2ubuntu1) を設定しています ...
libcdio18:amd64 (2.0.0-2) を設定しています ...
libxvidcore4:amd64 (2:1.3.7-1) を設定しています ...
libxxf86vm1:amd64 (1:1.1.4-1build1) を設定しています ...
libsnappy1v5:amd64 (1.1.8-1build1) を設定しています ...
libflac8:amd64 (1.3.3-1build1) を設定しています ...
libllvm10:amd64 (1:10.0.0-4ubuntu1) を設定しています ...
libxcb-present0:amd64 (1.14-2) を設定しています ...
libass9:amd64 (1:0.14.0-2) を設定しています ...
libslang2:amd64 (2.3.2-4) を設定しています ...
libva2:amd64 (2.7.0-2) を設定しています ...
libwrap0:amd64 (7.6.q-30) を設定しています ...
libigdgmm11:amd64 (20.1.1+ds1-1) を設定しています ...
libxcb-sync1:amd64 (1.14-2) を設定しています ...
libcodec2-0.9:amd64 (0.9.2-2) を設定しています ...
libopus0:amd64 (1.3.1-0ubuntu1) を設定しています ...
intel-media-va-driver:amd64 (20.1.1+dfsg1-1) を設定しています ...
libxv1:amd64 (2:1.0.11-1) を設定しています ...
libsensors5:amd64 (1:3.6.0-2ubuntu1) を設定しています ...
libaacs0:amd64 (0.9.0-2) を設定しています ...
libfftw3-double3:amd64 (3.3.8-2ubuntu1) を設定しています ...
libglapi-mesa:amd64 (20.0.8-0ubuntu1~20.04.1) を設定しています ...
libvulkan1:amd64 (1.2.131.2-1) を設定しています ...
libsndio7.0:amd64 (1.5.0-3) を設定しています ...
libxcb-dri2-0:amd64 (1.14-2) を設定しています ...
libbdplus0:amd64 (0.1.2-3) を設定しています ...
libnuma1:amd64 (2.0.12-1) を設定しています ...
libvidstab1.1:amd64 (1.1.0-2) を設定しています ...
libflite1:amd64 (2.1-release-3) を設定しています ...
ocl-icd-libopencl1:amd64 (2.2.11-1ubuntu1) を設定しています ...
libasyncns0:amd64 (0.8-6) を設定しています ...
libxshmfence1:amd64 (1.3-1) を設定しています ...
libvpx6:amd64 (1.8.2-1build1) を設定しています ...
libvdpau1:amd64 (1.3-1ubuntu2) を設定しています ...
libwavpack1:amd64 (5.2.0-1) を設定しています ...
libbs2b0:amd64 (3.1.0+dfsg-2.2build1) を設定しています ...
libxcb-randr0:amd64 (1.14-2) を設定しています ...
libtheora0:amd64 (1.1.1+dfsg.1-15ubuntu2) を設定しています ...
libopenjp2-7:amd64 (2.3.1-1ubuntu4) を設定しています ...
libopenal-data (1:1.19.1-1) を設定しています ...
libxss1:amd64 (1:1.2.3-1) を設定しています ...
libusb-1.0-0:amd64 (2:1.0.23-2build1) を設定しています ...
libbluray2:amd64 (1:1.2.0-1) を設定しています ...
libsamplerate0:amd64 (0.1.9-2) を設定しています ...
libwebpmux3:amd64 (0.6.1-2) を設定しています ...
libdrm-common (2.4.101-2) を設定しています ...
libelf1:amd64 (0.176-1.1build1) を設定しています ...
libopenmpt0:amd64 (0.4.11-1build1) を設定しています ...
libzvbi-common (0.2.35-17) を設定しています ...
libmp3lame0:amd64 (3.100-3) を設定しています ...
libvorbisenc2:amd64 (1.3.6-2ubuntu1) を設定しています ...
libpgm-5.2-0:amd64 (5.2.122~dfsg-3ubuntu1) を設定しています ...
libiec61883-0:amd64 (1.2.0-3) を設定しています ...
libserd-0-0:amd64 (0.30.2-1) を設定しています ...
libavc1394-0:amd64 (0.5.4-5) を設定しています ...
libzvbi0:amd64 (0.2.35-17) を設定しています ...
libzmq5:amd64 (4.3.2-2ubuntu1) を設定しています ...
libcaca0:amd64 (0.99.beta19-2.1ubuntu1) を設定しています ...
libx265-179:amd64 (3.2.1-1build1) を設定しています ...
libcdio-cdda2:amd64 (10.2+2.0.0-1) を設定しています ...
libcdio-paranoia2:amd64 (10.2+2.0.0-1) を設定しています ...
libdc1394-22:amd64 (2.2.5-2.1) を設定しています ...
libopenal1:amd64 (1:1.19.1-1) を設定しています ...
librubberband2:amd64 (1.8.2-1build1) を設定しています ...
libjack-jackd2-0:amd64 (1.9.12~dfsg-2ubuntu2) を設定しています ...
libdrm2:amd64 (2.4.101-2) を設定しています ...
libva-drm2:amd64 (2.7.0-2) を設定しています ...
libsord-0-0:amd64 (0.16.4-1) を設定しています ...
libsratom-0-0:amd64 (0.6.4-1) を設定しています ...
libsndfile1:amd64 (1.0.28-7) を設定しています ...
libva-x11-2:amd64 (2.7.0-2) を設定しています ...
liblilv-0-0:amd64 (0.24.6-1ubuntu0.1) を設定しています ...
libdrm-amdgpu1:amd64 (2.4.101-2) を設定しています ...
mesa-vulkan-drivers:amd64 (20.0.8-0ubuntu1~20.04.1) を設定しています ...
libdrm-nouveau2:amd64 (2.4.101-2) を設定しています ...
libpulse0:amd64 (1:13.99.1-1ubuntu3.7) を設定しています ...
libdrm-radeon1:amd64 (2.4.101-2) を設定しています ...
libdrm-intel1:amd64 (2.4.101-2) を設定しています ...
libgl1-mesa-dri:amd64 (20.0.8-0ubuntu1~20.04.1) を設定しています ...
libavutil56:amd64 (7:4.2.4-1ubuntu0.1) を設定しています ...
libpostproc55:amd64 (7:4.2.4-1ubuntu0.1) を設定しています ...
libswscale5:amd64 (7:4.2.4-1ubuntu0.1) を設定しています ...
mesa-va-drivers:amd64 (20.0.8-0ubuntu1~20.04.1) を設定しています ...
libsdl2-2.0-0:amd64 (2.0.10+dfsg1-3) を設定しています ...
i965-va-driver:amd64 (2.4.0-0ubuntu1) を設定しています ...
mesa-vdpau-drivers:amd64 (20.0.8-0ubuntu1~20.04.1) を設定しています ...
libglx-mesa0:amd64 (20.0.8-0ubuntu1~20.04.1) を設定しています ...
libglx0:amd64 (1.3.1-1ubuntu0.20.04.1) を設定しています ...
libswresample3:amd64 (7:4.2.4-1ubuntu0.1) を設定しています ...
libavresample4:amd64 (7:4.2.4-1ubuntu0.1) を設定しています ...
libgl1:amd64 (1.3.1-1ubuntu0.20.04.1) を設定しています ...
va-driver-all:amd64 (2.7.0-2) を設定しています ...
vdpau-driver-all:amd64 (1.3-1ubuntu2) を設定しています ...
libavcodec58:amd64 (7:4.2.4-1ubuntu0.1) を設定しています ...
libchromaprint1:amd64 (1.4.3-3build1) を設定しています ...
libavformat58:amd64 (7:4.2.4-1ubuntu0.1) を設定しています ...
libavfilter7:amd64 (7:4.2.4-1ubuntu0.1) を設定しています ...
libavdevice58:amd64 (7:4.2.4-1ubuntu0.1) を設定しています ...
ffmpeg (7:4.2.4-1ubuntu0.1) を設定しています ...
man-db (2.9.1-1) のトリガを処理しています ...
libc-bin (2.31-0ubuntu9.1) のトリガを処理しています ...
パッケージリストを読み込んでいます...
依存関係ツリーを作成しています...
状態情報を読み取っています...
以下のパッケージが新たにインストールされます:
  nkf
アップグレード: 0 個、新規インストール: 1 個、 削除: 0 個、保留: 0 個。
133 kB のアーカイブを取得する必要があります。
この操作後に追加で 362 kB のディスク容量が消費されます。
取得:1 http://ftp.jaist.ac.jp/pub/Linux/ubuntu focal/universe amd64 nkf amd64 1:2.1.5-1build1 [133 kB]
debconf: フロントエンドの初期化に失敗しました: Dialog
debconf: (利用可能な dialog 系のプログラムがインストールされていないため、ダイアログ形式のフロントエンドは使用できません。 at /usr/share/perl5/Debconf/FrontEnd/Dialog.pm line 76, <> line 1.)
debconf: フロントエンドをフォールバックします: Readline
133 kB を 0秒 で取得しました (1,017 kB/s)
以前に未選択のパッケージ nkf を選択しています。
(データベースを読み込んでいます ... (データベースを読み込んでいます ... 5%(データベースを読み込んでいます ... 10%(データベースを読み込んでいます ... 15%(データベースを読み込んでいます ... 20%(データベースを読み込んでいます ... 25%(データベースを読み込んでいます ... 30%(データベースを読み込んでいます ... 35%(データベースを読み込んでいます ... 40%(データベースを読み込んでいます ... 45%(データベースを読み込んでいます ... 50%(データベースを読み込んでいます ... 55%(データベースを読み込んでいます ... 60%(データベースを読み込んでいます ... 65%(データベースを読み込んでいます ... 70%(データベースを読み込んでいます ... 75%(データベースを読み込んでいます ... 80%(データベースを読み込んでいます ... 85%(データベースを読み込んでいます ... 90%(データベースを読み込んでいます ... 95%(データベースを読み込んでいます ... 100%(データベースを読み込んでいます ... 現在 59533 個のファイルとディレクトリがインストールされています。)
.../nkf_1%3a2.1.5-1build1_amd64.deb を展開する準備をしています ...
nkf (1:2.1.5-1build1) を展開しています...
nkf (1:2.1.5-1build1) を設定しています ...
man-db (2.9.1-1) のトリガを処理しています ...
パッケージリストを読み込んでいます...
依存関係ツリーを作成しています...
状態情報を読み取っています...
以下の追加パッケージがインストールされます:
  libblas3 liblinear4 liblua5.3-0 libpcap0.8 lua-lpeg nmap-common
提案パッケージ:
  liblinear-tools liblinear-dev ncat ndiff zenmap
以下のパッケージが新たにインストールされます:
  libblas3 liblinear4 liblua5.3-0 libpcap0.8 lua-lpeg nmap nmap-common
アップグレード: 0 個、新規インストール: 7 個、 削除: 0 個、保留: 0 個。
5,797 kB のアーカイブを取得する必要があります。
この操作後に追加で 27.2 MB のディスク容量が消費されます。
取得:1 http://ftp.jaist.ac.jp/pub/Linux/ubuntu focal/main amd64 libpcap0.8 amd64 1.9.1-3 [128 kB]
取得:2 http://ftp.jaist.ac.jp/pub/Linux/ubuntu focal/main amd64 libblas3 amd64 3.9.0-1build1 [142 kB]
取得:3 http://ftp.jaist.ac.jp/pub/Linux/ubuntu focal/universe amd64 liblinear4 amd64 2.3.0+dfsg-3build1 [41.7 kB]
取得:4 http://ftp.jaist.ac.jp/pub/Linux/ubuntu focal/main amd64 liblua5.3-0 amd64 5.3.3-1.1ubuntu2 [116 kB]
取得:5 http://ftp.jaist.ac.jp/pub/Linux/ubuntu focal/universe amd64 lua-lpeg amd64 1.0.2-1 [31.4 kB]
取得:6 http://ftp.jaist.ac.jp/pub/Linux/ubuntu focal/universe amd64 nmap-common all 7.80+dfsg1-2build1 [3,676 kB]
取得:7 http://ftp.jaist.ac.jp/pub/Linux/ubuntu focal/universe amd64 nmap amd64 7.80+dfsg1-2build1 [1,662 kB]
debconf: フロントエンドの初期化に失敗しました: Dialog
debconf: (利用可能な dialog 系のプログラムがインストールされていないため、ダイアログ形式のフロントエンドは使用できません。 at /usr/share/perl5/Debconf/FrontEnd/Dialog.pm line 76, <> line 7.)
debconf: フロントエンドをフォールバックします: Readline
5,797 kB を 8秒 で取得しました (750 kB/s)
以前に未選択のパッケージ libpcap0.8:amd64 を選択しています。
(データベースを読み込んでいます ... (データベースを読み込んでいます ... 5%(データベースを読み込んでいます ... 10%(データベースを読み込んでいます ... 15%(データベースを読み込んでいます ... 20%(データベースを読み込んでいます ... 25%(データベースを読み込んでいます ... 30%(データベースを読み込んでいます ... 35%(データベースを読み込んでいます ... 40%(データベースを読み込んでいます ... 45%(データベースを読み込んでいます ... 50%(データベースを読み込んでいます ... 55%(データベースを読み込んでいます ... 60%(データベースを読み込んでいます ... 65%(データベースを読み込んでいます ... 70%(データベースを読み込んでいます ... 75%(データベースを読み込んでいます ... 80%(データベースを読み込んでいます ... 85%(データベースを読み込んでいます ... 90%(データベースを読み込んでいます ... 95%(データベースを読み込んでいます ... 100%(データベースを読み込んでいます ... 現在 59541 個のファイルとディレクトリがインストールされています。)
.../0-libpcap0.8_1.9.1-3_amd64.deb を展開する準備をしています ...
libpcap0.8:amd64 (1.9.1-3) を展開しています...
以前に未選択のパッケージ libblas3:amd64 を選択しています。
.../1-libblas3_3.9.0-1build1_amd64.deb を展開する準備をしています ...
libblas3:amd64 (3.9.0-1build1) を展開しています...
以前に未選択のパッケージ liblinear4:amd64 を選択しています。
.../2-liblinear4_2.3.0+dfsg-3build1_amd64.deb を展開する準備をしています ...
liblinear4:amd64 (2.3.0+dfsg-3build1) を展開しています...
以前に未選択のパッケージ liblua5.3-0:amd64 を選択しています。
.../3-liblua5.3-0_5.3.3-1.1ubuntu2_amd64.deb を展開する準備をしています ...
liblua5.3-0:amd64 (5.3.3-1.1ubuntu2) を展開しています...
以前に未選択のパッケージ lua-lpeg:amd64 を選択しています。
.../4-lua-lpeg_1.0.2-1_amd64.deb を展開する準備をしています ...
lua-lpeg:amd64 (1.0.2-1) を展開しています...
以前に未選択のパッケージ nmap-common を選択しています。
.../5-nmap-common_7.80+dfsg1-2build1_all.deb を展開する準備をしています ...
nmap-common (7.80+dfsg1-2build1) を展開しています...
以前に未選択のパッケージ nmap を選択しています。
.../6-nmap_7.80+dfsg1-2build1_amd64.deb を展開する準備をしています ...
nmap (7.80+dfsg1-2build1) を展開しています...
lua-lpeg:amd64 (1.0.2-1) を設定しています ...
libblas3:amd64 (3.9.0-1build1) を設定しています ...
update-alternatives: /usr/lib/x86_64-linux-gnu/libblas.so.3 (libblas.so.3-x86_64-linux-gnu) を提供するために自動モードで /usr/lib/x86_64-linux-gnu/blas/libblas.so.3 を使います
libpcap0.8:amd64 (1.9.1-3) を設定しています ...
nmap-common (7.80+dfsg1-2build1) を設定しています ...
liblua5.3-0:amd64 (5.3.3-1.1ubuntu2) を設定しています ...
liblinear4:amd64 (2.3.0+dfsg-3build1) を設定しています ...
nmap (7.80+dfsg1-2build1) を設定しています ...
man-db (2.9.1-1) のトリガを処理しています ...
libc-bin (2.31-0ubuntu9.1) のトリガを処理しています ...
パッケージリストを読み込んでいます...
依存関係ツリーを作成しています...
状態情報を読み取っています...
以下のパッケージが新たにインストールされます:
  shellcheck
アップグレード: 0 個、新規インストール: 1 個、 削除: 0 個、保留: 0 個。
2,303 kB のアーカイブを取得する必要があります。
この操作後に追加で 17.6 MB のディスク容量が消費されます。
取得:1 http://ftp.jaist.ac.jp/pub/Linux/ubuntu focal/universe amd64 shellcheck amd64 0.7.0-2build2 [2,303 kB]
debconf: フロントエンドの初期化に失敗しました: Dialog
debconf: (利用可能な dialog 系のプログラムがインストールされていないため、ダイアログ形式のフロントエンドは使用できません。 at /usr/share/perl5/Debconf/FrontEnd/Dialog.pm line 76, <> line 1.)
debconf: フロントエンドをフォールバックします: Readline
2,303 kB を 1秒 で取得しました (1,845 kB/s)
以前に未選択のパッケージ shellcheck を選択しています。
(データベースを読み込んでいます ... (データベースを読み込んでいます ... 5%(データベースを読み込んでいます ... 10%(データベースを読み込んでいます ... 15%(データベースを読み込んでいます ... 20%(データベースを読み込んでいます ... 25%(データベースを読み込んでいます ... 30%(データベースを読み込んでいます ... 35%(データベースを読み込んでいます ... 40%(データベースを読み込んでいます ... 45%(データベースを読み込んでいます ... 50%(データベースを読み込んでいます ... 55%(データベースを読み込んでいます ... 60%(データベースを読み込んでいます ... 65%(データベースを読み込んでいます ... 70%(データベースを読み込んでいます ... 75%(データベースを読み込んでいます ... 80%(データベースを読み込んでいます ... 85%(データベースを読み込んでいます ... 90%(データベースを読み込んでいます ... 95%(データベースを読み込んでいます ... 100%(データベースを読み込んでいます ... 現在 60438 個のファイルとディレクトリがインストールされています。)
.../shellcheck_0.7.0-2build2_amd64.deb を展開する準備をしています ...
shellcheck (0.7.0-2build2) を展開しています...
shellcheck (0.7.0-2build2) を設定しています ...
man-db (2.9.1-1) のトリガを処理しています ...
パッケージリストを読み込んでいます...
依存関係ツリーを作成しています...
状態情報を読み取っています...
以下のパッケージが新たにインストールされます:
  tree
アップグレード: 0 個、新規インストール: 1 個、 削除: 0 個、保留: 0 個。
43.0 kB のアーカイブを取得する必要があります。
この操作後に追加で 115 kB のディスク容量が消費されます。
取得:1 http://ftp.jaist.ac.jp/pub/Linux/ubuntu focal/universe amd64 tree amd64 1.8.0-1 [43.0 kB]
debconf: フロントエンドの初期化に失敗しました: Dialog
debconf: (利用可能な dialog 系のプログラムがインストールされていないため、ダイアログ形式のフロントエンドは使用できません。 at /usr/share/perl5/Debconf/FrontEnd/Dialog.pm line 76, <> line 1.)
debconf: フロントエンドをフォールバックします: Readline
43.0 kB を 0秒 で取得しました (231 kB/s)
以前に未選択のパッケージ tree を選択しています。
(データベースを読み込んでいます ... (データベースを読み込んでいます ... 5%(データベースを読み込んでいます ... 10%(データベースを読み込んでいます ... 15%(データベースを読み込んでいます ... 20%(データベースを読み込んでいます ... 25%(データベースを読み込んでいます ... 30%(データベースを読み込んでいます ... 35%(データベースを読み込んでいます ... 40%(データベースを読み込んでいます ... 45%(データベースを読み込んでいます ... 50%(データベースを読み込んでいます ... 55%(データベースを読み込んでいます ... 60%(データベースを読み込んでいます ... 65%(データベースを読み込んでいます ... 70%(データベースを読み込んでいます ... 75%(データベースを読み込んでいます ... 80%(データベースを読み込んでいます ... 85%(データベースを読み込んでいます ... 90%(データベースを読み込んでいます ... 95%(データベースを読み込んでいます ... 100%(データベースを読み込んでいます ... 現在 60443 個のファイルとディレクトリがインストールされています。)
.../tree_1.8.0-1_amd64.deb を展開する準備をしています ...
tree (1.8.0-1) を展開しています...
tree (1.8.0-1) を設定しています ...
man-db (2.9.1-1) のトリガを処理しています ...
パッケージリストを読み込んでいます...
依存関係ツリーを作成しています...
状態情報を読み取っています...
以下の追加パッケージがインストールされます:
  fonts-droid-fallback fonts-noto-mono fonts-urw-base35 ghostscript gsfonts
  imagemagick-6-common imagemagick-6.q16 libdjvulibre-text libdjvulibre21
  libgs9 libgs9-common libijs-0.35 libilmbase24 libjbig2dec0 liblqr-1-0
  libmagickcore-6.q16-6 libmagickcore-6.q16-6-extra libmagickwand-6.q16-6
  libnetpbm10 libopenexr24 libpaper-utils libpaper1 libwmf0.2-7 netpbm
  poppler-data
提案パッケージ:
  fonts-noto fonts-freefont-otf | fonts-freefont-ttf fonts-texgyre
  ghostscript-x imagemagick-doc autotrace cups-bsd | lpr | lprng enscript gimp
  gnuplot grads graphviz hp2xx html2ps libwmf-bin mplayer povray radiance
  sane-utils texlive-base-bin transfig ufraw-batch xdg-utils inkscape
  libjxr-tools libwmf0.2-7-gtk poppler-utils fonts-japanese-mincho
  | fonts-ipafont-mincho fonts-japanese-gothic | fonts-ipafont-gothic
  fonts-arphic-ukai fonts-arphic-uming fonts-nanum
以下のパッケージが新たにインストールされます:
  fonts-droid-fallback fonts-noto-mono fonts-urw-base35 ghostscript gsfonts
  imagemagick imagemagick-6-common imagemagick-6.q16 libdjvulibre-text
  libdjvulibre21 libgs9 libgs9-common libijs-0.35 libilmbase24 libjbig2dec0
  liblqr-1-0 libmagickcore-6.q16-6 libmagickcore-6.q16-6-extra
  libmagickwand-6.q16-6 libnetpbm10 libopenexr24 libpaper-utils libpaper1
  libwmf0.2-7 netpbm poppler-data
アップグレード: 0 個、新規インストール: 26 個、 削除: 0 個、保留: 0 個。
20.9 MB のアーカイブを取得する必要があります。
この操作後に追加で 77.5 MB のディスク容量が消費されます。
取得:1 http://ftp.jaist.ac.jp/pub/Linux/ubuntu focal/main amd64 fonts-droid-fallback all 1:6.0.1r16-1.1 [1,805 kB]
取得:2 http://ftp.jaist.ac.jp/pub/Linux/ubuntu focal/universe amd64 liblqr-1-0 amd64 0.4.2-2.1 [27.7 kB]
取得:3 http://ftp.jaist.ac.jp/pub/Linux/ubuntu focal-updates/universe amd64 imagemagick-6-common all 8:6.9.10.23+dfsg-2.1ubuntu11.1 [60.9 kB]
取得:4 http://ftp.jaist.ac.jp/pub/Linux/ubuntu focal-updates/universe amd64 libmagickcore-6.q16-6 amd64 8:6.9.10.23+dfsg-2.1ubuntu11.1 [1,644 kB]
取得:5 http://ftp.jaist.ac.jp/pub/Linux/ubuntu focal-updates/universe amd64 libmagickwand-6.q16-6 amd64 8:6.9.10.23+dfsg-2.1ubuntu11.1 [302 kB]
取得:6 http://ftp.jaist.ac.jp/pub/Linux/ubuntu focal/main amd64 poppler-data all 0.4.9-2 [1,475 kB]
取得:7 http://ftp.jaist.ac.jp/pub/Linux/ubuntu focal-updates/main amd64 fonts-noto-mono all 20200323-1build1~ubuntu20.04.1 [80.6 kB]
取得:8 http://ftp.jaist.ac.jp/pub/Linux/ubuntu focal/main amd64 fonts-urw-base35 all 20170801.1-3 [6,333 kB]
取得:9 http://ftp.jaist.ac.jp/pub/Linux/ubuntu focal-updates/main amd64 libgs9-common all 9.50~dfsg-5ubuntu4.2 [681 kB]
取得:10 http://ftp.jaist.ac.jp/pub/Linux/ubuntu focal/main amd64 libijs-0.35 amd64 0.35-15 [15.7 kB]
取得:11 http://ftp.jaist.ac.jp/pub/Linux/ubuntu focal/main amd64 libjbig2dec0 amd64 0.18-1ubuntu1 [60.0 kB]
取得:12 http://ftp.jaist.ac.jp/pub/Linux/ubuntu focal/main amd64 libpaper1 amd64 1.1.28 [13.0 kB]
取得:13 http://ftp.jaist.ac.jp/pub/Linux/ubuntu focal-updates/main amd64 libgs9 amd64 9.50~dfsg-5ubuntu4.2 [2,172 kB]
取得:14 http://ftp.jaist.ac.jp/pub/Linux/ubuntu focal-updates/main amd64 ghostscript amd64 9.50~dfsg-5ubuntu4.2 [51.6 kB]
取得:15 http://ftp.jaist.ac.jp/pub/Linux/ubuntu focal/universe amd64 gsfonts all 1:8.11+urwcyr1.0.7~pre44-4.4 [3,120 kB]
取得:16 http://ftp.jaist.ac.jp/pub/Linux/ubuntu focal-updates/universe amd64 imagemagick-6.q16 amd64 8:6.9.10.23+dfsg-2.1ubuntu11.1 [427 kB]
取得:17 http://ftp.jaist.ac.jp/pub/Linux/ubuntu focal-updates/universe amd64 imagemagick amd64 8:6.9.10.23+dfsg-2.1ubuntu11.1 [14.4 kB]
取得:18 http://ftp.jaist.ac.jp/pub/Linux/ubuntu focal/main amd64 libdjvulibre-text all 3.5.27.1-14build1 [48.9 kB]
取得:19 http://ftp.jaist.ac.jp/pub/Linux/ubuntu focal/main amd64 libdjvulibre21 amd64 3.5.27.1-14build1 [577 kB]
取得:20 http://ftp.jaist.ac.jp/pub/Linux/ubuntu focal/universe amd64 libilmbase24 amd64 2.3.0-6build1 [75.1 kB]
取得:21 http://ftp.jaist.ac.jp/pub/Linux/ubuntu focal-updates/universe amd64 libopenexr24 amd64 2.3.0-6ubuntu0.2 [584 kB]
取得:22 http://ftp.jaist.ac.jp/pub/Linux/ubuntu focal/main amd64 libwmf0.2-7 amd64 0.2.8.4-17ubuntu1 [149 kB]
取得:23 http://ftp.jaist.ac.jp/pub/Linux/ubuntu focal-updates/universe amd64 libmagickcore-6.q16-6-extra amd64 8:6.9.10.23+dfsg-2.1ubuntu11.1 [64.6 kB]
取得:24 http://ftp.jaist.ac.jp/pub/Linux/ubuntu focal/universe amd64 libnetpbm10 amd64 2:10.0-15.3build1 [58.0 kB]
取得:25 http://ftp.jaist.ac.jp/pub/Linux/ubuntu focal/main amd64 libpaper-utils amd64 1.1.28 [8,400 B]
取得:26 http://ftp.jaist.ac.jp/pub/Linux/ubuntu focal/universe amd64 netpbm amd64 2:10.0-15.3build1 [1,017 kB]
debconf: フロントエンドの初期化に失敗しました: Dialog
debconf: (利用可能な dialog 系のプログラムがインストールされていないため、ダイアログ形式のフロントエンドは使用できません。 at /usr/share/perl5/Debconf/FrontEnd/Dialog.pm line 76, <> line 26.)
debconf: フロントエンドをフォールバックします: Readline
パッケージを事前設定しています ...
20.9 MB を 24秒 で取得しました (882 kB/s)
以前に未選択のパッケージ fonts-droid-fallback を選択しています。
(データベースを読み込んでいます ... (データベースを読み込んでいます ... 5%(データベースを読み込んでいます ... 10%(データベースを読み込んでいます ... 15%(データベースを読み込んでいます ... 20%(データベースを読み込んでいます ... 25%(データベースを読み込んでいます ... 30%(データベースを読み込んでいます ... 35%(データベースを読み込んでいます ... 40%(データベースを読み込んでいます ... 45%(データベースを読み込んでいます ... 50%(データベースを読み込んでいます ... 55%(データベースを読み込んでいます ... 60%(データベースを読み込んでいます ... 65%(データベースを読み込んでいます ... 70%(データベースを読み込んでいます ... 75%(データベースを読み込んでいます ... 80%(データベースを読み込んでいます ... 85%(データベースを読み込んでいます ... 90%(データベースを読み込んでいます ... 95%(データベースを読み込んでいます ... 100%(データベースを読み込んでいます ... 現在 60450 個のファイルとディレクトリがインストールされています。)
.../00-fonts-droid-fallback_1%3a6.0.1r16-1.1_all.deb を展開する準備をしています ...
fonts-droid-fallback (1:6.0.1r16-1.1) を展開しています...
以前に未選択のパッケージ liblqr-1-0:amd64 を選択しています。
.../01-liblqr-1-0_0.4.2-2.1_amd64.deb を展開する準備をしています ...
liblqr-1-0:amd64 (0.4.2-2.1) を展開しています...
以前に未選択のパッケージ imagemagick-6-common を選択しています。
.../02-imagemagick-6-common_8%3a6.9.10.23+dfsg-2.1ubuntu11.1_all.deb を展開する準備をしています ...
imagemagick-6-common (8:6.9.10.23+dfsg-2.1ubuntu11.1) を展開しています...
以前に未選択のパッケージ libmagickcore-6.q16-6:amd64 を選択しています。
.../03-libmagickcore-6.q16-6_8%3a6.9.10.23+dfsg-2.1ubuntu11.1_amd64.deb を展開する準備をしています ...
libmagickcore-6.q16-6:amd64 (8:6.9.10.23+dfsg-2.1ubuntu11.1) を展開しています...
以前に未選択のパッケージ libmagickwand-6.q16-6:amd64 を選択しています。
.../04-libmagickwand-6.q16-6_8%3a6.9.10.23+dfsg-2.1ubuntu11.1_amd64.deb を展開する準備をしています ...
libmagickwand-6.q16-6:amd64 (8:6.9.10.23+dfsg-2.1ubuntu11.1) を展開しています...
以前に未選択のパッケージ poppler-data を選択しています。
.../05-poppler-data_0.4.9-2_all.deb を展開する準備をしています ...
poppler-data (0.4.9-2) を展開しています...
以前に未選択のパッケージ fonts-noto-mono を選択しています。
.../06-fonts-noto-mono_20200323-1build1~ubuntu20.04.1_all.deb を展開する準備をしています ...
fonts-noto-mono (20200323-1build1~ubuntu20.04.1) を展開しています...
以前に未選択のパッケージ fonts-urw-base35 を選択しています。
.../07-fonts-urw-base35_20170801.1-3_all.deb を展開する準備をしています ...
fonts-urw-base35 (20170801.1-3) を展開しています...
以前に未選択のパッケージ libgs9-common を選択しています。
.../08-libgs9-common_9.50~dfsg-5ubuntu4.2_all.deb を展開する準備をしています ...
libgs9-common (9.50~dfsg-5ubuntu4.2) を展開しています...
以前に未選択のパッケージ libijs-0.35:amd64 を選択しています。
.../09-libijs-0.35_0.35-15_amd64.deb を展開する準備をしています ...
libijs-0.35:amd64 (0.35-15) を展開しています...
以前に未選択のパッケージ libjbig2dec0:amd64 を選択しています。
.../10-libjbig2dec0_0.18-1ubuntu1_amd64.deb を展開する準備をしています ...
libjbig2dec0:amd64 (0.18-1ubuntu1) を展開しています...
以前に未選択のパッケージ libpaper1:amd64 を選択しています。
.../11-libpaper1_1.1.28_amd64.deb を展開する準備をしています ...
libpaper1:amd64 (1.1.28) を展開しています...
以前に未選択のパッケージ libgs9:amd64 を選択しています。
.../12-libgs9_9.50~dfsg-5ubuntu4.2_amd64.deb を展開する準備をしています ...
libgs9:amd64 (9.50~dfsg-5ubuntu4.2) を展開しています...
以前に未選択のパッケージ ghostscript を選択しています。
.../13-ghostscript_9.50~dfsg-5ubuntu4.2_amd64.deb を展開する準備をしています ...
ghostscript (9.50~dfsg-5ubuntu4.2) を展開しています...
以前に未選択のパッケージ gsfonts を選択しています。
.../14-gsfonts_1%3a8.11+urwcyr1.0.7~pre44-4.4_all.deb を展開する準備をしています ...
gsfonts (1:8.11+urwcyr1.0.7~pre44-4.4) を展開しています...
以前に未選択のパッケージ imagemagick-6.q16 を選択しています。
.../15-imagemagick-6.q16_8%3a6.9.10.23+dfsg-2.1ubuntu11.1_amd64.deb を展開する準備をしています ...
imagemagick-6.q16 (8:6.9.10.23+dfsg-2.1ubuntu11.1) を展開しています...
以前に未選択のパッケージ imagemagick を選択しています。
.../16-imagemagick_8%3a6.9.10.23+dfsg-2.1ubuntu11.1_amd64.deb を展開する準備をしています ...
imagemagick (8:6.9.10.23+dfsg-2.1ubuntu11.1) を展開しています...
以前に未選択のパッケージ libdjvulibre-text を選択しています。
.../17-libdjvulibre-text_3.5.27.1-14build1_all.deb を展開する準備をしています ...
libdjvulibre-text (3.5.27.1-14build1) を展開しています...
以前に未選択のパッケージ libdjvulibre21:amd64 を選択しています。
.../18-libdjvulibre21_3.5.27.1-14build1_amd64.deb を展開する準備をしています ...
libdjvulibre21:amd64 (3.5.27.1-14build1) を展開しています...
以前に未選択のパッケージ libilmbase24:amd64 を選択しています。
.../19-libilmbase24_2.3.0-6build1_amd64.deb を展開する準備をしています ...
libilmbase24:amd64 (2.3.0-6build1) を展開しています...
以前に未選択のパッケージ libopenexr24:amd64 を選択しています。
.../20-libopenexr24_2.3.0-6ubuntu0.2_amd64.deb を展開する準備をしています ...
libopenexr24:amd64 (2.3.0-6ubuntu0.2) を展開しています...
以前に未選択のパッケージ libwmf0.2-7:amd64 を選択しています。
.../21-libwmf0.2-7_0.2.8.4-17ubuntu1_amd64.deb を展開する準備をしています ...
libwmf0.2-7:amd64 (0.2.8.4-17ubuntu1) を展開しています...
以前に未選択のパッケージ libmagickcore-6.q16-6-extra:amd64 を選択しています。
.../22-libmagickcore-6.q16-6-extra_8%3a6.9.10.23+dfsg-2.1ubuntu11.1_amd64.deb を展開する準備をしています ...
libmagickcore-6.q16-6-extra:amd64 (8:6.9.10.23+dfsg-2.1ubuntu11.1) を展開しています...
以前に未選択のパッケージ libnetpbm10 を選択しています。
.../23-libnetpbm10_2%3a10.0-15.3build1_amd64.deb を展開する準備をしています ...
libnetpbm10 (2:10.0-15.3build1) を展開しています...
以前に未選択のパッケージ libpaper-utils を選択しています。
.../24-libpaper-utils_1.1.28_amd64.deb を展開する準備をしています ...
libpaper-utils (1.1.28) を展開しています...
以前に未選択のパッケージ netpbm を選択しています。
.../25-netpbm_2%3a10.0-15.3build1_amd64.deb を展開する準備をしています ...
netpbm (2:10.0-15.3build1) を展開しています...
libpaper1:amd64 (1.1.28) を設定しています ...
debconf: フロントエンドの初期化に失敗しました: Dialog
debconf: (利用可能な dialog 系のプログラムがインストールされていないため、ダイアログ形式のフロントエンドは使用できません。 at /usr/share/perl5/Debconf/FrontEnd/Dialog.pm line 76.)
debconf: フロントエンドをフォールバックします: Readline

Creating config file /etc/papersize with new version
imagemagick-6-common (8:6.9.10.23+dfsg-2.1ubuntu11.1) を設定しています ...
fonts-noto-mono (20200323-1build1~ubuntu20.04.1) を設定しています ...
libwmf0.2-7:amd64 (0.2.8.4-17ubuntu1) を設定しています ...
libijs-0.35:amd64 (0.35-15) を設定しています ...
libpaper-utils (1.1.28) を設定しています ...
libnetpbm10 (2:10.0-15.3build1) を設定しています ...
fonts-urw-base35 (20170801.1-3) を設定しています ...
libilmbase24:amd64 (2.3.0-6build1) を設定しています ...
poppler-data (0.4.9-2) を設定しています ...
libopenexr24:amd64 (2.3.0-6ubuntu0.2) を設定しています ...
libjbig2dec0:amd64 (0.18-1ubuntu1) を設定しています ...
gsfonts (1:8.11+urwcyr1.0.7~pre44-4.4) を設定しています ...
netpbm (2:10.0-15.3build1) を設定しています ...
liblqr-1-0:amd64 (0.4.2-2.1) を設定しています ...
fonts-droid-fallback (1:6.0.1r16-1.1) を設定しています ...
libdjvulibre-text (3.5.27.1-14build1) を設定しています ...
libgs9-common (9.50~dfsg-5ubuntu4.2) を設定しています ...
libgs9:amd64 (9.50~dfsg-5ubuntu4.2) を設定しています ...
libdjvulibre21:amd64 (3.5.27.1-14build1) を設定しています ...
ghostscript (9.50~dfsg-5ubuntu4.2) を設定しています ...
libmagickcore-6.q16-6:amd64 (8:6.9.10.23+dfsg-2.1ubuntu11.1) を設定しています ...
libmagickwand-6.q16-6:amd64 (8:6.9.10.23+dfsg-2.1ubuntu11.1) を設定しています ...
libmagickcore-6.q16-6-extra:amd64 (8:6.9.10.23+dfsg-2.1ubuntu11.1) を設定しています ...
imagemagick-6.q16 (8:6.9.10.23+dfsg-2.1ubuntu11.1) を設定しています ...
update-alternatives: /usr/bin/compare (compare) を提供するために自動モードで /usr/bin/compare-im6.q16 を使います
update-alternatives: 警告: 関連する (リンクグループ compare の) ファイル /usr/share/man/man1/compare-im6.q16.1.gz が存在しないので、/usr/share/man/man1/compare.1.gz の作成をスキップします
update-alternatives: /usr/bin/compare-im6 (compare-im6) を提供するために自動モードで /usr/bin/compare-im6.q16 を使います
update-alternatives: 警告: 関連する (リンクグループ compare-im6 の) ファイル /usr/share/man/man1/compare-im6.q16.1.gz が存在しないので、/usr/share/man/man1/compare-im6.1.gz の作成をスキップします
update-alternatives: /usr/bin/animate (animate) を提供するために自動モードで /usr/bin/animate-im6.q16 を使います
update-alternatives: 警告: 関連する (リンクグループ animate の) ファイル /usr/share/man/man1/animate-im6.q16.1.gz が存在しないので、/usr/share/man/man1/animate.1.gz の作成をスキップします
update-alternatives: /usr/bin/animate-im6 (animate-im6) を提供するために自動モードで /usr/bin/animate-im6.q16 を使います
update-alternatives: 警告: 関連する (リンクグループ animate-im6 の) ファイル /usr/share/man/man1/animate-im6.q16.1.gz が存在しないので、/usr/share/man/man1/animate-im6.1.gz の作成をスキップします
update-alternatives: /usr/bin/convert (convert) を提供するために自動モードで /usr/bin/convert-im6.q16 を使います
update-alternatives: 警告: 関連する (リンクグループ convert の) ファイル /usr/share/man/man1/convert-im6.q16.1.gz が存在しないので、/usr/share/man/man1/convert.1.gz の作成をスキップします
update-alternatives: /usr/bin/convert-im6 (convert-im6) を提供するために自動モードで /usr/bin/convert-im6.q16 を使います
update-alternatives: 警告: 関連する (リンクグループ convert-im6 の) ファイル /usr/share/man/man1/convert-im6.q16.1.gz が存在しないので、/usr/share/man/man1/convert-im6.1.gz の作成をスキップします
update-alternatives: /usr/bin/composite (composite) を提供するために自動モードで /usr/bin/composite-im6.q16 を使います
update-alternatives: 警告: 関連する (リンクグループ composite の) ファイル /usr/share/man/man1/composite-im6.q16.1.gz が存在しないので、/usr/share/man/man1/composite.1.gz の作成をスキップします
update-alternatives: /usr/bin/composite-im6 (composite-im6) を提供するために自動モードで /usr/bin/composite-im6.q16 を使います
update-alternatives: 警告: 関連する (リンクグループ composite-im6 の) ファイル /usr/share/man/man1/composite-im6.q16.1.gz が存在しないので、/usr/share/man/man1/composite-im6.1.gz の作成をスキップします
update-alternatives: /usr/bin/conjure (conjure) を提供するために自動モードで /usr/bin/conjure-im6.q16 を使います
update-alternatives: 警告: 関連する (リンクグループ conjure の) ファイル /usr/share/man/man1/conjure-im6.q16.1.gz が存在しないので、/usr/share/man/man1/conjure.1.gz の作成をスキップします
update-alternatives: /usr/bin/conjure-im6 (conjure-im6) を提供するために自動モードで /usr/bin/conjure-im6.q16 を使います
update-alternatives: 警告: 関連する (リンクグループ conjure-im6 の) ファイル /usr/share/man/man1/conjure-im6.q16.1.gz が存在しないので、/usr/share/man/man1/conjure-im6.1.gz の作成をスキップします
update-alternatives: /usr/bin/import (import) を提供するために自動モードで /usr/bin/import-im6.q16 を使います
update-alternatives: 警告: 関連する (リンクグループ import の) ファイル /usr/share/man/man1/import-im6.q16.1.gz が存在しないので、/usr/share/man/man1/import.1.gz の作成をスキップします
update-alternatives: /usr/bin/import-im6 (import-im6) を提供するために自動モードで /usr/bin/import-im6.q16 を使います
update-alternatives: 警告: 関連する (リンクグループ import-im6 の) ファイル /usr/share/man/man1/import-im6.q16.1.gz が存在しないので、/usr/share/man/man1/import-im6.1.gz の作成をスキップします
update-alternatives: /usr/bin/identify (identify) を提供するために自動モードで /usr/bin/identify-im6.q16 を使います
update-alternatives: 警告: 関連する (リンクグループ identify の) ファイル /usr/share/man/man1/identify-im6.q16.1.gz が存在しないので、/usr/share/man/man1/identify.1.gz の作成をスキップします
update-alternatives: /usr/bin/identify-im6 (identify-im6) を提供するために自動モードで /usr/bin/identify-im6.q16 を使います
update-alternatives: 警告: 関連する (リンクグループ identify-im6 の) ファイル /usr/share/man/man1/identify-im6.q16.1.gz が存在しないので、/usr/share/man/man1/identify-im6.1.gz の作成をスキップします
update-alternatives: /usr/bin/stream (stream) を提供するために自動モードで /usr/bin/stream-im6.q16 を使います
update-alternatives: 警告: 関連する (リンクグループ stream の) ファイル /usr/share/man/man1/stream-im6.q16.1.gz が存在しないので、/usr/share/man/man1/stream.1.gz の作成をスキップします
update-alternatives: /usr/bin/stream-im6 (stream-im6) を提供するために自動モードで /usr/bin/stream-im6.q16 を使います
update-alternatives: 警告: 関連する (リンクグループ stream-im6 の) ファイル /usr/share/man/man1/stream-im6.q16.1.gz が存在しないので、/usr/share/man/man1/stream-im6.1.gz の作成をスキップします
update-alternatives: /usr/bin/display (display) を提供するために自動モードで /usr/bin/display-im6.q16 を使います
update-alternatives: 警告: 関連する (リンクグループ display の) ファイル /usr/share/man/man1/display-im6.q16.1.gz が存在しないので、/usr/share/man/man1/display.1.gz の作成をスキップします
update-alternatives: /usr/bin/display-im6 (display-im6) を提供するために自動モードで /usr/bin/display-im6.q16 を使います
update-alternatives: 警告: 関連する (リンクグループ display-im6 の) ファイル /usr/share/man/man1/display-im6.q16.1.gz が存在しないので、/usr/share/man/man1/display-im6.1.gz の作成をスキップします
update-alternatives: /usr/bin/montage (montage) を提供するために自動モードで /usr/bin/montage-im6.q16 を使います
update-alternatives: 警告: 関連する (リンクグループ montage の) ファイル /usr/share/man/man1/montage-im6.q16.1.gz が存在しないので、/usr/share/man/man1/montage.1.gz の作成をスキップします
update-alternatives: /usr/bin/montage-im6 (montage-im6) を提供するために自動モードで /usr/bin/montage-im6.q16 を使います
update-alternatives: 警告: 関連する (リンクグループ montage-im6 の) ファイル /usr/share/man/man1/montage-im6.q16.1.gz が存在しないので、/usr/share/man/man1/montage-im6.1.gz の作成をスキップします
update-alternatives: /usr/bin/mogrify (mogrify) を提供するために自動モードで /usr/bin/mogrify-im6.q16 を使います
update-alternatives: 警告: 関連する (リンクグループ mogrify の) ファイル /usr/share/man/man1/mogrify-im6.q16.1.gz が存在しないので、/usr/share/man/man1/mogrify.1.gz の作成をスキップします
update-alternatives: /usr/bin/mogrify-im6 (mogrify-im6) を提供するために自動モードで /usr/bin/mogrify-im6.q16 を使います
update-alternatives: 警告: 関連する (リンクグループ mogrify-im6 の) ファイル /usr/share/man/man1/mogrify-im6.q16.1.gz が存在しないので、/usr/share/man/man1/mogrify-im6.1.gz の作成をスキップします
imagemagick (8:6.9.10.23+dfsg-2.1ubuntu11.1) を設定しています ...
mime-support (3.64ubuntu1) のトリガを処理しています ...
hicolor-icon-theme (0.17-2) のトリガを処理しています ...
libc-bin (2.31-0ubuntu9.1) のトリガを処理しています ...
man-db (2.9.1-1) のトリガを処理しています ...
fontconfig (2.13.1-2ubuntu3) のトリガを処理しています ...
bin/ubuntu-packages.sh: 行 117: snap: コマンドが見つかりません
bin/ubuntu-packages.sh: 行 118: snap: コマンドが見つかりません
Finished minimum packages
make[1]: ディレクトリ '/home/basd4g/dotfiles' から出ます
make yarn
make[1]: ディレクトリ '/home/basd4g/dotfiles' に入ります
yarn global add
ERROR: [Errno 2] No such file or directory: 'global'
make[1]: *** [Makefile:30: yarn] エラー 1
make[1]: ディレクトリ '/home/basd4g/dotfiles' から出ます
make: *** [Makefile:5: inits] エラー 2
                                                                                                                                                                                                                                                                                                                                                                                                                                                                                                                                                                                                                                                                                                                                                                                                                                                                                                                                                                                                                                                                                                                                                                                                                                                                                                                                                                                                                                                                                                                                                                                              